Case #1: 0 2 3 1
Case #2: 0 1 2 3 4 5 6 7 8 9 10 11 12 13 14 15 16 17 18 19
Case #3: 0 1 3 5 2 4
Case #4: 0 1 2 3 4 5 6 7 8 9 10 11 12 13 14 15 16 17 18 19
Case #5: 0 4 5 9 1 7 8 3 2 6
Case #6: 1 4 5 6 0 2 3 7 8
Case #7: 7 4 0 1 2 3 5 6
Case #8: 9 4 3 0 2 7 1 6 8 11 5 10
Case #9: 0 1
Case #10: 3 11 0 6 4 7 5 8 9 2 10 1
Case #11: 8 1 9 4 7 5 0 2 3 6
Case #12: 0 1
Case #13: 8 9 2 5 10 0 1 3 6 4 7
Case #14: 1 0
Case #15: 0 1 2 3
Case #16: 0 1 3 5 2 4
Case #17: 0 1 2 3 4 5 6
Case #18: 0 1
Case #19: 0 1 2 3 4 5 6 7
Case #20: 1 0 2
Case #21: 0
Case #22: 0 3 4 6 9 1 2 5 7 8 10
Case #23: 0
Case #24: 0
Case #25: 0
Case #26: 0 1
Case #27: 0 1 2 3 4
Case #28: 3 9 15 14 18 6 5 13 17 1 2 4 8 11 12 16 7 0 10
Case #29: 0
Case #30: 0 2 3 4 1 5
Case #31: 2 0 6 1 5 3 4
Case #32: 3 2 0 1
Case #33: 0 1 2 3 4 5
Case #34: 0 1 2 3 4 5
Case #35: 5 1 2 6 8 9 0 3 4 7
Case #36: 7 0 1 2 5 3 4 6
Case #37: 0
Case #38: 1 4 10 9 2 3 0 8 5 6 7
Case #39: 1 0 2
Case #40: 1 2 0
Case #41: 7 2 1 0 3 8 9 15 6 11 12 13 14 16 17 10 4 5 18
Case #42: 2 7 9 11 0 1 4 6 8 10 3 5
Case #43: 0 2 3 5 4 1
Case #44: 2 0 1
Case #45: 0 2 8 11 1 4 9 7 3 5 10 6
Case #46: 0 1
Case #47: 0
Case #48: 0
Case #49: 3 4 2 0 1
Case #50: 0 1 2
Case #51: 0 1 2 3 4 5 6 7 8 9 10 11 12 13 14 15 16 17 18 19
Case #52: 5 0 3 1 6 2 4
Case #53: 0 1 2 3 4
Case #54: 6 1 3 4 5 0 2
Case #55: 0
Case #56: 0 1 2
Case #57: 0 2 3 1
Case #58: 0 1 2 3 4
Case #59: 0
Case #60: 1 0
Case #61: 0 1 4 2 3
Case #62: 3 1 2 0 4 5 6
Case #63: 0 2 1
Case #64: 0 1 2 3 4 5 6
Case #65: 0
Case #66: 0
Case #67: 0 1 2
Case #68: 7 0 3 1 4 5 6 8 2
Case #69: 0 1 2
Case #70: 3 4 2 1 6 5 0 7
Case #71: 0 1 2 4 12 14 3 5 6 7 8 9 10 11 13 15
Case #72: 0 3 8 9 1 2 5 10 4 6 7
Case #73: 0 2 1
Case #74: 0 1
Case #75: 2 0 1
Case #76: 4 5 6 0 2 7 1 3
Case #77: 4 9 13 0 3 6 14 12 8 1 2 5 7 10 11
Case #78: 0
Case #79: 6 0 1 2 3 4 5
Case #80: 3 0 4 10 2 11 7 5 8 6 1 9
Case #81: 0 1
Case #82: 13 18 6 0 12 2 17 8 19 15 9 16 1 3 5 11 7 10 4 14
Case #83: 0 1
Case #84: 9 2 5 6 4 7 0 1 3 8
Case #85: 0 1
Case #86: 0 5 4 1 6 2 7 3 8
Case #87: 12 7 9 2 8 1 6 5 4 11 10 3 0
Case #88: 0 1 2
Case #89: 0 1 2
Case #90: 0 1 2 3 4 5 6
Case #91: 0 1 2 3 4 5 6 7 8 9 10 11 12 13
Case #92: 0
Case #93: 0 1 2 3 4 5 6 7 8 9 10 11 12 13 14 15 16 17 18 19
Case #94: 1 0
Case #95: 6 0 1 5 2 3 4 7
Case #96: 0 1
Case #97: 0 4 7 10 5 9 2 3 6 1 8
Case #98: 0 1 2
Case #99: 7 8 1 0 2 3 4 9 10 6 5
Case #100: 0
