Case #1: NO
Case #2: NO
Case #3: NO
Case #4: NO
Case #5: YES
Case #6: YES
Case #7: NO
Case #8: NO
Case #9: NO
Case #10: YES
Case #11: YES
Case #12: NO
Case #13: NO
Case #14: YES
Case #15: YES
Case #16: YES
Case #17: NO
Case #18: NO
Case #19: YES
Case #20: NO
Case #21: NO
Case #22: NO
Case #23: NO
Case #24: NO
Case #25: NO
Case #26: NO
Case #27: YES
Case #28: YES
Case #29: NO
Case #30: NO
Case #31: YES
Case #32: NO
Case #33: NO
Case #34: NO
Case #35: NO
Case #36: YES
Case #37: NO
Case #38: NO
Case #39: NO
Case #40: YES
Case #41: YES
Case #42: NO
Case #43: NO
Case #44: NO
Case #45: YES
Case #46: NO
Case #47: NO
Case #48: NO
Case #49: NO
Case #50: NO
Case #51: NO
Case #52: YES
Case #53: YES
Case #54: NO
Case #55: YES
Case #56: YES
Case #57: YES
Case #58: NO
Case #59: YES
Case #60: YES
Case #61: NO
Case #62: YES
Case #63: YES
Case #64: YES
Case #65: YES
Case #66: NO
Case #67: NO
Case #68: NO
Case #69: NO
Case #70: NO
Case #71: NO
Case #72: NO
Case #73: NO
Case #74: NO
Case #75: NO
Case #76: NO
Case #77: NO
Case #78: YES
Case #79: NO
Case #80: NO
Case #81: NO
Case #82: NO
Case #83: NO
Case #84: YES
Case #85: YES
Case #86: YES
Case #87: YES
Case #88: NO
Case #89: NO
Case #90: NO
Case #91: YES
Case #92: NO
Case #93: NO
Case #94: YES
Case #95: NO
Case #96: YES
Case #97: NO
Case #98: YES
Case #99: NO
Case #100: NO
