Case #1: 11
Case #2: 3
Case #3: 2
Case #4: 3
Case #5: 2
Case #6: 3
Case #7: 2
Case #8: 5
Case #9: 2
Case #10: 3
Case #11: 1
Case #12: 1
Case #13: 1
Case #14: 1
Case #15: 1
Case #16: 22
Case #17: 1
Case #18: 1
Case #19: 1
Case #20: 1
Case #21: 3
Case #22: 2
Case #23: 3
Case #24: 3
Case #25: 9
Case #26: 8
Case #27: 9
Case #28: 9
Case #29: 1
Case #30: 1
Case #31: 3
Case #32: 2
Case #33: 3
Case #34: 3
Case #35: 2
Case #36: 1
Case #37: 2
Case #38: 2
Case #39: 5
Case #40: 4
Case #41: 5
Case #42: 5
Case #43: 10
Case #44: 9
Case #45: 10
Case #46: 10
Case #47: 4
Case #48: 3
Case #49: 4
Case #50: 4
Case #51: 1
Case #52: 1
Case #53: 2
Case #54: 1
Case #55: 2
Case #56: 2
Case #57: 6
Case #58: 5
Case #59: 6
Case #60: 6
Case #61: 1
Case #62: 1
Case #63: 3
Case #64: 2
Case #65: 3
Case #66: 3
Case #67: 1
Case #68: 1
Case #69: 3
Case #70: 2
Case #71: 3
Case #72: 3
Case #73: 10
Case #74: 9
Case #75: 10
Case #76: 10
Case #77: 3
Case #78: 2
Case #79: 3
Case #80: 3
Case #81: 2
Case #82: 1
Case #83: 2
Case #84: 2
Case #85: 3
Case #86: 2
Case #87: 3
Case #88: 3
Case #89: 1
Case #90: 1
Case #91: 1
Case #92: 1
Case #93: 13
Case #94: 12
Case #95: 13
Case #96: 13
Case #97: 1
Case #98: 1
Case #99: 1
Case #100: 1
Case #101: 1
Case #102: 1
Case #103: 1
Case #104: 1
Case #105: 1
Case #106: 1
Case #107: 2
Case #108: 1
Case #109: 2
Case #110: 2
Case #111: 6
Case #112: 5
Case #113: 6
Case #114: 6
Case #115: 3
Case #116: 2
Case #117: 3
Case #118: 3
Case #119: 1
Case #120: 1
Case #121: 1
Case #122: 1
Case #123: 1
Case #124: 1
Case #125: 1
Case #126: 1
Case #127: 2
Case #128: 1
Case #129: 2
Case #130: 2
Case #131: 1
Case #132: 1
Case #133: 1
Case #134: 1
Case #135: 1
Case #136: 1
Case #137: 1
Case #138: 1
Case #139: 1
Case #140: 1
Case #141: 1
Case #142: 1
Case #143: 1
Case #144: 1
Case #145: 1
Case #146: 12
Case #147: 11
Case #148: 12
Case #149: 12
Case #150: 4
Case #151: 3
Case #152: 4
Case #153: 4
Case #154: 3
Case #155: 2
Case #156: 3
Case #157: 3
Case #158: 1
Case #159: 1
Case #160: 2
Case #161: 1
Case #162: 2
Case #163: 2
Case #164: 5
Case #165: 4
Case #166: 5
Case #167: 5
Case #168: 3
Case #169: 2
Case #170: 3
Case #171: 3
Case #172: 6
Case #173: 2
Case #174: 1
Case #175: 2
Case #176: 2
Case #177: 1
Case #178: 1
Case #179: 5
Case #180: 4
Case #181: 5
Case #182: 5
Case #183: 1
Case #184: 1
Case #185: 1
Case #186: 1
Case #187: 1
Case #188: 1
Case #189: 16
Case #190: 15
Case #191: 16
Case #192: 16
Case #193: 8
Case #194: 7
Case #195: 8
Case #196: 8
Case #197: 10
Case #198: 9
Case #199: 10
Case #200: 10
Case #201: 3
Case #202: 2
Case #203: 3
Case #204: 3
Case #205: 1
Case #206: 1
Case #207: 13
Case #208: 12
Case #209: 13
Case #210: 13
Case #211: 2
Case #212: 1
Case #213: 2
Case #214: 2
Case #215: 6
Case #216: 5
Case #217: 6
Case #218: 6
Case #219: 1
Case #220: 1
Case #221: 4
Case #222: 3
Case #223: 4
Case #224: 4
Case #225: 1
Case #226: 1
Case #227: 2
Case #228: 1
Case #229: 2
Case #230: 2
Case #231: 3
Case #232: 2
Case #233: 3
Case #234: 3
Case #235: 1
Case #236: 1
Case #237: 5
Case #238: 4
Case #239: 5
Case #240: 5
Case #241: 8
Case #242: 7
Case #243: 8
Case #244: 8
Case #245: 3
Case #246: 2
Case #247: 3
Case #248: 3
Case #249: 5
Case #250: 4
Case #251: 5
Case #252: 5
Case #253: 2
Case #254: 1
Case #255: 2
Case #256: 2
Case #257: 1
Case #258: 1
Case #259: 4
Case #260: 3
Case #261: 4
Case #262: 4
Case #263: 1
Case #264: 1
Case #265: 5
Case #266: 4
Case #267: 5
Case #268: 5
Case #269: 1
Case #270: 1
Case #271: 5
Case #272: 4
Case #273: 5
Case #274: 5
Case #275: 1
Case #276: 1
Case #277: 10
Case #278: 9
Case #279: 10
Case #280: 10
Case #281: 1
Case #282: 1
Case #283: 1
Case #284: 1
Case #285: 12
Case #286: 11
Case #287: 12
Case #288: 12
Case #289: 2
Case #290: 1
Case #291: 2
Case #292: 2
Case #293: 2
Case #294: 1
Case #295: 2
Case #296: 2
Case #297: 1
Case #298: 1
Case #299: 2
Case #300: 1
Case #301: 2
Case #302: 2
Case #303: 4
Case #304: 3
Case #305: 4
Case #306: 4
Case #307: 7
Case #308: 6
Case #309: 7
Case #310: 7
Case #311: 4
Case #312: 3
Case #313: 4
Case #314: 4
Case #315: 3
Case #316: 2
Case #317: 3
Case #318: 3
Case #319: 2
Case #320: 1
Case #321: 2
Case #322: 2
Case #323: 1
Case #324: 1
Case #325: 1
Case #326: 1
Case #327: 1
Case #328: 1
Case #329: 1
Case #330: 1
Case #331: 1
Case #332: 8
Case #333: 9
Case #334: 9
Case #335: 1
Case #336: 1
Case #337: 1
Case #338: 2
Case #339: 2
Case #340: 7
Case #341: 8
Case #342: 8
Case #343: 4
Case #344: 5
Case #345: 5
Case #346: 1
Case #347: 10
Case #348: 11
Case #349: 11
Case #350: 1
Case #351: 3
Case #352: 4
Case #353: 4
Case #354: 1
Case #355: 1
Case #356: 1
Case #357: 2
Case #358: 2
Case #359: 1
Case #360: 1
Case #361: 2
Case #362: 3
Case #363: 3
Case #364: 1
Case #365: 2
Case #366: 2
Case #367: 1
Case #368: 1
Case #369: 4
Case #370: 5
Case #371: 5
Case #372: 3
Case #373: 4
Case #374: 4
Case #375: 1
Case #376: 1
Case #377: 5
Case #378: 6
Case #379: 6
Case #380: 6
Case #381: 7
Case #382: 7
Case #383: 4
Case #384: 5
Case #385: 5
Case #386: 1
Case #387: 1
Case #388: 2
Case #389: 3
Case #390: 3
Case #391: 1
Case #392: 2
Case #393: 3
Case #394: 3
Case #395: 1
Case #396: 2
Case #397: 2
Case #398: 1
Case #399: 1
Case #400: 1
Case #401: 1
Case #402: 1
Case #403: 1
Case #404: 1
Case #405: 1
Case #406: 2
Case #407: 3
Case #408: 3
Case #409: 2
Case #410: 3
Case #411: 3
Case #412: 3
Case #413: 4
Case #414: 4
Case #415: 1
Case #416: 1
Case #417: 2
Case #418: 3
Case #419: 3
Case #420: 1
Case #421: 1
Case #422: 1
Case #423: 5
Case #424: 6
Case #425: 6
Case #426: 3
Case #427: 4
Case #428: 4
Case #429: 1
Case #430: 1
Case #431: 2
Case #432: 2
Case #433: 1
Case #434: 1
Case #435: 2
Case #436: 2
Case #437: 16
Case #438: 17
Case #439: 17
Case #440: 1
Case #441: 1
Case #442: 4
Case #443: 5
Case #444: 5
Case #445: 1
Case #446: 6
Case #447: 7
Case #448: 7
Case #449: 1
Case #450: 2
Case #451: 3
Case #452: 3
Case #453: 1
Case #454: 3
Case #455: 4
Case #456: 4
Case #457: 4
Case #458: 5
Case #459: 5
Case #460: 1
Case #461: 1
Case #462: 1
Case #463: 1
Case #464: 2
Case #465: 2
Case #466: 1
Case #467: 1
Case #468: 1
Case #469: 3
Case #470: 4
Case #471: 4
Case #472: 2
Case #473: 3
Case #474: 3
Case #475: 1
Case #476: 1
Case #477: 6
Case #478: 7
Case #479: 7
Case #480: 10
Case #481: 11
Case #482: 11
Case #483: 1
Case #484: 1
Case #485: 1
Case #486: 2
Case #487: 2
Case #488: 1
Case #489: 1
Case #490: 1
Case #491: 1
Case #492: 2
Case #493: 2
Case #494: 1
Case #495: 1
Case #496: 1
Case #497: 1
Case #498: 1
Case #499: 1
Case #500: 1
Case #501: 18
Case #502: 19
Case #503: 19
Case #504: 6
Case #505: 7
Case #506: 7
Case #507: 1
Case #508: 1
Case #509: 1
Case #510: 2
Case #511: 2
Case #512: 1
Case #513: 1
Case #514: 1
Case #515: 2
Case #516: 3
Case #517: 3
Case #518: 1
Case #519: 1
Case #520: 1
Case #521: 1
Case #522: 5
Case #523: 6
Case #524: 6
Case #525: 1
Case #526: 1
Case #527: 1
Case #528: 2
Case #529: 2
Case #530: 2
Case #531: 1
Case #532: 1
Case #533: 1
Case #534: 5
Case #535: 3
Case #536: 1
Case #537: 1
Case #538: 1
Case #539: 1
Case #540: 1
Case #541: 3
Case #542: 3
Case #543: 2
Case #544: 1
Case #545: 2
Case #546: 3
Case #547: 2
Case #548: 2
Case #549: 1
Case #550: 2
Case #551: 1
Case #552: 1
Case #553: 2
Case #554: 2
Case #555: 10
Case #556: 11
Case #557: 2
Case #558: 2
Case #559: 1
Case #560: 2
Case #561: 1
Case #562: 12
Case #563: 6
Case #564: 3
Case #565: 6
Case #566: 3
Case #567: 1
Case #568: 1
Case #569: 3
Case #570: 4
Case #571: 1
Case #572: 1
Case #573: 1
Case #574: 1
Case #575: 2
Case #576: 1
Case #577: 1
Case #578: 2
Case #579: 5
Case #580: 2
Case #581: 1
Case #582: 1
Case #583: 4
Case #584: 2
Case #585: 1
Case #586: 1
Case #587: 1
Case #588: 7
Case #589: 3
Case #590: 3
Case #591: 1
Case #592: 6
Case #593: 1
Case #594: 1
Case #595: 1
Case #596: 2
Case #597: 2
Case #598: 1
Case #599: 2
Case #600: 1
Case #601: 1
Case #602: 5
Case #603: 2
Case #604: 3
Case #605: 3
Case #606: 2
Case #607: 1
Case #608: 1
Case #609: 2
Case #610: 1
Case #611: 1
Case #612: 1
Case #613: 5
Case #614: 4
Case #615: 2
Case #616: 1
Case #617: 2
Case #618: 2
Case #619: 4
Case #620: 5
Case #621: 4
Case #622: 12
Case #623: 1
Case #624: 1
Case #625: 3
Case #626: 3
Case #627: 1
Case #628: 11
Case #629: 8
Case #630: 8
Case #631: 2
Case #632: 4
Case #633: 2
Case #634: 1
Case #635: 1
Case #636: 2
Case #637: 1
Case #638: 2
Case #639: 4
Case #640: 2
Case #641: 1
Case #642: 5
Case #643: 6
Case #644: 2
Case #645: 1
Case #646: 3
Case #647: 2
Case #648: 2
Case #649: 4
Case #650: 1
Case #651: 2
Case #652: 1
Case #653: 8
Case #654: 7
Case #655: 1
Case #656: 1
Case #657: 1
Case #658: 6
Case #659: 2
Case #660: 1
Case #661: 1
Case #662: 1
Case #663: 1
Case #664: 1
Case #665: 1
Case #666: 1
Case #667: 1
Case #668: 6
Case #669: 1
Case #670: 7
Case #671: 1
Case #672: 6
Case #673: 3
Case #674: 1
Case #675: 1
Case #676: 6
Case #677: 7
Case #678: 2
Case #679: 2
Case #680: 3
Case #681: 1
Case #682: 4
Case #683: 4
Case #684: 1
Case #685: 1
Case #686: 1
Case #687: 10
Case #688: 2
Case #689: 1
Case #690: 1
Case #691: 4
Case #692: 1
Case #693: 1
Case #694: 1
Case #695: 4
Case #696: 1
Case #697: 1
Case #698: 1
Case #699: 3
Case #700: 1
Case #701: 2
Case #702: 1
Case #703: 5
Case #704: 1
Case #705: 1
Case #706: 3
Case #707: 2
Case #708: 1
Case #709: 3
Case #710: 1
Case #711: 2
Case #712: 17
Case #713: 2
Case #714: 1
Case #715: 1
Case #716: 3
Case #717: 1
Case #718: 4
Case #719: 1
Case #720: 2
Case #721: 3
Case #722: 11
Case #723: 10
Case #724: 9
Case #725: 15
Case #726: 1
Case #727: 3
Case #728: 1
Case #729: 8
Case #730: 4
Case #731: 4
Case #732: 1
Case #733: 2
Case #734: 2
Case #735: 1
Case #736: 1
Case #737: 2
Case #738: 1
Case #739: 3
Case #740: 9
Case #741: 1
Case #742: 7
Case #743: 2
Case #744: 8
Case #745: 1
Case #746: 1
Case #747: 1
Case #748: 3
Case #749: 2
Case #750: 1
Case #751: 3
Case #752: 4
Case #753: 6
Case #754: 1
Case #755: 17
Case #756: 8
Case #757: 2
Case #758: 1
Case #759: 1
Case #760: 3
Case #761: 4
Case #762: 1
Case #763: 2
Case #764: 2
Case #765: 1
Case #766: 1
Case #767: 1
Case #768: 3
Case #769: 1
Case #770: 2
Case #771: 1
Case #772: 1
Case #773: 1
Case #774: 1
Case #775: 1
Case #776: 1
Case #777: 1
Case #778: 1
Case #779: 18
Case #780: 1
Case #781: 2
Case #782: 1
Case #783: 1
Case #784: 2
Case #785: 1
Case #786: 7
Case #787: 10
Case #788: 2
Case #789: 2
Case #790: 10
Case #791: 3
Case #792: 1
Case #793: 1
Case #794: 1
Case #795: 3
Case #796: 2
Case #797: 1
Case #798: 2
Case #799: 1
Case #800: 1
Case #801: 1
Case #802: 5
Case #803: 1
Case #804: 3
Case #805: 1
Case #806: 1
Case #807: 1
Case #808: 2
Case #809: 3
Case #810: 2
Case #811: 3
Case #812: 1
Case #813: 2
Case #814: 1
Case #815: 1
Case #816: 9
Case #817: 3
Case #818: 2
Case #819: 1
Case #820: 2
Case #821: 14
Case #822: 1
Case #823: 1
Case #824: 1
Case #825: 3
Case #826: 2
Case #827: 6
Case #828: 3
Case #829: 11
Case #830: 1
Case #831: 3
Case #832: 1
Case #833: 1
Case #834: 1
Case #835: 4
Case #836: 3
Case #837: 1
Case #838: 1
Case #839: 1
Case #840: 6
Case #841: 1
Case #842: 1
Case #843: 1
Case #844: 1
Case #845: 1
Case #846: 2
Case #847: 4
Case #848: 1
Case #849: 3
Case #850: 8
Case #851: 18
Case #852: 2
Case #853: 1
Case #854: 1
Case #855: 5
Case #856: 2
Case #857: 2
Case #858: 4
Case #859: 16
Case #860: 1
Case #861: 1
Case #862: 5
Case #863: 1
Case #864: 2
Case #865: 1
Case #866: 1
Case #867: 3
Case #868: 1
Case #869: 4
Case #870: 1
Case #871: 2
Case #872: 3
Case #873: 3
Case #874: 7
Case #875: 1
Case #876: 2
Case #877: 5
Case #878: 1
Case #879: 5
Case #880: 1
Case #881: 2
Case #882: 2
Case #883: 1
Case #884: 11
Case #885: 1
Case #886: 6
Case #887: 9
Case #888: 1
Case #889: 6
Case #890: 1
Case #891: 1
Case #892: 1
Case #893: 1
Case #894: 1
Case #895: 1
Case #896: 1
Case #897: 2
Case #898: 1
Case #899: 5
Case #900: 3
Case #901: 3
Case #902: 1
Case #903: 1
Case #904: 1
Case #905: 3
Case #906: 2
Case #907: 1
Case #908: 2
Case #909: 1
Case #910: 6
Case #911: 1
Case #912: 2
Case #913: 1
Case #914: 7
Case #915: 1
Case #916: 1
Case #917: 1
Case #918: 17
Case #919: 4
Case #920: 11
Case #921: 1
Case #922: 2
Case #923: 1
Case #924: 1
Case #925: 4
Case #926: 1
Case #927: 1
Case #928: 1
Case #929: 2
Case #930: 4
Case #931: 1
Case #932: 1
Case #933: 4
Case #934: 18
Case #935: 3
Case #936: 2
Case #937: 19
Case #938: 1
Case #939: 1
Case #940: 2
Case #941: 1
Case #942: 1
Case #943: 1
Case #944: 6
Case #945: 1
Case #946: 1
Case #947: 1
Case #948: 1
Case #949: 7
Case #950: 3
Case #951: 1
Case #952: 1
Case #953: 1
Case #954: 1
Case #955: 1
Case #956: 1
Case #957: 4
Case #958: 3
Case #959: 1
Case #960: 2
Case #961: 4
Case #962: 3
Case #963: 1
Case #964: 1
Case #965: 14
Case #966: 1
Case #967: 3
Case #968: 15
Case #969: 1
Case #970: 1
Case #971: 1
Case #972: 5
Case #973: 1
Case #974: 1
Case #975: 1
Case #976: 3
Case #977: 1
Case #978: 2
Case #979: 3
Case #980: 1
Case #981: 1
Case #982: 5
Case #983: 5
Case #984: 13
Case #985: 1
Case #986: 2
Case #987: 6
Case #988: 1
Case #989: 1
Case #990: 1
Case #991: 2
Case #992: 4
Case #993: 4
Case #994: 1
Case #995: 6
Case #996: 16
Case #997: 1
Case #998: 2
Case #999: 3
Case #1000: 1
