Case #1: 3
Case #2: 4
Case #3: 5
Case #4: 6
Case #5: 2
Case #6: 3
Case #7: 2
Case #8: 2
Case #9: 2
Case #10: 7
Case #11: 1
Case #12: 1
Case #13: 1
Case #14: 1
Case #15: 1
Case #16: 22
Case #17: 2
Case #18: 1
Case #19: 2
Case #20: 2
Case #21: 1
Case #22: 1
Case #23: 1
Case #24: 1
Case #25: 1
Case #26: 1
Case #27: 13
Case #28: 12
Case #29: 13
Case #30: 13
Case #31: 1
Case #32: 1
Case #33: 2
Case #34: 1
Case #35: 2
Case #36: 2
Case #37: 1
Case #38: 1
Case #39: 1
Case #40: 1
Case #41: 1
Case #42: 1
Case #43: 1
Case #44: 1
Case #45: 2
Case #46: 1
Case #47: 2
Case #48: 2
Case #49: 1
Case #50: 1
Case #51: 2
Case #52: 1
Case #53: 2
Case #54: 2
Case #55: 1
Case #56: 1
Case #57: 1
Case #58: 1
Case #59: 2
Case #60: 1
Case #61: 2
Case #62: 2
Case #63: 7
Case #64: 6
Case #65: 7
Case #66: 7
Case #67: 1
Case #68: 1
Case #69: 1
Case #70: 1
Case #71: 1
Case #72: 1
Case #73: 1
Case #74: 1
Case #75: 1
Case #76: 1
Case #77: 2
Case #78: 1
Case #79: 2
Case #80: 2
Case #81: 3
Case #82: 2
Case #83: 3
Case #84: 3
Case #85: 3
Case #86: 2
Case #87: 3
Case #88: 3
Case #89: 1
Case #90: 1
Case #91: 1
Case #92: 1
Case #93: 1
Case #94: 1
Case #95: 1
Case #96: 1
Case #97: 4
Case #98: 3
Case #99: 4
Case #100: 4
Case #101: 1
Case #102: 1
Case #103: 1
Case #104: 1
Case #105: 1
Case #106: 1
Case #107: 2
Case #108: 1
Case #109: 2
Case #110: 2
Case #111: 1
Case #112: 1
Case #113: 1
Case #114: 1
Case #115: 1
Case #116: 1
Case #117: 6
Case #118: 5
Case #119: 6
Case #120: 6
Case #121: 1
Case #122: 1
Case #123: 1
Case #124: 1
Case #125: 1
Case #126: 1
Case #127: 1
Case #128: 1
Case #129: 2
Case #130: 1
Case #131: 2
Case #132: 2
Case #133: 1
Case #134: 1
Case #135: 8
Case #136: 7
Case #137: 8
Case #138: 8
Case #139: 1
Case #140: 1
Case #141: 1
Case #142: 1
Case #143: 1
Case #144: 1
Case #145: 2
Case #146: 1
Case #147: 2
Case #148: 2
Case #149: 1
Case #150: 1
Case #151: 2
Case #152: 1
Case #153: 2
Case #154: 2
Case #155: 7
Case #156: 6
Case #157: 7
Case #158: 7
Case #159: 2
Case #160: 1
Case #161: 2
Case #162: 2
Case #163: 1
Case #164: 1
Case #165: 2
Case #166: 1
Case #167: 2
Case #168: 2
Case #169: 1
Case #170: 1
Case #171: 4
Case #172: 3
Case #173: 4
Case #174: 4
Case #175: 4
Case #176: 3
Case #177: 4
Case #178: 4
Case #179: 2
Case #180: 1
Case #181: 2
Case #182: 2
Case #183: 1
Case #184: 1
Case #185: 2
Case #186: 1
Case #187: 2
Case #188: 2
Case #189: 2
Case #190: 1
Case #191: 2
Case #192: 2
Case #193: 2
Case #194: 1
Case #195: 2
Case #196: 2
Case #197: 4
Case #198: 3
Case #199: 4
Case #200: 4
Case #201: 2
Case #202: 1
Case #203: 2
Case #204: 2
Case #205: 1
Case #206: 1
Case #207: 2
Case #208: 1
Case #209: 2
Case #210: 2
Case #211: 3
Case #212: 2
Case #213: 3
Case #214: 3
Case #215: 5
Case #216: 4
Case #217: 5
Case #218: 5
Case #219: 2
Case #220: 1
Case #221: 2
Case #222: 2
Case #223: 1
Case #224: 1
Case #225: 13
Case #226: 12
Case #227: 13
Case #228: 13
Case #229: 6
Case #230: 5
Case #231: 6
Case #232: 6
Case #233: 16
Case #234: 15
Case #235: 16
Case #236: 16
Case #237: 2
Case #238: 1
Case #239: 2
Case #240: 2
Case #241: 2
Case #242: 1
Case #243: 2
Case #244: 2
Case #245: 9
Case #246: 8
Case #247: 9
Case #248: 9
Case #249: 2
Case #250: 1
Case #251: 2
Case #252: 2
Case #253: 1
Case #254: 1
Case #255: 1
Case #256: 1
Case #257: 9
Case #258: 8
Case #259: 9
Case #260: 9
Case #261: 1
Case #262: 1
Case #263: 2
Case #264: 1
Case #265: 2
Case #266: 2
Case #267: 2
Case #268: 1
Case #269: 2
Case #270: 2
Case #271: 1
Case #272: 1
Case #273: 14
Case #274: 13
Case #275: 14
Case #276: 14
Case #277: 1
Case #278: 1
Case #279: 3
Case #280: 2
Case #281: 3
Case #282: 3
Case #283: 2
Case #284: 1
Case #285: 2
Case #286: 2
Case #287: 1
Case #288: 1
Case #289: 1
Case #290: 1
Case #291: 3
Case #292: 2
Case #293: 3
Case #294: 3
Case #295: 1
Case #296: 1
Case #297: 3
Case #298: 2
Case #299: 3
Case #300: 3
Case #301: 1
Case #302: 1
Case #303: 1
Case #304: 1
Case #305: 2
Case #306: 1
Case #307: 2
Case #308: 2
Case #309: 5
Case #310: 4
Case #311: 5
Case #312: 5
Case #313: 2
Case #314: 1
Case #315: 2
Case #316: 2
Case #317: 1
Case #318: 14
Case #319: 15
Case #320: 15
Case #321: 1
Case #322: 2
Case #323: 3
Case #324: 3
Case #325: 1
Case #326: 1
Case #327: 1
Case #328: 6
Case #329: 7
Case #330: 7
Case #331: 1
Case #332: 1
Case #333: 2
Case #334: 2
Case #335: 1
Case #336: 2
Case #337: 2
Case #338: 6
Case #339: 7
Case #340: 7
Case #341: 1
Case #342: 13
Case #343: 14
Case #344: 14
Case #345: 1
Case #346: 2
Case #347: 2
Case #348: 4
Case #349: 5
Case #350: 5
Case #351: 1
Case #352: 1
Case #353: 3
Case #354: 4
Case #355: 4
Case #356: 3
Case #357: 4
Case #358: 4
Case #359: 1
Case #360: 2
Case #361: 2
Case #362: 18
Case #363: 19
Case #364: 19
Case #365: 1
Case #366: 1
Case #367: 2
Case #368: 2
Case #369: 1
Case #370: 1
Case #371: 1
Case #372: 7
Case #373: 8
Case #374: 8
Case #375: 1
Case #376: 2
Case #377: 2
Case #378: 1
Case #379: 1
Case #380: 1
Case #381: 1
Case #382: 1
Case #383: 1
Case #384: 1
Case #385: 1
Case #386: 1
Case #387: 1
Case #388: 1
Case #389: 2
Case #390: 2
Case #391: 1
Case #392: 1
Case #393: 2
Case #394: 3
Case #395: 3
Case #396: 1
Case #397: 1
Case #398: 4
Case #399: 5
Case #400: 5
Case #401: 1
Case #402: 2
Case #403: 2
Case #404: 1
Case #405: 2
Case #406: 2
Case #407: 4
Case #408: 5
Case #409: 5
Case #410: 1
Case #411: 3
Case #412: 4
Case #413: 4
Case #414: 3
Case #415: 4
Case #416: 4
Case #417: 4
Case #418: 5
Case #419: 5
Case #420: 11
Case #421: 12
Case #422: 12
Case #423: 1
Case #424: 2
Case #425: 3
Case #426: 3
Case #427: 11
Case #428: 12
Case #429: 12
Case #430: 2
Case #431: 3
Case #432: 3
Case #433: 8
Case #434: 9
Case #435: 9
Case #436: 2
Case #437: 3
Case #438: 3
Case #439: 1
Case #440: 2
Case #441: 3
Case #442: 3
Case #443: 1
Case #444: 1
Case #445: 5
Case #446: 6
Case #447: 6
Case #448: 3
Case #449: 4
Case #450: 4
Case #451: 3
Case #452: 4
Case #453: 4
Case #454: 5
Case #455: 6
Case #456: 6
Case #457: 1
Case #458: 4
Case #459: 5
Case #460: 5
Case #461: 1
Case #462: 1
Case #463: 7
Case #464: 8
Case #465: 8
Case #466: 4
Case #467: 5
Case #468: 5
Case #469: 9
Case #470: 10
Case #471: 10
Case #472: 1
Case #473: 1
Case #474: 1
Case #475: 1
Case #476: 1
Case #477: 1
Case #478: 1
Case #479: 1
Case #480: 1
Case #481: 1
Case #482: 3
Case #483: 4
Case #484: 4
Case #485: 1
Case #486: 3
Case #487: 4
Case #488: 4
Case #489: 1
Case #490: 1
Case #491: 1
Case #492: 1
Case #493: 8
Case #494: 9
Case #495: 9
Case #496: 1
Case #497: 1
Case #498: 2
Case #499: 2
Case #500: 1
Case #501: 2
Case #502: 2
Case #503: 1
Case #504: 1
Case #505: 2
Case #506: 2
Case #507: 1
Case #508: 9
Case #509: 10
Case #510: 10
Case #511: 1
Case #512: 1
Case #513: 1
Case #514: 2
Case #515: 2
Case #516: 1
Case #517: 1
Case #518: 1
Case #519: 1
Case #520: 1
Case #521: 17
Case #522: 18
Case #523: 18
Case #524: 3
Case #525: 4
Case #526: 4
Case #527: 1
Case #528: 2
Case #529: 1
Case #530: 1
Case #531: 2
Case #532: 2
Case #533: 3
Case #534: 1
Case #535: 1
Case #536: 1
Case #537: 1
Case #538: 1
Case #539: 1
Case #540: 2
Case #541: 10
Case #542: 4
Case #543: 1
Case #544: 2
Case #545: 2
Case #546: 1
Case #547: 1
Case #548: 2
Case #549: 11
Case #550: 1
Case #551: 1
Case #552: 1
Case #553: 1
Case #554: 2
Case #555: 10
Case #556: 6
Case #557: 1
Case #558: 11
Case #559: 4
Case #560: 1
Case #561: 4
Case #562: 1
Case #563: 3
Case #564: 1
Case #565: 1
Case #566: 1
Case #567: 1
Case #568: 11
Case #569: 18
Case #570: 12
Case #571: 5
Case #572: 16
Case #573: 1
Case #574: 3
Case #575: 3
Case #576: 1
Case #577: 2
Case #578: 1
Case #579: 1
Case #580: 1
Case #581: 5
Case #582: 1
Case #583: 2
Case #584: 1
Case #585: 1
Case #586: 1
Case #587: 14
Case #588: 1
Case #589: 1
Case #590: 4
Case #591: 1
Case #592: 5
Case #593: 1
Case #594: 1
Case #595: 1
Case #596: 3
Case #597: 18
Case #598: 4
Case #599: 1
Case #600: 1
Case #601: 1
Case #602: 10
Case #603: 1
Case #604: 1
Case #605: 15
Case #606: 2
Case #607: 1
Case #608: 1
Case #609: 2
Case #610: 2
Case #611: 1
Case #612: 1
Case #613: 1
Case #614: 13
Case #615: 6
Case #616: 1
Case #617: 5
Case #618: 1
Case #619: 10
Case #620: 12
Case #621: 5
Case #622: 1
Case #623: 1
Case #624: 2
Case #625: 3
Case #626: 1
Case #627: 1
Case #628: 1
Case #629: 3
Case #630: 2
Case #631: 7
Case #632: 1
Case #633: 1
Case #634: 1
Case #635: 8
Case #636: 7
Case #637: 1
Case #638: 8
Case #639: 2
Case #640: 1
Case #641: 2
Case #642: 1
Case #643: 1
Case #644: 1
Case #645: 1
Case #646: 2
Case #647: 1
Case #648: 4
Case #649: 3
Case #650: 1
Case #651: 1
Case #652: 1
Case #653: 2
Case #654: 1
Case #655: 1
Case #656: 3
Case #657: 1
Case #658: 14
Case #659: 1
Case #660: 2
Case #661: 2
Case #662: 1
Case #663: 1
Case #664: 5
Case #665: 8
Case #666: 1
Case #667: 1
Case #668: 1
Case #669: 1
Case #670: 1
Case #671: 18
Case #672: 1
Case #673: 2
Case #674: 1
Case #675: 4
Case #676: 5
Case #677: 20
Case #678: 1
Case #679: 1
Case #680: 4
Case #681: 1
Case #682: 1
Case #683: 4
Case #684: 4
Case #685: 1
Case #686: 1
Case #687: 1
Case #688: 1
Case #689: 6
Case #690: 3
Case #691: 7
Case #692: 1
Case #693: 13
Case #694: 1
Case #695: 2
Case #696: 1
Case #697: 1
Case #698: 1
Case #699: 18
Case #700: 2
Case #701: 1
Case #702: 1
Case #703: 5
Case #704: 4
Case #705: 4
Case #706: 3
Case #707: 1
Case #708: 2
Case #709: 1
Case #710: 1
Case #711: 2
Case #712: 1
Case #713: 1
Case #714: 2
Case #715: 2
Case #716: 1
Case #717: 3
Case #718: 14
Case #719: 1
Case #720: 1
Case #721: 1
Case #722: 1
Case #723: 4
Case #724: 6
Case #725: 2
Case #726: 1
Case #727: 2
Case #728: 2
Case #729: 19
Case #730: 2
Case #731: 11
Case #732: 1
Case #733: 10
Case #734: 2
Case #735: 7
Case #736: 1
Case #737: 1
Case #738: 1
Case #739: 2
Case #740: 1
Case #741: 1
Case #742: 2
Case #743: 4
Case #744: 1
Case #745: 3
Case #746: 4
Case #747: 1
Case #748: 1
Case #749: 1
Case #750: 3
Case #751: 2
Case #752: 18
Case #753: 2
Case #754: 4
Case #755: 2
Case #756: 1
Case #757: 4
Case #758: 2
Case #759: 8
Case #760: 1
Case #761: 1
Case #762: 2
Case #763: 2
Case #764: 3
Case #765: 2
Case #766: 2
Case #767: 1
Case #768: 3
Case #769: 1
Case #770: 3
Case #771: 2
Case #772: 14
Case #773: 1
Case #774: 3
Case #775: 1
Case #776: 1
Case #777: 5
Case #778: 1
Case #779: 2
Case #780: 1
Case #781: 1
Case #782: 7
Case #783: 2
Case #784: 4
Case #785: 1
Case #786: 1
Case #787: 1
Case #788: 9
Case #789: 1
Case #790: 1
Case #791: 1
Case #792: 1
Case #793: 1
Case #794: 1
Case #795: 1
Case #796: 1
Case #797: 3
Case #798: 5
Case #799: 1
Case #800: 2
Case #801: 3
Case #802: 5
Case #803: 4
Case #804: 4
Case #805: 7
Case #806: 1
Case #807: 1
Case #808: 1
Case #809: 1
Case #810: 8
Case #811: 2
Case #812: 2
Case #813: 2
Case #814: 13
Case #815: 3
Case #816: 2
Case #817: 6
Case #818: 1
Case #819: 3
Case #820: 3
Case #821: 8
Case #822: 8
Case #823: 8
Case #824: 1
Case #825: 3
Case #826: 3
Case #827: 1
Case #828: 3
Case #829: 14
Case #830: 2
Case #831: 1
Case #832: 2
Case #833: 1
Case #834: 11
Case #835: 1
Case #836: 1
Case #837: 2
Case #838: 1
Case #839: 4
Case #840: 1
Case #841: 10
Case #842: 2
Case #843: 1
Case #844: 1
Case #845: 1
Case #846: 17
Case #847: 16
Case #848: 11
Case #849: 6
Case #850: 1
Case #851: 2
Case #852: 1
Case #853: 1
Case #854: 5
Case #855: 1
Case #856: 14
Case #857: 5
Case #858: 1
Case #859: 1
Case #860: 1
Case #861: 2
Case #862: 2
Case #863: 1
Case #864: 3
Case #865: 3
Case #866: 2
Case #867: 1
Case #868: 3
Case #869: 1
Case #870: 3
Case #871: 1
Case #872: 1
Case #873: 1
Case #874: 1
Case #875: 9
Case #876: 4
Case #877: 3
Case #878: 3
Case #879: 2
Case #880: 3
Case #881: 6
Case #882: 8
Case #883: 1
Case #884: 1
Case #885: 1
Case #886: 15
Case #887: 1
Case #888: 1
Case #889: 1
Case #890: 1
Case #891: 1
Case #892: 1
Case #893: 2
Case #894: 2
Case #895: 1
Case #896: 16
Case #897: 2
Case #898: 2
Case #899: 2
Case #900: 2
Case #901: 2
Case #902: 3
Case #903: 1
Case #904: 2
Case #905: 3
Case #906: 1
Case #907: 1
Case #908: 2
Case #909: 3
Case #910: 4
Case #911: 1
Case #912: 8
Case #913: 1
Case #914: 1
Case #915: 4
Case #916: 8
Case #917: 1
Case #918: 2
Case #919: 6
Case #920: 2
Case #921: 2
Case #922: 3
Case #923: 1
Case #924: 1
Case #925: 2
Case #926: 1
Case #927: 11
Case #928: 2
Case #929: 1
Case #930: 6
Case #931: 1
Case #932: 2
Case #933: 5
Case #934: 1
Case #935: 10
Case #936: 1
Case #937: 4
Case #938: 3
Case #939: 1
Case #940: 1
Case #941: 2
Case #942: 2
Case #943: 1
Case #944: 1
Case #945: 1
Case #946: 6
Case #947: 3
Case #948: 1
Case #949: 1
Case #950: 3
Case #951: 1
Case #952: 1
Case #953: 2
Case #954: 5
Case #955: 3
Case #956: 4
Case #957: 1
Case #958: 1
Case #959: 1
Case #960: 1
Case #961: 1
Case #962: 17
Case #963: 1
Case #964: 10
Case #965: 11
Case #966: 1
Case #967: 1
Case #968: 15
Case #969: 1
Case #970: 1
Case #971: 1
Case #972: 4
Case #973: 1
Case #974: 1
Case #975: 4
Case #976: 1
Case #977: 1
Case #978: 7
Case #979: 13
Case #980: 2
Case #981: 1
Case #982: 3
Case #983: 1
Case #984: 1
Case #985: 2
Case #986: 1
Case #987: 9
Case #988: 2
Case #989: 1
Case #990: 7
Case #991: 15
Case #992: 1
Case #993: 1
Case #994: 1
Case #995: 5
Case #996: 1
Case #997: 1
Case #998: 1
Case #999: 1
Case #1000: 3
