Case #1: 3
Case #2: 8
Case #3: 28
Case #4: 57
Case #5: 74
Case #6: 30
Case #7: 42
Case #8: 43
Case #9: 34
Case #10: 84
Case #11: 31
Case #12: 6
Case #13: 33
Case #14: 36
Case #15: 63
Case #16: 6
Case #17: 53
Case #18: 9
Case #19: 0
Case #20: 26
Case #21: 29
Case #22: 12
Case #23: 38
Case #24: 8
Case #25: 35
Case #26: 22
Case #27: 4
Case #28: 0
Case #29: 30
Case #30: 47
Case #31: 0
Case #32: 23
Case #33: 9
Case #34: 18
Case #35: 26
Case #36: 22
Case #37: 41
Case #38: 5
Case #39: 8
Case #40: 0
Case #41: 74
Case #42: 25
Case #43: 56
Case #44: 13
Case #45: 55
Case #46: 29
Case #47: 25
Case #48: 9
Case #49: 14
Case #50: 25
Case #51: 30
Case #52: 20
Case #53: 20
Case #54: 8
Case #55: 1
Case #56: 71
Case #57: 38
Case #58: 8
Case #59: 21
Case #60: 5
Case #61: 53
Case #62: 14
Case #63: 77
Case #64: 68
Case #65: 43
Case #66: 97
Case #67: 36
Case #68: 15
Case #69: 39
Case #70: 16
Case #71: 44
Case #72: 39
Case #73: 95
Case #74: 2
Case #75: 9
Case #76: 38
Case #77: 7
Case #78: 68
Case #79: 11
Case #80: 36
Case #81: 1
Case #82: 48
Case #83: 12
Case #84: 22
Case #85: 16
Case #86: 39
Case #87: 8
Case #88: 8
Case #89: 24
Case #90: 89
Case #91: 31
Case #92: 1
Case #93: 7
Case #94: 4
Case #95: 35
Case #96: 23
Case #97: 15
Case #98: 60
Case #99: 69
Case #100: 1
