Case #1: Broken
Case #2: Broken
Case #3: Broken
Case #4: Broken
Case #5: Broken
Case #6: Possible
Case #7: Broken
Case #8: Possible
Case #9: Broken
Case #10: Broken
Case #11: Broken
Case #12: Broken
Case #13: Possible
Case #14: Broken
Case #15: Broken
Case #16: Broken
Case #17: Broken
Case #18: Broken
Case #19: Broken
Case #20: Broken
Case #21: Broken
Case #22: Broken
Case #23: Possible
Case #24: Broken
Case #25: Broken
Case #26: Broken
Case #27: Broken
Case #28: Broken
Case #29: Broken
Case #30: Broken
Case #31: Broken
Case #32: Broken
Case #33: Broken
Case #34: Broken
Case #35: Broken
Case #36: Possible
Case #37: Broken
Case #38: Possible
Case #39: Possible
Case #40: Broken
Case #41: Possible
Case #42: Broken
Case #43: Broken
Case #44: Broken
Case #45: Broken
Case #46: Broken
Case #47: Broken
Case #48: Possible
Case #49: Broken
Case #50: Broken
Case #51: Broken
Case #52: Broken
Case #53: Broken
Case #54: Broken
Case #55: Broken
Case #56: Broken
Case #57: Broken
Case #58: Broken
Case #59: Possible
Case #60: Possible
Case #61: Broken
Case #62: Broken
Case #63: Possible
Case #64: Broken
Case #65: Broken
Case #66: Broken
Case #67: Broken
Case #68: Broken
Case #69: Broken
Case #70: Broken
Case #71: Broken
Case #72: Broken
Case #73: Broken
Case #74: Broken
Case #75: Broken
Case #76: Broken
Case #77: Broken
Case #78: Broken
Case #79: Broken
Case #80: Broken
Case #81: Broken
Case #82: Possible
Case #83: Broken
Case #84: Broken
Case #85: Broken
Case #86: Broken
Case #87: Possible
Case #88: Broken
Case #89: Broken
Case #90: Broken
Case #91: Broken
Case #92: Broken
Case #93: Broken
Case #94: Broken
Case #95: Broken
Case #96: Broken
Case #97: Broken
Case #98: Broken
Case #99: Broken
Case #100: Possible
