Case #1: NO
Case #2: 11
Case #3: NO
Case #4: 5
Case #5: 514358701
Case #6: NO
Case #7: 196723334
Case #8: 50145071
Case #9: NO
Case #10: NO
Case #11: 345579368
Case #12: 262708213
Case #13: 399366765
Case #14: NO
Case #15: NO
Case #16: 376567
Case #17: 515520
Case #18: 188219
Case #19: 140512
Case #20: NO
Case #21: 31110
Case #22: 287042
Case #23: 348540
Case #24: NO
Case #25: 21119
Case #26: 204477
Case #27: 46346
Case #28: NO
Case #29: 201891
Case #30: 398716
Case #31: 377580
Case #32: NO
Case #33: NO
Case #34: NO
Case #35: 263119
Case #36: 21449
Case #37: 349536
Case #38: 287225
Case #39: 528606
Case #40: 430531
Case #41: 425437
Case #42: 127018
Case #43: 51489
Case #44: 115859
Case #45: NO
Case #46: 429235
Case #47: 174774
Case #48: 278981
Case #49: 301001
Case #50: NO
Case #51: NO
Case #52: 430968
Case #53: 202411
Case #54: 84644
Case #55: NO
Case #56: NO
Case #57: 13543
Case #58: NO
Case #59: NO
Case #60: 46767
Case #61: NO
Case #62: 69289
Case #63: 404265
Case #64: 39806
Case #65: 453704
Case #66: NO
Case #67: 509693
Case #68: 231735
Case #69: 171859
Case #70: 116125
Case #71: 303527
Case #72: 311896
Case #73: 154406
Case #74: 339407
Case #75: NO
Case #76: 245773
Case #77: 489072
Case #78: NO
Case #79: 460106
Case #80: NO
Case #81: 26949
Case #82: NO
Case #83: 15035
Case #84: NO
Case #85: NO
Case #86: 159960
Case #87: 289265
Case #88: NO
Case #89: NO
Case #90: 193293
Case #91: 44139
Case #92: 35163
Case #93: 401053
Case #94: NO
Case #95: 163770
Case #96: NO
Case #97: 338367
Case #98: NO
Case #99: NO
Case #100: 125142
