Case #1: NO
Case #2: 11
Case #3: NO
Case #4: 5
Case #5: 6199446
Case #6: NO
Case #7: NO
Case #8: NO
Case #9: 1344941
Case #10: 2335067
Case #11: 2612148
Case #12: 4645337
Case #13: 1552415
Case #14: NO
Case #15: NO
Case #16: NO
Case #17: 71603
Case #18: NO
Case #19: 24396
Case #20: NO
Case #21: 32068
Case #22: 74254
Case #23: 54754
Case #24: NO
Case #25: 51807
Case #26: NO
Case #27: 27379
Case #28: 101124
Case #29: NO
Case #30: 72357
Case #31: NO
Case #32: 74277
Case #33: 51254
Case #34: NO
Case #35: NO
Case #36: 22583
Case #37: 49449
Case #38: 85379
Case #39: NO
Case #40: NO
Case #41: NO
Case #42: 53123
Case #43: 40524
Case #44: 52297
Case #45: NO
Case #46: 8962
Case #47: 14553
Case #48: NO
Case #49: 72871
Case #50: 60349
Case #51: NO
Case #52: 50784
Case #53: NO
Case #54: 45139
Case #55: 65237
Case #56: NO
Case #57: 66325
Case #58: NO
Case #59: 39072
Case #60: 23945
Case #61: 12111
Case #62: 29091
Case #63: 47051
Case #64: 58232
Case #65: NO
Case #66: NO
Case #67: 27247
Case #68: 65634
Case #69: NO
Case #70: NO
Case #71: 24849
Case #72: NO
Case #73: 78808
Case #74: 48575
Case #75: 41604
Case #76: 43541
Case #77: NO
Case #78: 38865
Case #79: 14234
Case #80: 43910
Case #81: 74869
Case #82: NO
Case #83: NO
Case #84: 28928
Case #85: 18895
Case #86: 11644
Case #87: 73273
Case #88: 23298
Case #89: NO
Case #90: 22113
Case #91: 18992
Case #92: 69485
Case #93: 30209
Case #94: NO
Case #95: 41567
Case #96: NO
Case #97: 33315
Case #98: NO
Case #99: NO
Case #100: NO
