Case #1: 0 0 0 0 0 0 
Case #2: 1000000000 0 0 1000000000 
Case #3: Impossible
Case #4: 1000000000 0 0 0 
Case #5: 0 0 
Case #6: 0 0 0 0 0 0 0 0 0 0 
Case #7: Impossible
Case #8: 1000000000 1 0 0 2 3 
Case #9: Impossible
Case #10: Impossible
Case #11: Impossible
Case #12: Impossible
Case #13: Impossible
Case #14: 3 0 1 1 1 0 
Case #15: Impossible
Case #16: Impossible
Case #17: 1000000000 999999999 999999999 999999999 0 0 0 0 0 1000000000 
Case #18: Impossible
Case #19: 0 0 1 0 0 1 0 
Case #20: 0 1000000000 1 0 0 0 
Case #21: 0 1000000000 0 0 0 0 
Case #22: 0 1 0 0 0 1 0 
Case #23: Impossible
Case #24: 0 0 2 3 0 1 0 0 
Case #25: Impossible
Case #26: Impossible
Case #27: 2 0 1 1 0 
Case #28: 0 1 1 0 1 1 0 
Case #29: Impossible
Case #30: 1000000000 0 0 3 0 9 18 23 27 30 
