Case #1: X won
Case #2: Draw
Case #3: Game has not completed
Case #4: O won
Case #5: O won
Case #6: O won
Case #7: Game has not completed
Case #8: O won
Case #9: O won
Case #10: Draw
Case #11: O won
Case #12: X won
Case #13: O won
Case #14: X won
Case #15: Game has not completed
Case #16: Draw
Case #17: X won
Case #18: Game has not completed
Case #19: X won
Case #20: O won
Case #21: O won
Case #22: X won
Case #23: Game has not completed
Case #24: O won
Case #25: X won
Case #26: O won
Case #27: X won
Case #28: Game has not completed
Case #29: Draw
Case #30: X won
Case #31: X won
Case #32: X won
Case #33: X won
Case #34: X won
Case #35: X won
Case #36: O won
Case #37: Draw
Case #38: Game has not completed
Case #39: O won
Case #40: O won
Case #41: X won
Case #42: O won
Case #43: O won
Case #44: X won
Case #45: Draw
Case #46: X won
Case #47: O won
Case #48: X won
Case #49: O won
Case #50: Game has not completed
Case #51: X won
Case #52: Game has not completed
Case #53: Game has not completed
Case #54: X won
Case #55: O won
Case #56: O won
Case #57: Game has not completed
Case #58: O won
Case #59: X won
Case #60: Game has not completed
Case #61: Game has not completed
Case #62: X won
Case #63: X won
Case #64: Game has not completed
Case #65: Game has not completed
Case #66: Draw
Case #67: X won
Case #68: X won
Case #69: Game has not completed
Case #70: O won
Case #71: X won
Case #72: X won
Case #73: X won
Case #74: X won
Case #75: Game has not completed
Case #76: Draw
Case #77: X won
Case #78: X won
Case #79: X won
Case #80: O won
Case #81: X won
Case #82: X won
Case #83: X won
Case #84: X won
Case #85: Game has not completed
Case #86: O won
Case #87: X won
Case #88: O won
Case #89: Game has not completed
Case #90: Game has not completed
Case #91: X won
Case #92: X won
Case #93: Game has not completed
Case #94: Game has not completed
Case #95: O won
Case #96: Game has not completed
Case #97: O won
Case #98: Game has not completed
Case #99: O won
Case #100: X won
Case #101: X won
Case #102: X won
Case #103: X won
Case #104: X won
Case #105: Game has not completed
Case #106: X won
Case #107: X won
Case #108: Draw
Case #109: Game has not completed
Case #110: Draw
Case #111: O won
Case #112: X won
Case #113: Game has not completed
Case #114: Draw
Case #115: Draw
Case #116: Draw
Case #117: X won
Case #118: Game has not completed
Case #119: X won
Case #120: Game has not completed
Case #121: O won
Case #122: Game has not completed
Case #123: O won
Case #124: Game has not completed
Case #125: X won
Case #126: Game has not completed
Case #127: Game has not completed
Case #128: Game has not completed
Case #129: X won
Case #130: X won
Case #131: X won
Case #132: X won
Case #133: X won
Case #134: Game has not completed
Case #135: Draw
Case #136: Game has not completed
Case #137: Draw
Case #138: X won
Case #139: X won
Case #140: Draw
Case #141: X won
Case #142: X won
Case #143: Game has not completed
Case #144: Game has not completed
Case #145: O won
Case #146: O won
Case #147: O won
Case #148: Game has not completed
Case #149: O won
Case #150: Game has not completed
Case #151: X won
Case #152: O won
Case #153: X won
Case #154: O won
Case #155: Draw
Case #156: Game has not completed
Case #157: O won
Case #158: O won
Case #159: X won
Case #160: Game has not completed
Case #161: O won
Case #162: Game has not completed
Case #163: Game has not completed
Case #164: O won
Case #165: Game has not completed
Case #166: Game has not completed
Case #167: X won
Case #168: Game has not completed
Case #169: Draw
Case #170: X won
Case #171: O won
Case #172: X won
Case #173: O won
Case #174: O won
Case #175: Game has not completed
Case #176: O won
Case #177: X won
Case #178: Game has not completed
Case #179: Draw
Case #180: Draw
Case #181: X won
Case #182: O won
Case #183: Draw
Case #184: O won
Case #185: Game has not completed
Case #186: X won
Case #187: Draw
Case #188: O won
Case #189: X won
Case #190: X won
Case #191: X won
Case #192: Game has not completed
Case #193: O won
Case #194: O won
Case #195: O won
Case #196: O won
Case #197: X won
Case #198: X won
Case #199: O won
Case #200: O won
Case #201: Game has not completed
Case #202: O won
Case #203: X won
Case #204: O won
Case #205: Game has not completed
Case #206: Game has not completed
Case #207: O won
Case #208: X won
Case #209: O won
Case #210: Game has not completed
Case #211: X won
Case #212: Draw
Case #213: X won
Case #214: Game has not completed
Case #215: Draw
Case #216: Game has not completed
Case #217: X won
Case #218: Game has not completed
Case #219: X won
Case #220: X won
Case #221: X won
Case #222: X won
Case #223: Game has not completed
Case #224: X won
Case #225: Draw
Case #226: X won
Case #227: O won
Case #228: X won
Case #229: X won
Case #230: Game has not completed
Case #231: X won
Case #232: O won
Case #233: O won
Case #234: X won
Case #235: Game has not completed
Case #236: X won
Case #237: O won
Case #238: X won
Case #239: X won
Case #240: Game has not completed
Case #241: O won
Case #242: Game has not completed
Case #243: Draw
Case #244: O won
Case #245: O won
Case #246: X won
Case #247: X won
Case #248: Game has not completed
Case #249: X won
Case #250: X won
Case #251: Game has not completed
Case #252: X won
Case #253: Game has not completed
Case #254: Game has not completed
Case #255: Game has not completed
Case #256: Game has not completed
Case #257: Game has not completed
Case #258: X won
Case #259: O won
Case #260: O won
Case #261: Game has not completed
Case #262: X won
Case #263: X won
Case #264: O won
Case #265: X won
Case #266: O won
Case #267: O won
Case #268: O won
Case #269: Game has not completed
Case #270: X won
Case #271: O won
Case #272: X won
Case #273: O won
Case #274: Game has not completed
Case #275: O won
Case #276: Game has not completed
Case #277: Game has not completed
Case #278: X won
Case #279: X won
Case #280: O won
Case #281: Draw
Case #282: X won
Case #283: O won
Case #284: X won
Case #285: O won
Case #286: Game has not completed
Case #287: X won
Case #288: X won
Case #289: Game has not completed
Case #290: O won
Case #291: Draw
Case #292: Game has not completed
Case #293: Draw
Case #294: O won
Case #295: O won
Case #296: X won
Case #297: O won
Case #298: X won
Case #299: X won
Case #300: X won
Case #301: X won
Case #302: Game has not completed
Case #303: X won
Case #304: Draw
Case #305: X won
Case #306: X won
Case #307: O won
Case #308: O won
Case #309: Game has not completed
Case #310: X won
Case #311: Game has not completed
Case #312: X won
Case #313: X won
Case #314: X won
Case #315: X won
Case #316: X won
Case #317: X won
Case #318: X won
Case #319: O won
Case #320: Game has not completed
Case #321: O won
Case #322: X won
Case #323: Game has not completed
Case #324: X won
Case #325: X won
Case #326: O won
Case #327: Game has not completed
Case #328: X won
Case #329: Game has not completed
Case #330: O won
Case #331: Game has not completed
Case #332: X won
Case #333: O won
Case #334: O won
Case #335: X won
Case #336: O won
Case #337: X won
Case #338: X won
Case #339: Draw
Case #340: Game has not completed
Case #341: X won
Case #342: O won
Case #343: O won
Case #344: X won
Case #345: Game has not completed
Case #346: O won
Case #347: O won
Case #348: Game has not completed
Case #349: X won
Case #350: Game has not completed
Case #351: X won
Case #352: X won
Case #353: X won
Case #354: Game has not completed
Case #355: X won
Case #356: Game has not completed
Case #357: X won
Case #358: O won
Case #359: X won
Case #360: X won
Case #361: X won
Case #362: X won
Case #363: X won
Case #364: Game has not completed
Case #365: X won
Case #366: O won
Case #367: O won
Case #368: X won
Case #369: O won
Case #370: X won
Case #371: O won
Case #372: Game has not completed
Case #373: O won
Case #374: X won
Case #375: O won
Case #376: O won
Case #377: X won
Case #378: X won
Case #379: X won
Case #380: O won
Case #381: Draw
Case #382: O won
Case #383: Game has not completed
Case #384: X won
Case #385: X won
Case #386: Game has not completed
Case #387: X won
Case #388: Game has not completed
Case #389: O won
Case #390: O won
Case #391: O won
Case #392: X won
Case #393: Game has not completed
Case #394: X won
Case #395: X won
Case #396: Game has not completed
Case #397: Game has not completed
Case #398: Draw
Case #399: O won
Case #400: Game has not completed
Case #401: X won
Case #402: Game has not completed
Case #403: X won
Case #404: O won
Case #405: X won
Case #406: X won
Case #407: Game has not completed
Case #408: X won
Case #409: X won
Case #410: X won
Case #411: O won
Case #412: X won
Case #413: X won
Case #414: Game has not completed
Case #415: Game has not completed
Case #416: X won
Case #417: X won
Case #418: Game has not completed
Case #419: O won
Case #420: O won
Case #421: Draw
Case #422: X won
Case #423: Game has not completed
Case #424: Game has not completed
Case #425: Game has not completed
Case #426: Game has not completed
Case #427: Game has not completed
Case #428: X won
Case #429: O won
Case #430: X won
Case #431: X won
Case #432: Game has not completed
Case #433: O won
Case #434: X won
Case #435: X won
Case #436: O won
Case #437: X won
Case #438: Game has not completed
Case #439: O won
Case #440: Game has not completed
Case #441: Game has not completed
Case #442: X won
Case #443: Game has not completed
Case #444: X won
Case #445: Game has not completed
Case #446: X won
Case #447: X won
Case #448: Game has not completed
Case #449: Game has not completed
Case #450: O won
Case #451: X won
Case #452: Draw
Case #453: Game has not completed
Case #454: O won
Case #455: Game has not completed
Case #456: O won
Case #457: O won
Case #458: Game has not completed
Case #459: Game has not completed
Case #460: O won
Case #461: X won
Case #462: Game has not completed
Case #463: X won
Case #464: Game has not completed
Case #465: X won
Case #466: O won
Case #467: O won
Case #468: Game has not completed
Case #469: O won
Case #470: O won
Case #471: O won
Case #472: Game has not completed
Case #473: X won
Case #474: O won
Case #475: X won
Case #476: O won
Case #477: X won
Case #478: Game has not completed
Case #479: X won
Case #480: X won
Case #481: X won
Case #482: O won
Case #483: Game has not completed
Case #484: Game has not completed
Case #485: O won
Case #486: Game has not completed
Case #487: O won
Case #488: X won
Case #489: O won
Case #490: Game has not completed
Case #491: X won
Case #492: Game has not completed
Case #493: O won
Case #494: O won
Case #495: Game has not completed
Case #496: Game has not completed
Case #497: X won
Case #498: O won
Case #499: X won
Case #500: O won
Case #501: X won
Case #502: X won
Case #503: X won
Case #504: X won
Case #505: Draw
Case #506: Game has not completed
Case #507: Game has not completed
Case #508: Game has not completed
Case #509: X won
Case #510: Game has not completed
Case #511: X won
Case #512: Game has not completed
Case #513: X won
Case #514: X won
Case #515: X won
Case #516: O won
Case #517: Game has not completed
Case #518: X won
Case #519: Game has not completed
Case #520: Game has not completed
Case #521: Game has not completed
Case #522: X won
Case #523: Game has not completed
Case #524: Game has not completed
Case #525: X won
Case #526: X won
Case #527: X won
Case #528: Draw
Case #529: X won
Case #530: X won
Case #531: Game has not completed
Case #532: X won
Case #533: O won
Case #534: Game has not completed
Case #535: O won
Case #536: Game has not completed
Case #537: X won
Case #538: X won
Case #539: Game has not completed
Case #540: O won
Case #541: X won
Case #542: X won
Case #543: X won
Case #544: O won
Case #545: Game has not completed
Case #546: O won
Case #547: O won
Case #548: Game has not completed
Case #549: O won
Case #550: X won
Case #551: Game has not completed
Case #552: Draw
Case #553: Draw
Case #554: Game has not completed
Case #555: O won
Case #556: Game has not completed
Case #557: X won
Case #558: O won
Case #559: Draw
Case #560: X won
Case #561: X won
Case #562: X won
Case #563: X won
Case #564: X won
Case #565: Game has not completed
Case #566: O won
Case #567: Draw
Case #568: Draw
Case #569: Game has not completed
Case #570: X won
Case #571: Draw
Case #572: O won
Case #573: X won
Case #574: X won
Case #575: X won
Case #576: X won
Case #577: O won
Case #578: Draw
Case #579: Game has not completed
Case #580: Game has not completed
Case #581: X won
Case #582: O won
Case #583: X won
Case #584: Game has not completed
Case #585: Game has not completed
Case #586: X won
Case #587: Game has not completed
Case #588: X won
Case #589: X won
Case #590: O won
Case #591: Draw
Case #592: Game has not completed
Case #593: O won
Case #594: X won
Case #595: Game has not completed
Case #596: Game has not completed
Case #597: O won
Case #598: O won
Case #599: O won
Case #600: Game has not completed
Case #601: O won
Case #602: Game has not completed
Case #603: Draw
Case #604: X won
Case #605: X won
Case #606: Game has not completed
Case #607: O won
Case #608: X won
Case #609: O won
Case #610: X won
Case #611: Game has not completed
Case #612: X won
Case #613: O won
Case #614: X won
Case #615: X won
Case #616: X won
Case #617: X won
Case #618: O won
Case #619: Game has not completed
Case #620: Game has not completed
Case #621: Game has not completed
Case #622: O won
Case #623: Game has not completed
Case #624: X won
Case #625: X won
Case #626: Draw
Case #627: Game has not completed
Case #628: X won
Case #629: X won
Case #630: Game has not completed
Case #631: Game has not completed
Case #632: X won
Case #633: O won
Case #634: Game has not completed
Case #635: X won
Case #636: Game has not completed
Case #637: X won
Case #638: X won
Case #639: Game has not completed
Case #640: X won
Case #641: O won
Case #642: Draw
Case #643: O won
Case #644: O won
Case #645: X won
Case #646: X won
Case #647: Game has not completed
Case #648: X won
Case #649: O won
Case #650: X won
Case #651: X won
Case #652: X won
Case #653: X won
Case #654: O won
Case #655: Game has not completed
Case #656: X won
Case #657: O won
Case #658: X won
Case #659: O won
Case #660: X won
Case #661: X won
Case #662: X won
Case #663: Draw
Case #664: O won
Case #665: Draw
Case #666: X won
Case #667: Game has not completed
Case #668: Game has not completed
Case #669: Game has not completed
Case #670: O won
Case #671: X won
Case #672: Game has not completed
Case #673: Draw
Case #674: X won
Case #675: X won
Case #676: X won
Case #677: X won
Case #678: X won
Case #679: Game has not completed
Case #680: X won
Case #681: X won
Case #682: O won
Case #683: Game has not completed
Case #684: O won
Case #685: Game has not completed
Case #686: Game has not completed
Case #687: X won
Case #688: X won
Case #689: Game has not completed
Case #690: O won
Case #691: X won
Case #692: X won
Case #693: X won
Case #694: Draw
Case #695: X won
Case #696: Game has not completed
Case #697: Game has not completed
Case #698: O won
Case #699: Draw
Case #700: O won
Case #701: O won
Case #702: X won
Case #703: X won
Case #704: O won
Case #705: Game has not completed
Case #706: Game has not completed
Case #707: X won
Case #708: Game has not completed
Case #709: Game has not completed
Case #710: Game has not completed
Case #711: O won
Case #712: Game has not completed
Case #713: Game has not completed
Case #714: Game has not completed
Case #715: Game has not completed
Case #716: O won
Case #717: X won
Case #718: Game has not completed
Case #719: O won
Case #720: Game has not completed
Case #721: X won
Case #722: X won
Case #723: Game has not completed
Case #724: X won
Case #725: Game has not completed
Case #726: O won
Case #727: O won
Case #728: X won
Case #729: O won
Case #730: Game has not completed
Case #731: X won
Case #732: Game has not completed
Case #733: Game has not completed
Case #734: Draw
Case #735: X won
Case #736: X won
Case #737: Game has not completed
Case #738: Game has not completed
Case #739: Game has not completed
Case #740: X won
Case #741: Game has not completed
Case #742: Game has not completed
Case #743: Game has not completed
Case #744: O won
Case #745: Game has not completed
Case #746: Game has not completed
Case #747: Draw
Case #748: X won
Case #749: X won
Case #750: X won
Case #751: X won
Case #752: X won
Case #753: Game has not completed
Case #754: X won
Case #755: X won
Case #756: Game has not completed
Case #757: Draw
Case #758: X won
Case #759: Game has not completed
Case #760: X won
Case #761: Game has not completed
Case #762: Game has not completed
Case #763: Game has not completed
Case #764: X won
Case #765: X won
Case #766: X won
Case #767: O won
Case #768: Draw
Case #769: O won
Case #770: Game has not completed
Case #771: Game has not completed
Case #772: O won
Case #773: O won
Case #774: X won
Case #775: Game has not completed
Case #776: Game has not completed
Case #777: X won
Case #778: X won
Case #779: O won
Case #780: Game has not completed
Case #781: X won
Case #782: Draw
Case #783: X won
Case #784: O won
Case #785: O won
Case #786: Game has not completed
Case #787: X won
Case #788: X won
Case #789: O won
Case #790: Game has not completed
Case #791: Game has not completed
Case #792: Game has not completed
Case #793: Game has not completed
Case #794: O won
Case #795: X won
Case #796: Game has not completed
Case #797: O won
Case #798: X won
Case #799: O won
Case #800: X won
Case #801: Game has not completed
Case #802: O won
Case #803: X won
Case #804: O won
Case #805: O won
Case #806: X won
Case #807: Game has not completed
Case #808: Game has not completed
Case #809: Game has not completed
Case #810: Game has not completed
Case #811: X won
Case #812: O won
Case #813: X won
Case #814: Game has not completed
Case #815: X won
Case #816: X won
Case #817: Game has not completed
Case #818: X won
Case #819: Draw
Case #820: X won
Case #821: X won
Case #822: Game has not completed
Case #823: X won
Case #824: O won
Case #825: O won
Case #826: X won
Case #827: Game has not completed
Case #828: O won
Case #829: Game has not completed
Case #830: O won
Case #831: Game has not completed
Case #832: Game has not completed
Case #833: Game has not completed
Case #834: Game has not completed
Case #835: X won
Case #836: Game has not completed
Case #837: Game has not completed
Case #838: Game has not completed
Case #839: Game has not completed
Case #840: X won
Case #841: O won
Case #842: X won
Case #843: O won
Case #844: Game has not completed
Case #845: Game has not completed
Case #846: X won
Case #847: O won
Case #848: O won
Case #849: O won
Case #850: O won
Case #851: X won
Case #852: Game has not completed
Case #853: O won
Case #854: X won
Case #855: O won
Case #856: X won
Case #857: O won
Case #858: O won
Case #859: Draw
Case #860: Game has not completed
Case #861: Game has not completed
Case #862: O won
Case #863: O won
Case #864: O won
Case #865: Game has not completed
Case #866: X won
Case #867: X won
Case #868: Game has not completed
Case #869: X won
Case #870: Game has not completed
Case #871: X won
Case #872: X won
Case #873: X won
Case #874: Game has not completed
Case #875: Game has not completed
Case #876: Game has not completed
Case #877: Draw
Case #878: Game has not completed
Case #879: O won
Case #880: Game has not completed
Case #881: X won
Case #882: Game has not completed
Case #883: X won
Case #884: X won
Case #885: O won
Case #886: O won
Case #887: Game has not completed
Case #888: O won
Case #889: Game has not completed
Case #890: Game has not completed
Case #891: X won
Case #892: X won
Case #893: Game has not completed
Case #894: O won
Case #895: Draw
Case #896: Draw
Case #897: X won
Case #898: O won
Case #899: X won
Case #900: X won
Case #901: O won
Case #902: X won
Case #903: X won
Case #904: X won
Case #905: X won
Case #906: X won
Case #907: O won
Case #908: Game has not completed
Case #909: O won
Case #910: O won
Case #911: X won
Case #912: Game has not completed
Case #913: O won
Case #914: Game has not completed
Case #915: O won
Case #916: Draw
Case #917: Game has not completed
Case #918: Game has not completed
Case #919: Game has not completed
Case #920: O won
Case #921: O won
Case #922: X won
Case #923: O won
Case #924: O won
Case #925: X won
Case #926: X won
Case #927: X won
Case #928: O won
Case #929: Game has not completed
Case #930: X won
Case #931: O won
Case #932: O won
Case #933: Game has not completed
Case #934: O won
Case #935: X won
Case #936: Game has not completed
Case #937: O won
Case #938: Game has not completed
Case #939: O won
Case #940: X won
Case #941: Game has not completed
Case #942: O won
Case #943: X won
Case #944: X won
Case #945: O won
Case #946: Game has not completed
Case #947: X won
Case #948: O won
Case #949: X won
Case #950: Draw
Case #951: X won
Case #952: X won
Case #953: Game has not completed
Case #954: O won
Case #955: O won
Case #956: Game has not completed
Case #957: O won
Case #958: Game has not completed
Case #959: X won
Case #960: X won
Case #961: Game has not completed
Case #962: Game has not completed
Case #963: O won
Case #964: X won
Case #965: Game has not completed
Case #966: O won
Case #967: X won
Case #968: X won
Case #969: Game has not completed
Case #970: X won
Case #971: X won
Case #972: X won
Case #973: X won
Case #974: O won
Case #975: Game has not completed
Case #976: O won
Case #977: X won
Case #978: X won
Case #979: Game has not completed
Case #980: O won
Case #981: X won
Case #982: Game has not completed
Case #983: Game has not completed
Case #984: O won
Case #985: Game has not completed
Case #986: O won
Case #987: O won
Case #988: Game has not completed
Case #989: Game has not completed
Case #990: X won
Case #991: Draw
Case #992: X won
Case #993: X won
Case #994: Game has not completed
Case #995: Game has not completed
Case #996: Game has not completed
Case #997: Game has not completed
Case #998: X won
Case #999: X won
Case #1000: Game has not completed
