Case #1: Draw
Case #2: Draw
Case #3: X won
Case #4: O won
Case #5: Game has not completed
Case #6: O won
Case #7: X won
Case #8: X won
Case #9: O won
Case #10: Game has not completed
