Case #1: YES
Case #2: NO
Case #3: YES
Case #4: NO
Case #5: NO
Case #6: NO
Case #7: YES
Case #8: YES
Case #9: NO
Case #10: YES
Case #11: YES
Case #12: NO
Case #13: NO
Case #14: YES
Case #15: YES
Case #16: NO
Case #17: YES
Case #18: YES
Case #19: YES
Case #20: YES
Case #21: NO
Case #22: YES
Case #23: YES
Case #24: YES
Case #25: NO
Case #26: NO
Case #27: NO
Case #28: YES
Case #29: NO
Case #30: YES
