Case #1: 18
Case #2: 18
Case #3: 19
Case #4: 18
Case #5: 19
Case #6: 18
Case #7: 12
Case #8: 15
Case #9: 20
Case #10: 10
Case #11: 500
Case #12: 131
Case #13: 131
Case #14: 95
Case #15: 95
Case #16: 111
Case #17: 115
Case #18: 13201110143520
Case #19: 27183892750634
Case #20: 4814461714590
Case #21: 15745253269080
Case #22: 41096921774961
Case #23: 648975511390
Case #24: 28232776755144
Case #25: 14652597223535
Case #26: 61440224961275
Case #27: 53981435982536
Case #28: 7681579379001
Case #29: 44381747717694
Case #30: 62623187126808
Case #31: 69276544603497
Case #32: 13793207084100
Case #33: 5225075194400
Case #34: 63891587487024
Case #35: 19628569164554
Case #36: 12859944861864
Case #37: 13933463612588
Case #38: 47236181626120
Case #39: 36584691292995
Case #40: 8090881234372
Case #41: 42124589020800
Case #42: 4505864990976
Case #43: 16128182318326
Case #44: 940361984544
Case #45: 41191064867956
Case #46: 36096535641870
Case #47: 92657103844110
Case #48: 4039313153631
Case #49: 3568761948544
Case #50: 34325784953994
Case #51: 6691534399837
Case #52: 22760161437504
Case #53: 5564153213025
Case #54: 5924925182505
Case #55: 12319327156352
Case #56: 7102162647216
Case #57: 16059037351610
Case #58: 65675607468108
Case #59: 19069766800644
Case #60: 3503682466332
Case #61: 56719344489012
Case #62: 3985145590360
Case #63: 4542209599824
Case #64: 2391862009471
Case #65: 17078123879757
Case #66: 43039363914624
Case #67: 215521364864
Case #68: 12624636149040
Case #69: 63967882869696
Case #70: 12808406302085
Case #71: 85448372995716
Case #72: 58226398333565
Case #73: 108038893064456
Case #74: 125471829705530
Case #75: 11984441052438
Case #76: 138457511835566
Case #77: 417822398169781
Case #78: 218258224418864
Case #79: 286306655297826
Case #80: 833440592315829
Case #81: 2535186903061675
Case #82: 1040875996337961
Case #83: 427452419974122
Case #84: 2333284937113518
Case #85: 238345652473462
Case #86: 757563184664457
Case #87: 4252891451553452
Case #88: 9589847221876328
Case #89: 5566370127549526
Case #90: 6134780580797752
Case #91: 46555264130000000
Case #92: 22657039279436920
Case #93: 60447775519982390
Case #94: 75507223720842104
Case #95: 42105564211822510
Case #96: 1317941808731655
Case #97: 104093477375789460
Case #98: 207812350305006544
Case #99: 325247497019715340
Case #100: 8363208302424840
