Case #1: 18
Case #2: 18
Case #3: 19
Case #4: 18
Case #5: 19
Case #6: 18
Case #7: 12
Case #8: 15
Case #9: 20
Case #10: 10
Case #11: 500
Case #12: 131
Case #13: 131
Case #14: 95
Case #15: 95
Case #16: 111
Case #17: 115
Case #18: 49932352166482
Case #19: 25465367138659
Case #20: 6399818075032
Case #21: 5661090126458
Case #22: 14209877356515
Case #23: 84525788037891
Case #24: 4442412692200
Case #25: 819583502655
Case #26: 34621287206375
Case #27: 322105185567
Case #28: 6704174605440
Case #29: 1250269810224
Case #30: 32023122737804
Case #31: 1209021448329
Case #32: 3808373312280
Case #33: 44018500498470
Case #34: 20150386869601
Case #35: 64316331251760
Case #36: 3483522187684
Case #37: 11354863749948
Case #38: 41060336876100
Case #39: 15451271183387
Case #40: 573759420570
Case #41: 17493251650695
Case #42: 22359895856487
Case #43: 12422412121956
Case #44: 33192071291670
Case #45: 45029742205502
Case #46: 35005233000218
Case #47: 4898150596878
Case #48: 31467076472601
Case #49: 18663675317097
Case #50: 76645508712960
Case #51: 18350026926535
Case #52: 75381446558473
Case #53: 39806758118124
Case #54: 15342623164138
Case #55: 6935174589120
Case #56: 37390047283173
Case #57: 30489768618280
Case #58: 37769493505359
Case #59: 1942451885420
Case #60: 47150287748332
Case #61: 5333374599252
Case #62: 32171067588506
Case #63: 49971477620372
Case #64: 25416913302924
Case #65: 6545849565890
Case #66: 14415425434710
Case #67: 28736709781590
Case #68: 57677137150334
Case #69: 46118516829720
Case #70: 47261699698034
Case #71: 109850062959596
Case #72: 35792838720657
Case #73: 5916756514293
Case #74: 3971226919438
Case #75: 200827900937840
Case #76: 182296854292980
Case #77: 339610735309144
Case #78: 718643641723938
Case #79: 127021083107043
Case #80: 352269545198930
Case #81: 1150687522809902
Case #82: 1372804137205498
Case #83: 1197084265463188
Case #84: 330233483540338
Case #85: 384309484909795
Case #86: 500794579401266
Case #87: 872015592043756
Case #88: 9994786468747376
Case #89: 11334337329510114
Case #90: 4889676186065772
Case #91: 47392784720000000
Case #92: 4098212137782480
Case #93: 61766367857286600
Case #94: 12771731726942460
Case #95: 58330716147361163
Case #96: 127680943505905830
Case #97: 134707440279434810
Case #98: 97502129777849620
Case #99: 24126385706710308
Case #100: 324375124152036600
