Case #1: 935
Case #2: 471
Case #3: 903
Case #4: 751
Case #5: 027
Case #6: 527
Case #7: 055
Case #8: 903
Case #9: 135
Case #10: 607
Case #11: 351
Case #12: 647
Case #13: 991
Case #14: 143
Case #15: 047
Case #16: 607
Case #17: 135
Case #18: 743
Case #19: 151
Case #20: 407
Case #21: 991
Case #22: 855
Case #23: 447
Case #24: 263
Case #25: 943
Case #26: 095
Case #27: 463
Case #28: 791
Case #29: 335
