Case #1:
BIRD
UNKNOWN
NOT BIRD
Case #2:
UNKNOWN
NOT BIRD
Case #3:
UNKNOWN
UNKNOWN
UNKNOWN
Case #4:
NOT BIRD
NOT BIRD
NOT BIRD
NOT BIRD
NOT BIRD
NOT BIRD
NOT BIRD
NOT BIRD
Case #5:
UNKNOWN
UNKNOWN
NOT BIRD
NOT BIRD
NOT BIRD
NOT BIRD
NOT BIRD
NOT BIRD
NOT BIRD
NOT BIRD
UNKNOWN
NOT BIRD
NOT BIRD
NOT BIRD
UNKNOWN
NOT BIRD
NOT BIRD
UNKNOWN
NOT BIRD
NOT BIRD
NOT BIRD
NOT BIRD
NOT BIRD
NOT BIRD
NOT BIRD
NOT BIRD
NOT BIRD
BIRD
NOT BIRD
NOT BIRD
NOT BIRD
NOT BIRD
NOT BIRD
NOT BIRD
NOT BIRD
NOT BIRD
NOT BIRD
NOT BIRD
NOT BIRD
NOT BIRD
NOT BIRD
NOT BIRD
NOT BIRD
NOT BIRD
NOT BIRD
NOT BIRD
BIRD
NOT BIRD
NOT BIRD
NOT BIRD
NOT BIRD
NOT BIRD
UNKNOWN
NOT BIRD
NOT BIRD
NOT BIRD
NOT BIRD
NOT BIRD
NOT BIRD
NOT BIRD
NOT BIRD
NOT BIRD
NOT BIRD
NOT BIRD
NOT BIRD
UNKNOWN
NOT BIRD
BIRD
NOT BIRD
NOT BIRD
NOT BIRD
UNKNOWN
NOT BIRD
NOT BIRD
NOT BIRD
NOT BIRD
NOT BIRD
NOT BIRD
NOT BIRD
NOT BIRD
NOT BIRD
UNKNOWN
UNKNOWN
NOT BIRD
NOT BIRD
NOT BIRD
NOT BIRD
NOT BIRD
NOT BIRD
NOT BIRD
NOT BIRD
UNKNOWN
NOT BIRD
NOT BIRD
NOT BIRD
NOT BIRD
NOT BIRD
NOT BIRD
NOT BIRD
NOT BIRD
NOT BIRD
NOT BIRD
NOT BIRD
NOT BIRD
NOT BIRD
BIRD
NOT BIRD
NOT BIRD
NOT BIRD
NOT BIRD
NOT BIRD
NOT BIRD
NOT BIRD
NOT BIRD
NOT BIRD
NOT BIRD
NOT BIRD
UNKNOWN
NOT BIRD
NOT BIRD
NOT BIRD
NOT BIRD
NOT BIRD
NOT BIRD
UNKNOWN
NOT BIRD
NOT BIRD
NOT BIRD
NOT BIRD
NOT BIRD
NOT BIRD
NOT BIRD
NOT BIRD
BIRD
NOT BIRD
NOT BIRD
NOT BIRD
NOT BIRD
NOT BIRD
NOT BIRD
NOT BIRD
NOT BIRD
NOT BIRD
NOT BIRD
NOT BIRD
NOT BIRD
UNKNOWN
NOT BIRD
NOT BIRD
NOT BIRD
UNKNOWN
UNKNOWN
NOT BIRD
NOT BIRD
NOT BIRD
NOT BIRD
UNKNOWN
NOT BIRD
NOT BIRD
NOT BIRD
UNKNOWN
NOT BIRD
NOT BIRD
NOT BIRD
NOT BIRD
NOT BIRD
Case #6:
NOT BIRD
NOT BIRD
NOT BIRD
BIRD
NOT BIRD
NOT BIRD
NOT BIRD
NOT BIRD
NOT BIRD
NOT BIRD
NOT BIRD
NOT BIRD
NOT BIRD
BIRD
BIRD
BIRD
BIRD
BIRD
NOT BIRD
NOT BIRD
BIRD
NOT BIRD
NOT BIRD
NOT BIRD
BIRD
NOT BIRD
NOT BIRD
NOT BIRD
NOT BIRD
NOT BIRD
NOT BIRD
NOT BIRD
BIRD
NOT BIRD
NOT BIRD
BIRD
BIRD
NOT BIRD
NOT BIRD
NOT BIRD
NOT BIRD
NOT BIRD
NOT BIRD
NOT BIRD
UNKNOWN
NOT BIRD
NOT BIRD
UNKNOWN
NOT BIRD
NOT BIRD
NOT BIRD
NOT BIRD
NOT BIRD
NOT BIRD
NOT BIRD
NOT BIRD
NOT BIRD
NOT BIRD
NOT BIRD
BIRD
NOT BIRD
NOT BIRD
NOT BIRD
NOT BIRD
BIRD
NOT BIRD
BIRD
NOT BIRD
BIRD
NOT BIRD
NOT BIRD
NOT BIRD
UNKNOWN
NOT BIRD
NOT BIRD
NOT BIRD
NOT BIRD
UNKNOWN
NOT BIRD
NOT BIRD
NOT BIRD
NOT BIRD
BIRD
BIRD
BIRD
UNKNOWN
BIRD
UNKNOWN
NOT BIRD
NOT BIRD
NOT BIRD
BIRD
NOT BIRD
NOT BIRD
NOT BIRD
BIRD
NOT BIRD
NOT BIRD
BIRD
NOT BIRD
NOT BIRD
BIRD
NOT BIRD
UNKNOWN
NOT BIRD
NOT BIRD
BIRD
NOT BIRD
NOT BIRD
NOT BIRD
NOT BIRD
NOT BIRD
NOT BIRD
BIRD
UNKNOWN
BIRD
NOT BIRD
BIRD
BIRD
NOT BIRD
NOT BIRD
NOT BIRD
NOT BIRD
NOT BIRD
NOT BIRD
UNKNOWN
NOT BIRD
NOT BIRD
NOT BIRD
NOT BIRD
NOT BIRD
NOT BIRD
BIRD
NOT BIRD
NOT BIRD
NOT BIRD
BIRD
NOT BIRD
UNKNOWN
BIRD
NOT BIRD
NOT BIRD
NOT BIRD
NOT BIRD
BIRD
BIRD
NOT BIRD
NOT BIRD
NOT BIRD
UNKNOWN
NOT BIRD
NOT BIRD
NOT BIRD
NOT BIRD
NOT BIRD
UNKNOWN
NOT BIRD
NOT BIRD
NOT BIRD
NOT BIRD
NOT BIRD
NOT BIRD
NOT BIRD
BIRD
UNKNOWN
NOT BIRD
NOT BIRD
NOT BIRD
BIRD
BIRD
NOT BIRD
BIRD
NOT BIRD
BIRD
BIRD
BIRD
BIRD
UNKNOWN
NOT BIRD
NOT BIRD
NOT BIRD
BIRD
NOT BIRD
NOT BIRD
NOT BIRD
NOT BIRD
BIRD
NOT BIRD
NOT BIRD
NOT BIRD
NOT BIRD
BIRD
BIRD
NOT BIRD
NOT BIRD
UNKNOWN
NOT BIRD
BIRD
NOT BIRD
NOT BIRD
Case #7:
NOT BIRD
NOT BIRD
NOT BIRD
NOT BIRD
BIRD
NOT BIRD
NOT BIRD
BIRD
NOT BIRD
BIRD
NOT BIRD
NOT BIRD
NOT BIRD
BIRD
NOT BIRD
NOT BIRD
NOT BIRD
BIRD
NOT BIRD
NOT BIRD
NOT BIRD
BIRD
NOT BIRD
NOT BIRD
NOT BIRD
NOT BIRD
NOT BIRD
NOT BIRD
NOT BIRD
NOT BIRD
BIRD
NOT BIRD
NOT BIRD
NOT BIRD
BIRD
NOT BIRD
NOT BIRD
NOT BIRD
NOT BIRD
NOT BIRD
NOT BIRD
NOT BIRD
NOT BIRD
BIRD
BIRD
NOT BIRD
NOT BIRD
NOT BIRD
UNKNOWN
NOT BIRD
NOT BIRD
NOT BIRD
NOT BIRD
BIRD
BIRD
NOT BIRD
NOT BIRD
NOT BIRD
BIRD
BIRD
NOT BIRD
BIRD
NOT BIRD
NOT BIRD
BIRD
NOT BIRD
NOT BIRD
BIRD
NOT BIRD
BIRD
BIRD
NOT BIRD
NOT BIRD
NOT BIRD
NOT BIRD
NOT BIRD
NOT BIRD
NOT BIRD
NOT BIRD
BIRD
NOT BIRD
NOT BIRD
NOT BIRD
NOT BIRD
NOT BIRD
NOT BIRD
NOT BIRD
NOT BIRD
NOT BIRD
NOT BIRD
BIRD
NOT BIRD
NOT BIRD
BIRD
NOT BIRD
NOT BIRD
NOT BIRD
NOT BIRD
BIRD
BIRD
NOT BIRD
NOT BIRD
NOT BIRD
UNKNOWN
BIRD
NOT BIRD
NOT BIRD
NOT BIRD
NOT BIRD
BIRD
BIRD
NOT BIRD
NOT BIRD
BIRD
BIRD
NOT BIRD
BIRD
NOT BIRD
NOT BIRD
NOT BIRD
BIRD
NOT BIRD
BIRD
NOT BIRD
NOT BIRD
NOT BIRD
NOT BIRD
NOT BIRD
BIRD
NOT BIRD
NOT BIRD
NOT BIRD
NOT BIRD
NOT BIRD
BIRD
BIRD
NOT BIRD
NOT BIRD
BIRD
NOT BIRD
BIRD
BIRD
NOT BIRD
NOT BIRD
NOT BIRD
NOT BIRD
NOT BIRD
NOT BIRD
BIRD
BIRD
NOT BIRD
NOT BIRD
NOT BIRD
NOT BIRD
NOT BIRD
NOT BIRD
UNKNOWN
NOT BIRD
NOT BIRD
NOT BIRD
NOT BIRD
NOT BIRD
NOT BIRD
NOT BIRD
NOT BIRD
NOT BIRD
NOT BIRD
NOT BIRD
NOT BIRD
NOT BIRD
NOT BIRD
NOT BIRD
NOT BIRD
BIRD
NOT BIRD
NOT BIRD
NOT BIRD
NOT BIRD
NOT BIRD
NOT BIRD
NOT BIRD
NOT BIRD
NOT BIRD
NOT BIRD
NOT BIRD
NOT BIRD
NOT BIRD
NOT BIRD
NOT BIRD
BIRD
NOT BIRD
NOT BIRD
NOT BIRD
BIRD
NOT BIRD
NOT BIRD
BIRD
NOT BIRD
BIRD
NOT BIRD
BIRD
NOT BIRD
BIRD
NOT BIRD
BIRD
BIRD
NOT BIRD
BIRD
NOT BIRD
NOT BIRD
NOT BIRD
NOT BIRD
NOT BIRD
BIRD
NOT BIRD
BIRD
NOT BIRD
NOT BIRD
NOT BIRD
BIRD
NOT BIRD
NOT BIRD
NOT BIRD
NOT BIRD
NOT BIRD
NOT BIRD
NOT BIRD
BIRD
BIRD
NOT BIRD
NOT BIRD
NOT BIRD
NOT BIRD
BIRD
NOT BIRD
NOT BIRD
NOT BIRD
NOT BIRD
NOT BIRD
BIRD
NOT BIRD
NOT BIRD
NOT BIRD
NOT BIRD
NOT BIRD
NOT BIRD
NOT BIRD
NOT BIRD
BIRD
BIRD
Case #8:
NOT BIRD
NOT BIRD
NOT BIRD
NOT BIRD
BIRD
NOT BIRD
BIRD
BIRD
NOT BIRD
NOT BIRD
BIRD
NOT BIRD
NOT BIRD
BIRD
BIRD
BIRD
NOT BIRD
NOT BIRD
BIRD
NOT BIRD
BIRD
BIRD
BIRD
NOT BIRD
BIRD
BIRD
NOT BIRD
NOT BIRD
BIRD
NOT BIRD
NOT BIRD
BIRD
NOT BIRD
NOT BIRD
BIRD
NOT BIRD
BIRD
NOT BIRD
NOT BIRD
NOT BIRD
NOT BIRD
BIRD
BIRD
NOT BIRD
BIRD
NOT BIRD
BIRD
NOT BIRD
NOT BIRD
NOT BIRD
NOT BIRD
NOT BIRD
BIRD
NOT BIRD
NOT BIRD
NOT BIRD
NOT BIRD
NOT BIRD
BIRD
BIRD
NOT BIRD
NOT BIRD
NOT BIRD
NOT BIRD
BIRD
NOT BIRD
NOT BIRD
BIRD
BIRD
NOT BIRD
BIRD
NOT BIRD
BIRD
NOT BIRD
NOT BIRD
BIRD
NOT BIRD
NOT BIRD
BIRD
BIRD
NOT BIRD
BIRD
NOT BIRD
NOT BIRD
NOT BIRD
NOT BIRD
BIRD
BIRD
NOT BIRD
BIRD
NOT BIRD
NOT BIRD
NOT BIRD
BIRD
BIRD
NOT BIRD
UNKNOWN
NOT BIRD
BIRD
NOT BIRD
NOT BIRD
BIRD
BIRD
NOT BIRD
NOT BIRD
NOT BIRD
NOT BIRD
NOT BIRD
NOT BIRD
NOT BIRD
NOT BIRD
BIRD
NOT BIRD
NOT BIRD
BIRD
BIRD
BIRD
BIRD
NOT BIRD
NOT BIRD
NOT BIRD
BIRD
NOT BIRD
BIRD
NOT BIRD
NOT BIRD
BIRD
NOT BIRD
NOT BIRD
BIRD
BIRD
NOT BIRD
BIRD
NOT BIRD
NOT BIRD
NOT BIRD
NOT BIRD
BIRD
BIRD
NOT BIRD
BIRD
NOT BIRD
BIRD
BIRD
UNKNOWN
BIRD
BIRD
NOT BIRD
BIRD
BIRD
BIRD
UNKNOWN
BIRD
BIRD
BIRD
BIRD
NOT BIRD
NOT BIRD
BIRD
BIRD
NOT BIRD
BIRD
NOT BIRD
NOT BIRD
NOT BIRD
NOT BIRD
NOT BIRD
BIRD
BIRD
NOT BIRD
NOT BIRD
BIRD
NOT BIRD
NOT BIRD
NOT BIRD
BIRD
BIRD
BIRD
NOT BIRD
NOT BIRD
NOT BIRD
NOT BIRD
BIRD
NOT BIRD
NOT BIRD
NOT BIRD
NOT BIRD
NOT BIRD
BIRD
NOT BIRD
NOT BIRD
BIRD
BIRD
NOT BIRD
NOT BIRD
UNKNOWN
NOT BIRD
NOT BIRD
NOT BIRD
NOT BIRD
NOT BIRD
NOT BIRD
NOT BIRD
BIRD
BIRD
NOT BIRD
BIRD
BIRD
BIRD
BIRD
NOT BIRD
NOT BIRD
NOT BIRD
BIRD
NOT BIRD
BIRD
NOT BIRD
NOT BIRD
BIRD
NOT BIRD
BIRD
NOT BIRD
BIRD
NOT BIRD
BIRD
BIRD
NOT BIRD
NOT BIRD
NOT BIRD
NOT BIRD
NOT BIRD
BIRD
BIRD
NOT BIRD
NOT BIRD
BIRD
NOT BIRD
NOT BIRD
NOT BIRD
NOT BIRD
NOT BIRD
BIRD
NOT BIRD
BIRD
NOT BIRD
BIRD
NOT BIRD
BIRD
NOT BIRD
NOT BIRD
NOT BIRD
BIRD
NOT BIRD
NOT BIRD
NOT BIRD
NOT BIRD
NOT BIRD
NOT BIRD
NOT BIRD
NOT BIRD
NOT BIRD
NOT BIRD
NOT BIRD
NOT BIRD
NOT BIRD
NOT BIRD
NOT BIRD
BIRD
BIRD
NOT BIRD
NOT BIRD
NOT BIRD
BIRD
NOT BIRD
NOT BIRD
NOT BIRD
BIRD
BIRD
BIRD
NOT BIRD
NOT BIRD
BIRD
NOT BIRD
BIRD
BIRD
NOT BIRD
NOT BIRD
NOT BIRD
NOT BIRD
BIRD
BIRD
BIRD
BIRD
BIRD
NOT BIRD
NOT BIRD
NOT BIRD
NOT BIRD
BIRD
NOT BIRD
NOT BIRD
NOT BIRD
BIRD
NOT BIRD
NOT BIRD
NOT BIRD
BIRD
BIRD
BIRD
NOT BIRD
NOT BIRD
NOT BIRD
BIRD
BIRD
NOT BIRD
NOT BIRD
BIRD
NOT BIRD
NOT BIRD
NOT BIRD
BIRD
NOT BIRD
BIRD
BIRD
BIRD
BIRD
NOT BIRD
NOT BIRD
BIRD
NOT BIRD
BIRD
BIRD
NOT BIRD
Case #9:
NOT BIRD
NOT BIRD
NOT BIRD
NOT BIRD
NOT BIRD
NOT BIRD
NOT BIRD
NOT BIRD
NOT BIRD
NOT BIRD
NOT BIRD
NOT BIRD
NOT BIRD
NOT BIRD
NOT BIRD
NOT BIRD
NOT BIRD
NOT BIRD
NOT BIRD
NOT BIRD
NOT BIRD
NOT BIRD
NOT BIRD
NOT BIRD
NOT BIRD
NOT BIRD
NOT BIRD
NOT BIRD
NOT BIRD
NOT BIRD
NOT BIRD
NOT BIRD
NOT BIRD
NOT BIRD
NOT BIRD
NOT BIRD
NOT BIRD
NOT BIRD
NOT BIRD
NOT BIRD
NOT BIRD
NOT BIRD
NOT BIRD
NOT BIRD
NOT BIRD
NOT BIRD
NOT BIRD
NOT BIRD
NOT BIRD
NOT BIRD
NOT BIRD
NOT BIRD
NOT BIRD
NOT BIRD
NOT BIRD
NOT BIRD
NOT BIRD
NOT BIRD
NOT BIRD
NOT BIRD
NOT BIRD
NOT BIRD
NOT BIRD
NOT BIRD
NOT BIRD
NOT BIRD
NOT BIRD
NOT BIRD
NOT BIRD
NOT BIRD
NOT BIRD
NOT BIRD
NOT BIRD
NOT BIRD
NOT BIRD
NOT BIRD
NOT BIRD
NOT BIRD
NOT BIRD
NOT BIRD
NOT BIRD
NOT BIRD
NOT BIRD
NOT BIRD
NOT BIRD
NOT BIRD
NOT BIRD
NOT BIRD
NOT BIRD
NOT BIRD
NOT BIRD
NOT BIRD
NOT BIRD
NOT BIRD
NOT BIRD
NOT BIRD
NOT BIRD
NOT BIRD
NOT BIRD
NOT BIRD
NOT BIRD
NOT BIRD
NOT BIRD
NOT BIRD
UNKNOWN
NOT BIRD
NOT BIRD
NOT BIRD
NOT BIRD
NOT BIRD
NOT BIRD
NOT BIRD
NOT BIRD
NOT BIRD
NOT BIRD
NOT BIRD
NOT BIRD
NOT BIRD
NOT BIRD
NOT BIRD
NOT BIRD
NOT BIRD
NOT BIRD
NOT BIRD
NOT BIRD
NOT BIRD
NOT BIRD
NOT BIRD
NOT BIRD
NOT BIRD
NOT BIRD
NOT BIRD
NOT BIRD
NOT BIRD
NOT BIRD
NOT BIRD
NOT BIRD
NOT BIRD
NOT BIRD
NOT BIRD
NOT BIRD
NOT BIRD
NOT BIRD
NOT BIRD
NOT BIRD
NOT BIRD
NOT BIRD
NOT BIRD
NOT BIRD
NOT BIRD
NOT BIRD
NOT BIRD
NOT BIRD
NOT BIRD
NOT BIRD
NOT BIRD
NOT BIRD
NOT BIRD
NOT BIRD
NOT BIRD
NOT BIRD
NOT BIRD
NOT BIRD
NOT BIRD
NOT BIRD
NOT BIRD
NOT BIRD
NOT BIRD
NOT BIRD
NOT BIRD
NOT BIRD
NOT BIRD
NOT BIRD
NOT BIRD
NOT BIRD
NOT BIRD
NOT BIRD
NOT BIRD
NOT BIRD
NOT BIRD
NOT BIRD
NOT BIRD
NOT BIRD
NOT BIRD
NOT BIRD
NOT BIRD
NOT BIRD
NOT BIRD
NOT BIRD
UNKNOWN
NOT BIRD
NOT BIRD
NOT BIRD
NOT BIRD
NOT BIRD
NOT BIRD
NOT BIRD
NOT BIRD
NOT BIRD
NOT BIRD
NOT BIRD
NOT BIRD
NOT BIRD
NOT BIRD
NOT BIRD
NOT BIRD
NOT BIRD
NOT BIRD
NOT BIRD
NOT BIRD
NOT BIRD
NOT BIRD
NOT BIRD
NOT BIRD
NOT BIRD
NOT BIRD
NOT BIRD
NOT BIRD
NOT BIRD
NOT BIRD
NOT BIRD
NOT BIRD
NOT BIRD
NOT BIRD
NOT BIRD
NOT BIRD
NOT BIRD
NOT BIRD
NOT BIRD
NOT BIRD
NOT BIRD
NOT BIRD
NOT BIRD
NOT BIRD
NOT BIRD
NOT BIRD
NOT BIRD
NOT BIRD
NOT BIRD
NOT BIRD
NOT BIRD
NOT BIRD
NOT BIRD
NOT BIRD
NOT BIRD
NOT BIRD
NOT BIRD
NOT BIRD
NOT BIRD
NOT BIRD
NOT BIRD
NOT BIRD
NOT BIRD
NOT BIRD
UNKNOWN
NOT BIRD
NOT BIRD
NOT BIRD
NOT BIRD
NOT BIRD
NOT BIRD
NOT BIRD
NOT BIRD
NOT BIRD
NOT BIRD
NOT BIRD
NOT BIRD
NOT BIRD
NOT BIRD
NOT BIRD
NOT BIRD
NOT BIRD
NOT BIRD
NOT BIRD
NOT BIRD
NOT BIRD
NOT BIRD
NOT BIRD
NOT BIRD
NOT BIRD
NOT BIRD
UNKNOWN
NOT BIRD
NOT BIRD
UNKNOWN
NOT BIRD
NOT BIRD
NOT BIRD
NOT BIRD
NOT BIRD
NOT BIRD
NOT BIRD
NOT BIRD
NOT BIRD
NOT BIRD
NOT BIRD
NOT BIRD
NOT BIRD
NOT BIRD
NOT BIRD
NOT BIRD
NOT BIRD
NOT BIRD
NOT BIRD
NOT BIRD
NOT BIRD
NOT BIRD
NOT BIRD
NOT BIRD
NOT BIRD
NOT BIRD
NOT BIRD
NOT BIRD
NOT BIRD
NOT BIRD
NOT BIRD
NOT BIRD
NOT BIRD
NOT BIRD
NOT BIRD
NOT BIRD
NOT BIRD
NOT BIRD
NOT BIRD
NOT BIRD
NOT BIRD
NOT BIRD
NOT BIRD
NOT BIRD
NOT BIRD
NOT BIRD
NOT BIRD
NOT BIRD
NOT BIRD
NOT BIRD
NOT BIRD
NOT BIRD
NOT BIRD
NOT BIRD
NOT BIRD
NOT BIRD
NOT BIRD
NOT BIRD
NOT BIRD
NOT BIRD
NOT BIRD
NOT BIRD
NOT BIRD
NOT BIRD
NOT BIRD
NOT BIRD
NOT BIRD
NOT BIRD
NOT BIRD
NOT BIRD
NOT BIRD
NOT BIRD
NOT BIRD
NOT BIRD
NOT BIRD
BIRD
NOT BIRD
NOT BIRD
NOT BIRD
NOT BIRD
NOT BIRD
NOT BIRD
NOT BIRD
NOT BIRD
NOT BIRD
NOT BIRD
NOT BIRD
NOT BIRD
NOT BIRD
NOT BIRD
NOT BIRD
NOT BIRD
NOT BIRD
NOT BIRD
NOT BIRD
NOT BIRD
NOT BIRD
NOT BIRD
NOT BIRD
NOT BIRD
NOT BIRD
NOT BIRD
NOT BIRD
NOT BIRD
NOT BIRD
NOT BIRD
NOT BIRD
NOT BIRD
NOT BIRD
NOT BIRD
NOT BIRD
NOT BIRD
NOT BIRD
NOT BIRD
NOT BIRD
NOT BIRD
NOT BIRD
NOT BIRD
NOT BIRD
NOT BIRD
NOT BIRD
NOT BIRD
NOT BIRD
NOT BIRD
NOT BIRD
NOT BIRD
NOT BIRD
NOT BIRD
NOT BIRD
NOT BIRD
NOT BIRD
NOT BIRD
NOT BIRD
NOT BIRD
NOT BIRD
NOT BIRD
NOT BIRD
NOT BIRD
NOT BIRD
NOT BIRD
NOT BIRD
NOT BIRD
NOT BIRD
NOT BIRD
NOT BIRD
NOT BIRD
NOT BIRD
NOT BIRD
NOT BIRD
NOT BIRD
NOT BIRD
NOT BIRD
NOT BIRD
NOT BIRD
NOT BIRD
NOT BIRD
NOT BIRD
NOT BIRD
NOT BIRD
NOT BIRD
NOT BIRD
NOT BIRD
NOT BIRD
NOT BIRD
NOT BIRD
NOT BIRD
NOT BIRD
NOT BIRD
NOT BIRD
NOT BIRD
NOT BIRD
NOT BIRD
NOT BIRD
NOT BIRD
NOT BIRD
NOT BIRD
NOT BIRD
NOT BIRD
NOT BIRD
NOT BIRD
NOT BIRD
NOT BIRD
NOT BIRD
NOT BIRD
NOT BIRD
NOT BIRD
NOT BIRD
NOT BIRD
NOT BIRD
NOT BIRD
NOT BIRD
NOT BIRD
NOT BIRD
NOT BIRD
NOT BIRD
NOT BIRD
NOT BIRD
NOT BIRD
NOT BIRD
NOT BIRD
NOT BIRD
NOT BIRD
NOT BIRD
UNKNOWN
NOT BIRD
NOT BIRD
UNKNOWN
NOT BIRD
NOT BIRD
NOT BIRD
NOT BIRD
NOT BIRD
NOT BIRD
NOT BIRD
NOT BIRD
Case #10:
BIRD
NOT BIRD
BIRD
NOT BIRD
NOT BIRD
BIRD
NOT BIRD
NOT BIRD
NOT BIRD
NOT BIRD
NOT BIRD
BIRD
NOT BIRD
NOT BIRD
NOT BIRD
BIRD
NOT BIRD
BIRD
BIRD
NOT BIRD
NOT BIRD
BIRD
NOT BIRD
NOT BIRD
NOT BIRD
BIRD
NOT BIRD
NOT BIRD
NOT BIRD
NOT BIRD
NOT BIRD
BIRD
NOT BIRD
NOT BIRD
NOT BIRD
BIRD
NOT BIRD
NOT BIRD
NOT BIRD
NOT BIRD
NOT BIRD
NOT BIRD
BIRD
NOT BIRD
NOT BIRD
NOT BIRD
BIRD
BIRD
NOT BIRD
NOT BIRD
NOT BIRD
NOT BIRD
BIRD
NOT BIRD
NOT BIRD
NOT BIRD
NOT BIRD
NOT BIRD
NOT BIRD
BIRD
NOT BIRD
BIRD
NOT BIRD
NOT BIRD
NOT BIRD
NOT BIRD
NOT BIRD
BIRD
BIRD
BIRD
BIRD
NOT BIRD
NOT BIRD
NOT BIRD
NOT BIRD
BIRD
NOT BIRD
BIRD
BIRD
BIRD
NOT BIRD
BIRD
BIRD
NOT BIRD
NOT BIRD
BIRD
NOT BIRD
NOT BIRD
BIRD
NOT BIRD
NOT BIRD
BIRD
NOT BIRD
NOT BIRD
NOT BIRD
BIRD
NOT BIRD
NOT BIRD
NOT BIRD
NOT BIRD
NOT BIRD
BIRD
BIRD
BIRD
NOT BIRD
BIRD
UNKNOWN
NOT BIRD
NOT BIRD
BIRD
BIRD
NOT BIRD
NOT BIRD
NOT BIRD
NOT BIRD
BIRD
NOT BIRD
BIRD
NOT BIRD
NOT BIRD
NOT BIRD
NOT BIRD
NOT BIRD
NOT BIRD
BIRD
NOT BIRD
NOT BIRD
BIRD
NOT BIRD
NOT BIRD
NOT BIRD
NOT BIRD
NOT BIRD
NOT BIRD
BIRD
NOT BIRD
BIRD
NOT BIRD
BIRD
BIRD
BIRD
NOT BIRD
BIRD
NOT BIRD
BIRD
BIRD
NOT BIRD
BIRD
BIRD
BIRD
BIRD
BIRD
NOT BIRD
BIRD
BIRD
NOT BIRD
NOT BIRD
BIRD
NOT BIRD
NOT BIRD
NOT BIRD
NOT BIRD
NOT BIRD
BIRD
NOT BIRD
BIRD
BIRD
NOT BIRD
NOT BIRD
NOT BIRD
NOT BIRD
NOT BIRD
NOT BIRD
NOT BIRD
NOT BIRD
BIRD
NOT BIRD
NOT BIRD
BIRD
NOT BIRD
NOT BIRD
NOT BIRD
NOT BIRD
NOT BIRD
NOT BIRD
BIRD
NOT BIRD
NOT BIRD
NOT BIRD
BIRD
NOT BIRD
NOT BIRD
NOT BIRD
BIRD
NOT BIRD
NOT BIRD
BIRD
BIRD
BIRD
BIRD
BIRD
BIRD
BIRD
NOT BIRD
NOT BIRD
NOT BIRD
BIRD
NOT BIRD
NOT BIRD
NOT BIRD
BIRD
UNKNOWN
NOT BIRD
BIRD
NOT BIRD
NOT BIRD
BIRD
NOT BIRD
BIRD
NOT BIRD
NOT BIRD
NOT BIRD
NOT BIRD
NOT BIRD
NOT BIRD
NOT BIRD
NOT BIRD
BIRD
NOT BIRD
NOT BIRD
NOT BIRD
NOT BIRD
NOT BIRD
NOT BIRD
NOT BIRD
NOT BIRD
NOT BIRD
NOT BIRD
BIRD
NOT BIRD
BIRD
NOT BIRD
NOT BIRD
NOT BIRD
NOT BIRD
NOT BIRD
NOT BIRD
NOT BIRD
BIRD
BIRD
BIRD
BIRD
NOT BIRD
NOT BIRD
BIRD
BIRD
NOT BIRD
NOT BIRD
NOT BIRD
NOT BIRD
NOT BIRD
NOT BIRD
NOT BIRD
NOT BIRD
NOT BIRD
NOT BIRD
BIRD
NOT BIRD
NOT BIRD
NOT BIRD
NOT BIRD
BIRD
NOT BIRD
BIRD
NOT BIRD
BIRD
BIRD
NOT BIRD
NOT BIRD
BIRD
NOT BIRD
NOT BIRD
BIRD
NOT BIRD
NOT BIRD
NOT BIRD
NOT BIRD
NOT BIRD
NOT BIRD
NOT BIRD
NOT BIRD
NOT BIRD
BIRD
NOT BIRD
NOT BIRD
NOT BIRD
BIRD
NOT BIRD
BIRD
NOT BIRD
BIRD
NOT BIRD
NOT BIRD
NOT BIRD
NOT BIRD
NOT BIRD
NOT BIRD
NOT BIRD
NOT BIRD
NOT BIRD
BIRD
NOT BIRD
NOT BIRD
NOT BIRD
NOT BIRD
BIRD
BIRD
NOT BIRD
NOT BIRD
NOT BIRD
NOT BIRD
BIRD
BIRD
NOT BIRD
NOT BIRD
BIRD
BIRD
NOT BIRD
BIRD
NOT BIRD
NOT BIRD
BIRD
NOT BIRD
BIRD
NOT BIRD
NOT BIRD
NOT BIRD
NOT BIRD
NOT BIRD
NOT BIRD
NOT BIRD
NOT BIRD
NOT BIRD
NOT BIRD
NOT BIRD
NOT BIRD
NOT BIRD
NOT BIRD
NOT BIRD
NOT BIRD
NOT BIRD
NOT BIRD
BIRD
BIRD
BIRD
BIRD
BIRD
NOT BIRD
BIRD
NOT BIRD
NOT BIRD
NOT BIRD
NOT BIRD
NOT BIRD
NOT BIRD
NOT BIRD
NOT BIRD
NOT BIRD
BIRD
BIRD
NOT BIRD
NOT BIRD
NOT BIRD
BIRD
BIRD
NOT BIRD
NOT BIRD
BIRD
NOT BIRD
NOT BIRD
NOT BIRD
BIRD
NOT BIRD
NOT BIRD
NOT BIRD
BIRD
NOT BIRD
NOT BIRD
NOT BIRD
NOT BIRD
NOT BIRD
BIRD
NOT BIRD
NOT BIRD
NOT BIRD
NOT BIRD
NOT BIRD
NOT BIRD
NOT BIRD
NOT BIRD
BIRD
NOT BIRD
BIRD
NOT BIRD
NOT BIRD
NOT BIRD
NOT BIRD
BIRD
NOT BIRD
NOT BIRD
NOT BIRD
BIRD
NOT BIRD
NOT BIRD
NOT BIRD
BIRD
NOT BIRD
NOT BIRD
NOT BIRD
BIRD
NOT BIRD
NOT BIRD
NOT BIRD
NOT BIRD
NOT BIRD
BIRD
NOT BIRD
NOT BIRD
NOT BIRD
NOT BIRD
NOT BIRD
NOT BIRD
BIRD
NOT BIRD
NOT BIRD
NOT BIRD
NOT BIRD
BIRD
BIRD
NOT BIRD
BIRD
NOT BIRD
NOT BIRD
BIRD
NOT BIRD
BIRD
NOT BIRD
BIRD
NOT BIRD
NOT BIRD
NOT BIRD
NOT BIRD
BIRD
NOT BIRD
NOT BIRD
BIRD
BIRD
NOT BIRD
NOT BIRD
BIRD
NOT BIRD
BIRD
NOT BIRD
BIRD
BIRD
NOT BIRD
NOT BIRD
NOT BIRD
NOT BIRD
BIRD
BIRD
NOT BIRD
NOT BIRD
NOT BIRD
BIRD
NOT BIRD
NOT BIRD
BIRD
NOT BIRD
BIRD
BIRD
NOT BIRD
BIRD
NOT BIRD
BIRD
NOT BIRD
NOT BIRD
NOT BIRD
BIRD
BIRD
NOT BIRD
BIRD
NOT BIRD
NOT BIRD
NOT BIRD
BIRD
NOT BIRD
NOT BIRD
NOT BIRD
NOT BIRD
NOT BIRD
NOT BIRD
NOT BIRD
BIRD
BIRD
NOT BIRD
NOT BIRD
NOT BIRD
NOT BIRD
NOT BIRD
NOT BIRD
NOT BIRD
NOT BIRD
BIRD
NOT BIRD
BIRD
BIRD
NOT BIRD
NOT BIRD
NOT BIRD
NOT BIRD
BIRD
NOT BIRD
BIRD
BIRD
NOT BIRD
NOT BIRD
NOT BIRD
NOT BIRD
NOT BIRD
BIRD
NOT BIRD
NOT BIRD
NOT BIRD
NOT BIRD
NOT BIRD
BIRD
NOT BIRD
NOT BIRD
NOT BIRD
NOT BIRD
NOT BIRD
BIRD
NOT BIRD
NOT BIRD
NOT BIRD
NOT BIRD
NOT BIRD
NOT BIRD
BIRD
NOT BIRD
NOT BIRD
BIRD
NOT BIRD
BIRD
NOT BIRD
NOT BIRD
NOT BIRD
BIRD
NOT BIRD
NOT BIRD
BIRD
BIRD
NOT BIRD
BIRD
NOT BIRD
NOT BIRD
NOT BIRD
BIRD
BIRD
NOT BIRD
BIRD
NOT BIRD
NOT BIRD
BIRD
NOT BIRD
BIRD
BIRD
NOT BIRD
NOT BIRD
BIRD
NOT BIRD
BIRD
NOT BIRD
BIRD
NOT BIRD
NOT BIRD
BIRD
BIRD
BIRD
NOT BIRD
NOT BIRD
NOT BIRD
BIRD
NOT BIRD
NOT BIRD
NOT BIRD
NOT BIRD
NOT BIRD
NOT BIRD
NOT BIRD
NOT BIRD
NOT BIRD
BIRD
BIRD
NOT BIRD
BIRD
BIRD
BIRD
NOT BIRD
BIRD
NOT BIRD
NOT BIRD
BIRD
NOT BIRD
BIRD
NOT BIRD
NOT BIRD
BIRD
NOT BIRD
NOT BIRD
NOT BIRD
NOT BIRD
NOT BIRD
BIRD
NOT BIRD
BIRD
NOT BIRD
NOT BIRD
BIRD
NOT BIRD
NOT BIRD
BIRD
BIRD
NOT BIRD
BIRD
BIRD
NOT BIRD
NOT BIRD
NOT BIRD
BIRD
BIRD
NOT BIRD
BIRD
NOT BIRD
NOT BIRD
BIRD
NOT BIRD
NOT BIRD
BIRD
NOT BIRD
NOT BIRD
NOT BIRD
NOT BIRD
NOT BIRD
BIRD
NOT BIRD
BIRD
BIRD
BIRD
NOT BIRD
NOT BIRD
NOT BIRD
NOT BIRD
BIRD
BIRD
NOT BIRD
NOT BIRD
NOT BIRD
NOT BIRD
NOT BIRD
NOT BIRD
NOT BIRD
NOT BIRD
NOT BIRD
NOT BIRD
NOT BIRD
NOT BIRD
NOT BIRD
NOT BIRD
BIRD
NOT BIRD
BIRD
NOT BIRD
NOT BIRD
NOT BIRD
NOT BIRD
BIRD
NOT BIRD
BIRD
NOT BIRD
BIRD
NOT BIRD
NOT BIRD
NOT BIRD
NOT BIRD
NOT BIRD
NOT BIRD
BIRD
NOT BIRD
NOT BIRD
NOT BIRD
NOT BIRD
NOT BIRD
BIRD
NOT BIRD
NOT BIRD
NOT BIRD
BIRD
BIRD
NOT BIRD
BIRD
BIRD
NOT BIRD
NOT BIRD
BIRD
BIRD
NOT BIRD
NOT BIRD
NOT BIRD
NOT BIRD
NOT BIRD
NOT BIRD
NOT BIRD
NOT BIRD
NOT BIRD
BIRD
BIRD
BIRD
NOT BIRD
NOT BIRD
NOT BIRD
NOT BIRD
NOT BIRD
NOT BIRD
NOT BIRD
NOT BIRD
NOT BIRD
NOT BIRD
BIRD
NOT BIRD
BIRD
BIRD
BIRD
BIRD
BIRD
NOT BIRD
NOT BIRD
NOT BIRD
NOT BIRD
NOT BIRD
NOT BIRD
BIRD
NOT BIRD
BIRD
NOT BIRD
NOT BIRD
BIRD
BIRD
NOT BIRD
BIRD
BIRD
NOT BIRD
NOT BIRD
NOT BIRD
BIRD
NOT BIRD
NOT BIRD
NOT BIRD
BIRD
NOT BIRD
NOT BIRD
NOT BIRD
NOT BIRD
NOT BIRD
BIRD
NOT BIRD
NOT BIRD
NOT BIRD
NOT BIRD
NOT BIRD
NOT BIRD
BIRD
NOT BIRD
NOT BIRD
NOT BIRD
NOT BIRD
BIRD
BIRD
NOT BIRD
NOT BIRD
NOT BIRD
BIRD
BIRD
NOT BIRD
BIRD
BIRD
BIRD
NOT BIRD
NOT BIRD
NOT BIRD
NOT BIRD
NOT BIRD
NOT BIRD
BIRD
BIRD
NOT BIRD
NOT BIRD
NOT BIRD
NOT BIRD
NOT BIRD
NOT BIRD
NOT BIRD
NOT BIRD
BIRD
NOT BIRD
NOT BIRD
NOT BIRD
BIRD
NOT BIRD
NOT BIRD
NOT BIRD
BIRD
NOT BIRD
NOT BIRD
NOT BIRD
NOT BIRD
NOT BIRD
NOT BIRD
NOT BIRD
BIRD
NOT BIRD
NOT BIRD
BIRD
NOT BIRD
NOT BIRD
BIRD
NOT BIRD
NOT BIRD
NOT BIRD
NOT BIRD
NOT BIRD
NOT BIRD
NOT BIRD
NOT BIRD
NOT BIRD
BIRD
NOT BIRD
BIRD
BIRD
NOT BIRD
BIRD
BIRD
NOT BIRD
BIRD
BIRD
NOT BIRD
NOT BIRD
BIRD
BIRD
BIRD
BIRD
BIRD
NOT BIRD
NOT BIRD
NOT BIRD
BIRD
BIRD
BIRD
UNKNOWN
NOT BIRD
NOT BIRD
NOT BIRD
NOT BIRD
NOT BIRD
NOT BIRD
NOT BIRD
NOT BIRD
BIRD
NOT BIRD
NOT BIRD
NOT BIRD
NOT BIRD
NOT BIRD
BIRD
BIRD
NOT BIRD
NOT BIRD
NOT BIRD
UNKNOWN
NOT BIRD
NOT BIRD
BIRD
NOT BIRD
NOT BIRD
NOT BIRD
NOT BIRD
BIRD
NOT BIRD
BIRD
NOT BIRD
NOT BIRD
NOT BIRD
NOT BIRD
NOT BIRD
BIRD
NOT BIRD
NOT BIRD
NOT BIRD
NOT BIRD
BIRD
BIRD
NOT BIRD
BIRD
NOT BIRD
BIRD
NOT BIRD
BIRD
NOT BIRD
NOT BIRD
NOT BIRD
NOT BIRD
NOT BIRD
NOT BIRD
NOT BIRD
NOT BIRD
BIRD
NOT BIRD
NOT BIRD
NOT BIRD
NOT BIRD
BIRD
NOT BIRD
BIRD
BIRD
NOT BIRD
NOT BIRD
NOT BIRD
NOT BIRD
NOT BIRD
NOT BIRD
NOT BIRD
NOT BIRD
NOT BIRD
BIRD
NOT BIRD
NOT BIRD
NOT BIRD
NOT BIRD
NOT BIRD
BIRD
NOT BIRD
NOT BIRD
NOT BIRD
NOT BIRD
NOT BIRD
NOT BIRD
NOT BIRD
BIRD
NOT BIRD
NOT BIRD
NOT BIRD
BIRD
BIRD
BIRD
BIRD
NOT BIRD
BIRD
NOT BIRD
BIRD
BIRD
NOT BIRD
BIRD
BIRD
NOT BIRD
BIRD
NOT BIRD
NOT BIRD
NOT BIRD
NOT BIRD
NOT BIRD
NOT BIRD
NOT BIRD
NOT BIRD
NOT BIRD
NOT BIRD
NOT BIRD
BIRD
NOT BIRD
BIRD
NOT BIRD
NOT BIRD
NOT BIRD
NOT BIRD
NOT BIRD
NOT BIRD
NOT BIRD
NOT BIRD
BIRD
NOT BIRD
