Case #1:
BIRD
UNKNOWN
NOT BIRD
Case #2:
UNKNOWN
NOT BIRD
Case #3:
UNKNOWN
UNKNOWN
UNKNOWN
Case #4:
NOT BIRD
NOT BIRD
NOT BIRD
NOT BIRD
NOT BIRD
NOT BIRD
NOT BIRD
NOT BIRD
Case #5:
UNKNOWN
UNKNOWN
UNKNOWN
UNKNOWN
UNKNOWN
UNKNOWN
UNKNOWN
UNKNOWN
UNKNOWN
UNKNOWN
Case #6:
UNKNOWN
UNKNOWN
UNKNOWN
UNKNOWN
UNKNOWN
UNKNOWN
UNKNOWN
UNKNOWN
UNKNOWN
UNKNOWN
Case #7:
UNKNOWN
UNKNOWN
UNKNOWN
UNKNOWN
NOT BIRD
NOT BIRD
UNKNOWN
NOT BIRD
UNKNOWN
NOT BIRD
Case #8:
UNKNOWN
UNKNOWN
UNKNOWN
UNKNOWN
UNKNOWN
UNKNOWN
UNKNOWN
UNKNOWN
UNKNOWN
UNKNOWN
Case #9:
UNKNOWN
UNKNOWN
UNKNOWN
UNKNOWN
UNKNOWN
UNKNOWN
UNKNOWN
UNKNOWN
UNKNOWN
UNKNOWN
Case #10:
UNKNOWN
NOT BIRD
UNKNOWN
UNKNOWN
NOT BIRD
NOT BIRD
UNKNOWN
UNKNOWN
UNKNOWN
NOT BIRD
