Case #1: 0 0 0 1 1 0
Case #2: IMPOSSIBLE
Case #3: 0 0 0 1 1 0
Case #4: 0 0 0 1 1 0
Case #5: 0 0 0 1 1 0
Case #6: 0 0 0 2 1 0
Case #7: 0 0 0 1 1 0
Case #8: 0 0 0 2 1 0
Case #9: 0 0 0 3 1 0
Case #10: 0 0 0 1 1 0
Case #11: 0 0 0 2 1 0
Case #12: 0 0 0 3 1 0
Case #13: 0 0 0 4 1 0
Case #14: 0 0 1 0 0 1
Case #15: 0 0 2 0 0 1
Case #16: 0 0 0 1 1 0
Case #17: 0 0 0 1 2 0
Case #18: 0 0 0 2 2 0
Case #19: 0 0 1 2 2 1
Case #20: 0 0 0 1 1 0
Case #21: 0 0 0 1 2 0
Case #22: 0 0 0 2 2 0
Case #23: 0 0 0 3 1 0
Case #24: 0 0 0 3 2 0
Case #25: 0 0 1 3 2 1
Case #26: 0 0 0 1 1 0
Case #27: 0 0 0 1 2 0
Case #28: 0 0 0 4 1 0
Case #29: 0 0 0 3 1 0
Case #30: 0 0 0 3 2 0
Case #31: 0 0 0 4 2 0
Case #32: 0 0 1 3 2 1
Case #33: 0 0 1 4 2 1
Case #34: 0 0 1 0 0 1
Case #35: 0 0 2 0 0 1
Case #36: 0 0 3 0 0 1
Case #37: 0 0 1 0 0 1
Case #38: 0 0 1 0 0 2
Case #39: 0 0 3 0 0 1
Case #40: 0 0 2 0 0 2
Case #41: 0 0 3 0 0 2
Case #42: 0 0 3 1 1 2
Case #43: 0 0 0 1 1 0
Case #44: 0 0 0 1 2 0
Case #45: 0 0 0 1 3 0
Case #46: 0 0 0 2 2 0
Case #47: 0 0 0 2 3 0
Case #48: 0 0 0 3 3 0
Case #49: 0 0 1 2 3 1
Case #50: 0 0 1 3 3 1
Case #51: 0 0 1 3 3 2
Case #52: 0 0 0 1 1 0
Case #53: 0 0 0 1 2 0
Case #54: 0 0 0 1 3 0
Case #55: 0 0 0 4 1 0
Case #56: 0 0 0 2 3 0
Case #57: 0 0 0 3 3 0
Case #58: 0 0 0 4 2 0
Case #59: 0 0 0 4 3 0
Case #60: 0 0 1 3 2 1
Case #61: 0 0 1 3 3 2
Case #62: 0 0 1 4 3 1
Case #63: 0 0 1 4 3 2
Case #64: 0 0 1 0 0 1
Case #65: 0 0 2 0 0 1
Case #66: 0 0 3 0 0 1
Case #67: 0 0 4 0 0 1
Case #68: 0 0 1 0 0 1
Case #69: 0 0 1 0 0 2
Case #70: 0 0 3 0 0 1
Case #71: 0 0 4 0 0 1
Case #72: 0 0 3 0 0 2
Case #73: 0 0 4 0 0 2
Case #74: 0 0 3 1 1 2
Case #75: 0 0 4 1 1 2
Case #76: 0 0 1 0 0 1
Case #77: 0 0 1 0 0 2
Case #78: 0 0 1 0 0 3
Case #79: 0 0 4 0 0 1
Case #80: 0 0 2 0 0 3
Case #81: 0 0 4 0 0 2
Case #82: 0 0 3 0 0 3
Case #83: 0 0 4 0 0 3
Case #84: 0 0 3 1 1 2
Case #85: 0 0 3 1 2 3
Case #86: 0 0 4 1 1 3
Case #87: 0 0 4 1 2 3
Case #88: 0 0 0 1 1 0
Case #89: 0 0 0 1 2 0
Case #90: 0 0 0 1 3 0
Case #91: 0 0 0 1 4 0
Case #92: 0 0 0 2 3 0
Case #93: 0 0 0 2 4 0
Case #94: 0 0 0 3 3 0
Case #95: 0 0 0 3 4 0
Case #96: 0 0 0 4 4 0
Case #97: 0 0 1 2 3 1
Case #98: 0 0 1 2 4 1
Case #99: 0 0 1 3 4 1
Case #100: 0 0 1 3 4 2
Case #101: 0 0 1 4 4 1
Case #102: 0 0 1 4 4 2
Case #103: 0 0 1 4 4 3
Case #104: IMPOSSIBLE
Case #105: IMPOSSIBLE
Case #106: IMPOSSIBLE
Case #107: IMPOSSIBLE
Case #108: IMPOSSIBLE
Case #109: IMPOSSIBLE
Case #110: IMPOSSIBLE
Case #111: IMPOSSIBLE
Case #112: IMPOSSIBLE
Case #113: IMPOSSIBLE
Case #114: IMPOSSIBLE
Case #115: IMPOSSIBLE
Case #116: IMPOSSIBLE
Case #117: IMPOSSIBLE
Case #118: IMPOSSIBLE
Case #119: IMPOSSIBLE
Case #120: IMPOSSIBLE
Case #121: IMPOSSIBLE
Case #122: IMPOSSIBLE
Case #123: IMPOSSIBLE
Case #124: IMPOSSIBLE
Case #125: IMPOSSIBLE
Case #126: IMPOSSIBLE
Case #127: IMPOSSIBLE
Case #128: IMPOSSIBLE
Case #129: IMPOSSIBLE
Case #130: IMPOSSIBLE
Case #131: IMPOSSIBLE
Case #132: IMPOSSIBLE
Case #133: IMPOSSIBLE
Case #134: IMPOSSIBLE
Case #135: IMPOSSIBLE
Case #136: IMPOSSIBLE
Case #137: IMPOSSIBLE
Case #138: IMPOSSIBLE
Case #139: IMPOSSIBLE
Case #140: IMPOSSIBLE
Case #141: IMPOSSIBLE
Case #142: IMPOSSIBLE
Case #143: IMPOSSIBLE
Case #144: IMPOSSIBLE
Case #145: IMPOSSIBLE
Case #146: IMPOSSIBLE
Case #147: IMPOSSIBLE
Case #148: IMPOSSIBLE
Case #149: IMPOSSIBLE
Case #150: IMPOSSIBLE
Case #151: IMPOSSIBLE
Case #152: IMPOSSIBLE
Case #153: IMPOSSIBLE
Case #154: IMPOSSIBLE
Case #155: IMPOSSIBLE
Case #156: IMPOSSIBLE
Case #157: IMPOSSIBLE
Case #158: IMPOSSIBLE
Case #159: IMPOSSIBLE
Case #160: IMPOSSIBLE
Case #161: IMPOSSIBLE
Case #162: IMPOSSIBLE
Case #163: IMPOSSIBLE
Case #164: IMPOSSIBLE
Case #165: IMPOSSIBLE
Case #166: IMPOSSIBLE
Case #167: IMPOSSIBLE
Case #168: IMPOSSIBLE
Case #169: IMPOSSIBLE
Case #170: IMPOSSIBLE
Case #171: IMPOSSIBLE
Case #172: IMPOSSIBLE
Case #173: IMPOSSIBLE
Case #174: IMPOSSIBLE
Case #175: IMPOSSIBLE
Case #176: IMPOSSIBLE
Case #177: IMPOSSIBLE
Case #178: IMPOSSIBLE
Case #179: 0 0 0 2781 1 0
Case #180: 0 0 0 1207 1 0
Case #181: 0 0 0 7943 1 0
Case #182: 0 0 0 2982 1 0
Case #183: 0 0 0 2842 1 0
Case #184: 0 0 0 3502 1 0
Case #185: 0 0 0 4269 1 0
Case #186: 0 0 0 3399 1 0
Case #187: 0 0 0 5086 1 0
Case #188: 0 0 0 4650 1 0
Case #189: 0 0 0 5464 1 0
Case #190: 0 0 0 1426 1 0
Case #191: 0 0 0 3565 1 0
Case #192: 0 0 0 2315 1 0
Case #193: 0 0 0 8920 1 0
Case #194: 0 0 0 1017 1 0
Case #195: 0 0 0 8400 1 0
Case #196: 0 0 0 1289 1 0
Case #197: 0 0 1 8562 2 1
Case #198: 0 0 0 2072 1 0
Case #199: 0 0 0 1629 1 0
Case #200: 0 0 0 6408 2 0
Case #201: 0 0 0 6933 5 0
Case #202: 0 0 0 3700 1 0
Case #203: 0 0 0 5077 1 0
Case #204: 0 0 0 2541 1 0
Case #205: 0 0 0 7362 2 0
Case #206: 0 0 0 9196 2 0
Case #207: 0 0 0 4588 1 0
Case #208: 0 0 0 1464 1 0
Case #209: 0 0 1 8589 4 2
Case #210: 0 0 0 888 1 0
Case #211: 0 0 0 1093 1 0
Case #212: 0 0 0 6150 1 0
Case #213: 0 0 0 1672 1 0
Case #214: 0 0 0 3336 1 0
Case #215: 0 0 0 2191 1 0
Case #216: 0 0 0 6966 1 0
Case #217: 0 0 0 8394 6 0
Case #218: 0 0 0 3722 1 0
Case #219: 0 0 4182 0 0 1
Case #220: 0 0 3779 0 0 1
Case #221: 0 0 220 0 0 1
Case #222: 0 0 641 0 0 1
Case #223: 0 0 4702 0 0 1
Case #224: 0 0 2875 0 0 1
Case #225: 0 0 8387 0 0 1
Case #226: 0 0 4043 0 0 1
Case #227: 0 0 1919 0 0 1
Case #228: 0 0 8485 0 0 1
Case #229: 0 0 5158 0 0 1
Case #230: 0 0 3058 0 0 1
Case #231: 0 0 3437 0 0 3
Case #232: 0 0 7525 0 0 1
Case #233: 0 0 5146 1 1 2
Case #234: 0 0 9285 0 0 1
Case #235: 0 0 5436 0 0 1
Case #236: 0 0 607 0 0 1
Case #237: 0 0 600 0 0 1
Case #238: 0 0 3635 0 0 1
Case #239: 0 0 8811 0 0 2
Case #240: 0 0 6562 0 0 1
Case #241: 0 0 8969 0 0 1
Case #242: 0 0 8240 1 2 3
Case #243: 0 0 6412 0 0 1
Case #244: 0 0 4742 0 0 1
Case #245: 0 0 7712 0 0 1
Case #246: 0 0 5355 1 1 2
Case #247: 0 0 3425 0 0 3
Case #248: 0 0 591 0 0 1
Case #249: 0 0 2707 0 0 5
Case #250: 0 0 7727 0 0 1
Case #251: 0 0 5758 0 0 4
Case #252: 0 0 8647 0 0 3
Case #253: 0 0 5227 1 1 2
Case #254: 0 0 5326 0 0 4
Case #255: 0 0 5660 0 0 1
Case #256: 0 0 3147 0 0 1
Case #257: 0 0 9529 1 3 6
Case #258: 0 0 5845 0 0 1
Case #259: 0 0 1 8919 2622 780
Case #260: 0 0 0 3327 699 0
Case #261: 0 0 1 8523 634 502
Case #262: 0 0 0 6115 286 0
Case #263: 0 0 1 8697 68 3
Case #264: 0 0 613 0 0 7505
Case #265: 0 0 7933 1 2578 3022
Case #266: 0 0 1 7956 451 334
Case #267: 0 0 6884 0 0 306
Case #268: 0 0 0 1597 35 0
Case #269: 0 0 5168 0 0 1
Case #270: 0 0 0 5436 1319 0
Case #271: 0 0 0 2998 44 0
Case #272: 0 0 6650 0 0 5
Case #273: 0 0 5521 0 0 1026
Case #274: 0 0 0 5677 282 0
Case #275: 0 0 1 7271 292 116
Case #276: 0 0 9892 1 1210 1823
Case #277: 0 0 5222 1 293 367
Case #278: 0 0 1 5892 126 88
Case #279: 0 0 1 5780 303 117
Case #280: 0 0 0 5342 40 0
Case #281: 0 0 0 4635 362 0
Case #282: 0 0 5517 1 238 371
Case #283: 0 0 9515 1 9 21
Case #284: 0 0 1 8945 91 60
Case #285: 0 0 1 6247 355 264
Case #286: 0 0 5042 0 0 173
Case #287: 0 0 0 3678 187 0
Case #288: 0 0 7751 1 288 795
Case #289: 0 0 5261 1 193 1124
Case #290: 0 0 0 3131 3734 0
Case #291: 0 0 7906 1 387 612
Case #292: 0 0 8448 1 13 19
Case #293: 0 0 6747 0 0 79
Case #294: 0 0 324 0 0 3897
Case #295: 0 0 3625 1 39 50
Case #296: 0 0 1 7514 2511 1986
Case #297: 0 0 8904 1 87 130
Case #298: 0 0 1 1768 46 3
Case #299: 0 0 0 4570 413 0
Case #300: 0 0 3112 1 20 21
Case #301: 0 0 0 7564 39 0
Case #302: 0 0 7182 0 0 1409
Case #303: 0 0 2804 0 0 576
Case #304: 0 0 4447 0 0 894
Case #305: 0 0 3058 1 712 874
Case #306: 0 0 9135 1 131 508
Case #307: 0 0 2251 0 0 147
Case #308: 0 0 0 1697 6066 0
Case #309: 0 0 1085 0 0 6267
Case #310: 0 0 0 745 2687 0
Case #311: 0 0 4704 1 161 205
Case #312: 0 0 7076 0 0 1051
Case #313: 0 0 5010 0 0 787
Case #314: 0 0 9372 1 65 531
Case #315: 0 0 0 7622 1144 0
Case #316: 0 0 1 7924 1402 852
Case #317: 0 0 1 9140 409 190
Case #318: 0 0 1 6448 175 40
Case #319: 0 0 7100 1 267 615
Case #320: 0 0 0 154 6689 0
Case #321: 0 0 1 4109 128 7
Case #322: 0 0 908 0 0 117
Case #323: 0 0 1 5029 4 3
Case #324: 0 0 1 9620 296 80
Case #325: 0 0 0 747 6034 0
Case #326: 0 0 4223 1 12 28
Case #327: 0 0 8473 1 91 211
Case #328: 0 0 0 854 6436 0
Case #329: 0 0 0 2570 48 0
Case #330: 0 0 31 0 0 2335
Case #331: 0 0 0 7031 24 0
Case #332: 0 0 1 8754 184 150
Case #333: 0 0 1 6807 156 93
Case #334: 0 0 1 9831 197 9
Case #335: 0 0 0 4647 1238 0
Case #336: 0 0 0 1559 6006 0
Case #337: 0 0 764 0 0 13
Case #338: 0 0 4948 1 1892 1917
Case #339: 0 0 0 7400 727 0
Case #340: 0 0 7690 0 0 590
Case #341: 0 0 0 2390 63 0
Case #342: 0 0 8691 1 574 2935
Case #343: 0 0 9938 1 233 369
Case #344: 0 0 1 5729 354 261
Case #345: 0 0 1 9638 795 102
Case #346: 0 0 1 6639 2264 1337
Case #347: 0 0 1 6975 751 243
Case #348: 0 0 6400 1 1160 1463
Case #349: 0 0 7404 0 0 6
Case #350: 0 0 7621 1 1196 3381
Case #351: 0 0 7254 1 55 246
Case #352: 0 0 8393 0 0 72
Case #353: 0 0 1 9440 325 20
Case #354: 0 0 5573 1 52 211
Case #355: 0 0 7237 0 0 669
Case #356: 0 0 0 3049 648 0
Case #357: 0 0 8635 1 64 146
Case #358: 0 0 0 5517 13 0
Case #359: 0 0 1 1175 9993 149
Case #360: 0 0 0 928 9298 0
Case #361: 0 0 0 275 3413 0
Case #362: 0 0 1 2469 9998 942
Case #363: 0 0 1 496 9997 239
Case #364: 0 0 1 745 9999 534
Case #365: 0 0 0 1500 8553 0
Case #366: 0 0 1 141 9992 5
Case #367: 0 0 1 1616 9999 1343
Case #368: 0 0 1 3931 10000 2488
Case #369: 0 0 0 1466 7460 0
Case #370: 0 0 0 2105 6845 0
Case #371: 0 0 0 1282 9730 0
Case #372: 0 0 1 4305 9999 153
Case #373: 0 0 1 1024 9997 756
Case #374: 0 0 1 1004 9992 983
Case #375: 0 0 1 1241 10000 363
Case #376: 0 0 1 1547 9998 60
Case #377: 0 0 0 4331 9188 0
Case #378: 0 0 1 3365 9998 1534
Case #379: 0 0 0 4691 8643 0
Case #380: 0 0 0 2090 9965 0
Case #381: 0 0 0 807 9954 0
Case #382: 0 0 0 2002 5006 0
Case #383: 0 0 1 1627 9997 1282
Case #384: 0 0 1 1188 9995 777
Case #385: 0 0 0 234 9341 0
Case #386: 0 0 0 3031 7957 0
Case #387: 0 0 1 526 10000 50
Case #388: 0 0 0 2692 8460 0
Case #389: 0 0 1 1918 9996 1249
Case #390: 0 0 1 1057 9993 1000
Case #391: 0 0 1 290 9980 84
Case #392: 0 0 0 995 9876 0
Case #393: 0 0 0 613 4337 0
Case #394: 0 0 1 3060 10000 2447
Case #395: 0 0 1 3007 9999 919
Case #396: 0 0 0 1562 7388 0
Case #397: 0 0 1 1974 9999 838
Case #398: 0 0 1 1097 9992 956
Case #399: 0 0 1 1914 9998 206
Case #400: 0 0 1 2137 9997 1741
Case #401: 0 0 1 924 9999 37
Case #402: 0 0 1 338 9974 133
Case #403: 0 0 0 771 9479 0
Case #404: 0 0 0 746 9946 0
Case #405: 0 0 0 979 9886 0
Case #406: 0 0 1 1618 9999 278
Case #407: 0 0 1 1042 9995 19
Case #408: 0 0 0 466 8581 0
Case #409: 0 0 1 1829 9996 1793
Case #410: 0 0 0 1676 8645 0
Case #411: 0 0 1 1659 10000 1312
Case #412: 0 0 0 67 9871 0
Case #413: 0 0 1 1345 9996 205
Case #414: 0 0 0 908 8115 0
Case #415: 0 0 0 483 9681 0
Case #416: 0 0 0 189 8846 0
Case #417: 0 0 1 865 9999 722
Case #418: 0 0 1 2597 9999 378
Case #419: 0 0 0 2864 7445 0
Case #420: 0 0 0 2657 8370 0
Case #421: 0 0 1 3383 10000 787
Case #422: 0 0 0 5016 7066 0
Case #423: 0 0 0 603 8920 0
Case #424: 0 0 0 4023 9305 0
Case #425: 0 0 1 873 9991 834
Case #426: 0 0 0 4083 9406 0
Case #427: 0 0 1 1700 9995 531
Case #428: 0 0 1 1285 9998 775
Case #429: 0 0 1 819 9990 232
Case #430: 0 0 1 314 9988 303
Case #431: 0 0 1 251 10000 168
Case #432: 0 0 1 2391 9999 2001
Case #433: 0 0 1 3027 9999 857
Case #434: 0 0 0 5203 6587 0
Case #435: 0 0 0 1778 7156 0
Case #436: 0 0 1 724 10000 270
Case #437: 0 0 0 1608 9832 0
Case #438: 0 0 1 3189 9998 1968
Case #439: 0 0 0 1040 9976 0
Case #440: 0 0 1 1445 9998 1220
Case #441: 0 0 1 500 9996 109
Case #442: 0 0 1 1486 9999 1433
Case #443: 0 0 1 281 9974 191
Case #444: 0 0 0 1759 9339 0
Case #445: 0 0 1 2533 9999 25
Case #446: 0 0 0 209 6641 0
Case #447: 0 0 0 3455 9741 0
Case #448: 0 0 1 5659 10000 2958
Case #449: 0 0 1 1973 9999 1855
Case #450: 0 0 0 508 8209 0
Case #451: 0 0 0 1662 8183 0
Case #452: 0 0 1 1935 9996 175
Case #453: 0 0 0 359 9780 0
Case #454: 0 0 0 1082 5227 0
Case #455: 0 0 1 502 10000 175
Case #456: 0 0 0 3689 7943 0
Case #457: 0 0 1 673 9989 626
Case #458: 0 0 1 1070 9998 243
Case #459: 0 0 0 1236 8667 0
Case #460: 0 0 0 40 9647 0
Case #461: 0 0 1 441 9983 439
Case #462: 0 0 0 1131 9518 0
Case #463: 0 0 1 789 9997 95
Case #464: 0 0 0 3058 9363 0
Case #465: 0 0 1 2347 9998 1320
Case #466: 0 0 0 245 5329 0
Case #467: 0 0 0 329 9428 0
Case #468: 0 0 0 1436 5017 0
Case #469: 0 0 1 5414 9999 486
Case #470: 0 0 1 1486 9997 1176
Case #471: 0 0 0 836 5801 0
Case #472: 0 0 0 838 7508 0
Case #473: 0 0 1 4293 9999 199
Case #474: 0 0 1 387 9991 203
Case #475: 0 0 0 1008 9704 0
Case #476: 0 0 0 4701 8487 0
Case #477: 0 0 0 1995 4711 0
Case #478: 0 0 1 603 9989 286
Case #479: 0 0 1 797 9999 111
Case #480: 0 0 0 1127 9449 0
Case #481: 0 0 0 2253 8882 0
Case #482: 0 0 1 530 9985 354
Case #483: 0 0 0 1015 9487 0
Case #484: 0 0 1 1631 9998 1376
Case #485: 0 0 1 1396 9996 1046
Case #486: 0 0 1 721 9997 123
Case #487: 0 0 1 134 9974 9
Case #488: 0 0 1 417 9986 64
Case #489: 0 0 0 981 8297 0
Case #490: 0 0 0 6509 7441 0
Case #491: 0 0 1 1558 9997 166
Case #492: 0 0 1 570 9994 248
Case #493: 0 0 1 640 10000 397
Case #494: 0 0 1 3207 10000 3162
Case #495: 0 0 1 6858 10000 348
Case #496: 0 0 1 3039 9998 141
Case #497: 0 0 1 3590 9998 1928
Case #498: 0 0 0 4908 7757 0
Case #499: 0 0 1 326 9999 153
Case #500: 0 0 1 735 9997 366
Case #501: 0 0 1 2758 9999 1453
Case #502: 0 0 1 47 9876 8
Case #503: 0 0 1 4925 9999 635
Case #504: 0 0 1 3524 9998 455
Case #505: 0 0 0 1381 9342 0
Case #506: 0 0 1 248 10000 212
Case #507: 0 0 0 218 6284 0
Case #508: 0 0 1 1741 9998 172
Case #509: 0 0 1 2729 9997 605
Case #510: 0 0 0 356 5869 0
Case #511: 0 0 1 851 9995 256
Case #512: 0 0 1 142 9939 37
Case #513: 0 0 0 587 8132 0
Case #514: 0 0 1 3888 10000 438
Case #515: 0 0 1 476 9982 451
Case #516: 0 0 1 2948 9998 278
Case #517: 0 0 1 2706 9999 2288
Case #518: 0 0 1 3199 9998 1113
Case #519: 0 0 1 513 9988 234
Case #520: 0 0 0 853 5078 0
Case #521: 0 0 0 1471 3949 0
Case #522: 0 0 1 3994 9999 1723
Case #523: 0 0 0 3693 8109 0
Case #524: 0 0 1 759 9995 721
Case #525: 0 0 0 1966 9909 0
Case #526: 0 0 1 312 9991 66
Case #527: 0 0 1 946 9997 447
Case #528: 0 0 1 880 9998 342
Case #529: 0 0 1 2905 9999 2276
Case #530: 0 0 1 1022 9998 369
Case #531: 0 0 0 1383 8811 0
Case #532: 0 0 0 1091 5771 0
Case #533: 0 0 1 2590 10000 2575
Case #534: 0 0 1 2532 10000 508
Case #535: 0 0 1 681 10000 238
Case #536: 0 0 0 2910 5743 0
Case #537: 0 0 1 2448 9999 846
Case #538: 0 0 0 9 6707 0
Case #539: 0 0 1 2672 9999 966
Case #540: 0 0 0 1100 9147 0
Case #541: 0 0 1 79 9880 10
Case #542: 0 0 0 2025 9754 0
Case #543: 0 0 1 358 9984 332
Case #544: 0 0 0 151 2285 0
Case #545: 0 0 1 1622 9995 132
Case #546: 0 0 1 538 9988 314
Case #547: 0 0 1 310 9996 63
Case #548: 0 0 0 175 8774 0
Case #549: 0 0 1 834 9992 808
Case #550: 0 0 1 66 9932 38
Case #551: 0 0 1 61 9930 28
Case #552: 0 0 1 534 9996 407
Case #553: 0 0 1 191 9979 83
Case #554: 0 0 0 1683 8598 0
Case #555: 0 0 1 1596 9995 1048
Case #556: 0 0 0 63 9601 0
Case #557: 0 0 1 5884 10000 4153
Case #558: 0 0 0 2474 9959 0
Case #559: 0 0 1 2161 9997 1340
Case #560: 0 0 0 950 7231 0
Case #561: 0 0 1 2543 10000 100
Case #562: 0 0 1 1735 9996 904
Case #563: 0 0 0 625 9604 0
Case #564: 0 0 0 4141 8796 0
Case #565: 0 0 1 562 9994 510
Case #566: 0 0 0 315 8146 0
Case #567: 0 0 0 4277 6661 0
Case #568: 0 0 0 37 1123 0
Case #569: 0 0 0 1036 9574 0
Case #570: 0 0 0 621 7754 0
Case #571: 0 0 0 2810 9868 0
Case #572: 0 0 1 297 9994 84
Case #573: 0 0 1 2732 10000 780
Case #574: 0 0 1 561 9987 116
Case #575: 0 0 1 63 9849 47
Case #576: 0 0 1 5727 10000 2847
Case #577: 0 0 0 521 3829 0
Case #578: 0 0 1 769 9988 130
Case #579: 0 0 1 174 9989 27
Case #580: 0 0 1 372 9976 318
Case #581: 0 0 1 3960 9999 1095
Case #582: 0 0 0 4798 8499 0
Case #583: 0 0 0 2014 7563 0
Case #584: 0 0 0 1579 6398 0
Case #585: 0 0 0 5322 7994 0
Case #586: 0 0 1 84 9888 65
Case #587: 0 0 0 105 9485 0
Case #588: 0 0 1 1524 9999 221
Case #589: 0 0 0 1832 8534 0
Case #590: 0 0 0 1195 8045 0
Case #591: 0 0 1 1239 9997 382
Case #592: 0 0 1 2137 9997 1249
Case #593: 0 0 1 434 10000 391
Case #594: 0 0 0 550 8797 0
Case #595: 0 0 0 931 5918 0
Case #596: 0 0 1 1677 9998 342
Case #597: 0 0 0 9 4883 0
Case #598: 0 0 0 2137 9782 0
Case #599: 0 0 1 2732 9998 2504
Case #600: 0 0 0 1129 1447 0
Case #601: 0 0 1 1560 9994 197
Case #602: 0 0 0 511 2963 0
Case #603: 0 0 1 604 9985 25
Case #604: 0 0 1 3411 9998 199
Case #605: 0 0 0 915 9082 0
Case #606: 0 0 1 206 9980 54
Case #607: 0 0 0 2181 9333 0
Case #608: 0 0 0 2985 9828 0
Case #609: 0 0 1 551 9994 211
Case #610: 0 0 0 4 7144 0
Case #611: 0 0 0 177 9777 0
Case #612: 0 0 0 845 6326 0
Case #613: 0 0 1 2366 9997 362
Case #614: 0 0 0 2117 2879 0
Case #615: 0 0 1 2679 9998 973
Case #616: 0 0 1 3214 10000 1486
Case #617: 0 0 1 1188 9997 1032
Case #618: 0 0 0 428 5065 0
Case #619: 0 0 1 2498 10000 17
Case #620: 0 0 1 393 9979 153
Case #621: 0 0 1 666 9990 104
Case #622: 0 0 0 1483 5773 0
Case #623: 0 0 0 1100 9634 0
Case #624: 0 0 0 1737 6599 0
Case #625: 0 0 0 31 6313 0
Case #626: 0 0 0 1885 3917 0
Case #627: 0 0 0 3082 7742 0
Case #628: 0 0 1 1681 9996 1301
Case #629: 0 0 1 1198 9995 663
Case #630: 0 0 0 201 3559 0
Case #631: 0 0 0 1841 9831 0
Case #632: 0 0 1 1301 9993 210
Case #633: 0 0 0 1474 5079 0
Case #634: 0 0 0 973 5926 0
Case #635: 0 0 0 1181 6236 0
Case #636: 0 0 1 1132 9995 837
Case #637: 0 0 1 401 9988 91
Case #638: 0 0 1 2888 9998 1567
Case #639: 0 0 0 1733 7423 0
Case #640: 0 0 1 6726 9999 2058
Case #641: 0 0 1 2799 9999 1567
Case #642: 0 0 0 537 8197 0
Case #643: 0 0 0 138 8653 0
Case #644: 0 0 1 3345 9998 836
Case #645: 0 0 1 1320 9998 752
Case #646: 0 0 0 700 9527 0
Case #647: 0 0 0 3160 9921 0
Case #648: 0 0 1 2883 9998 1350
Case #649: 0 0 1 577 9997 225
Case #650: 0 0 1 889 9995 388
Case #651: 0 0 0 100 9231 0
Case #652: 0 0 1 2066 9998 1247
Case #653: 0 0 1 2395 9999 2186
Case #654: 0 0 0 1317 7366 0
Case #655: 0 0 1 663 9997 654
Case #656: 0 0 1 4394 9998 385
Case #657: 0 0 1 139 9971 21
Case #658: 0 0 1 877 9994 105
Case #659: 0 0 1 301 9980 220
Case #660: 0 0 1 2531 9998 1394
Case #661: 0 0 1 1511 9995 1144
Case #662: 0 0 1 2866 9998 1223
Case #663: 0 0 1 2300 9998 1952
Case #664: 0 0 1 2279 10000 1860
Case #665: 0 0 1 639 9988 112
Case #666: 0 0 0 2636 9794 0
Case #667: 0 0 0 766 6658 0
Case #668: 0 0 1 201 9972 150
Case #669: 0 0 0 1373 7570 0
Case #670: 0 0 0 4446 7143 0
Case #671: 0 0 1 38 9745 4
Case #672: 0 0 0 1268 8195 0
Case #673: 0 0 1 3208 9997 86
Case #674: 0 0 1 2615 9997 1155
Case #675: 0 0 0 786 8564 0
Case #676: 0 0 0 540 8444 0
Case #677: 0 0 1 1487 9999 1316
Case #678: 0 0 0 948 9875 0
Case #679: 0 0 1 1317 10000 680
Case #680: 0 0 0 84 7607 0
Case #681: 0 0 1 3873 10000 745
Case #682: 0 0 0 2066 8345 0
Case #683: 0 0 1 1403 9995 889
Case #684: 0 0 0 959 8301 0
Case #685: 0 0 1 3779 10000 3259
Case #686: 0 0 0 2276 7951 0
Case #687: 0 0 1 1765 10000 1433
Case #688: 0 0 0 840 9862 0
Case #689: 0 0 1 1657 9995 1517
Case #690: 0 0 1 59 9889 45
Case #691: 0 0 1 377 9981 259
Case #692: 0 0 1 1068 10000 484
Case #693: 0 0 0 3373 7342 0
Case #694: 0 0 1 592 9998 39
Case #695: 0 0 0 2148 9499 0
Case #696: 0 0 0 818 9865 0
Case #697: 0 0 1 971 9998 136
Case #698: 0 0 1 1945 10000 1667
Case #699: 0 0 1 727 9989 59
Case #700: 0 0 1 95 9922 44
Case #701: 0 0 1 573 9986 234
Case #702: 0 0 1 1303 10000 406
Case #703: 0 0 0 435 9034 0
Case #704: 0 0 1 843 10000 371
Case #705: 0 0 1 853 9996 436
Case #706: 0 0 1 594 9999 271
Case #707: 0 0 0 2874 7507 0
Case #708: 0 0 0 169 5987 0
Case #709: 0 0 0 1433 6977 0
Case #710: 0 0 0 88 7555 0
Case #711: 0 0 1 1540 9997 403
Case #712: 0 0 0 319 4258 0
Case #713: 0 0 1 5604 10000 4105
Case #714: 0 0 0 2901 9234 0
Case #715: 0 0 1 853 10000 302
Case #716: 0 0 1 435 9983 194
Case #717: 0 0 1 1821 10000 401
Case #718: 0 0 1 1787 9999 1075
Case #719: 0 0 1 1996 9999 599
Case #720: 0 0 1 57 9928 52
Case #721: 0 0 0 4290 7351 0
Case #722: 0 0 1 1555 9997 67
Case #723: 0 0 1 2773 9998 447
Case #724: 0 0 0 1984 9337 0
Case #725: 0 0 0 3141 3907 0
Case #726: 0 0 0 1499 5234 0
Case #727: 0 0 1 3040 9998 1316
Case #728: 0 0 1 373 10000 265
Case #729: 0 0 1 837 9990 384
Case #730: 0 0 1 968 9999 520
Case #731: 0 0 1 254 9985 252
Case #732: 0 0 1 3357 9998 2420
Case #733: 0 0 1 4476 9999 1533
Case #734: 0 0 1 838 9997 222
Case #735: 0 0 0 1319 6694 0
Case #736: 0 0 1 1030 9998 307
Case #737: 0 0 1 1377 9999 803
Case #738: 0 0 1 963 10000 910
Case #739: 0 0 0 3993 7853 0
Case #740: 0 0 1 2230 9997 914
Case #741: 0 0 0 388 6526 0
Case #742: 0 0 0 826 9255 0
Case #743: 0 0 0 6568 8567 0
Case #744: 0 0 0 2337 9923 0
Case #745: 0 0 1 2866 10000 320
Case #746: 0 0 0 1582 9386 0
Case #747: 0 0 0 2955 8488 0
Case #748: 0 0 1 432 9989 302
Case #749: 0 0 1 441 9995 17
Case #750: 0 0 1 2998 9999 846
Case #751: 0 0 1 1480 9996 970
Case #752: 0 0 0 717 8468 0
Case #753: 0 0 0 748 7234 0
Case #754: 0 0 0 451 4916 0
Case #755: 0 0 0 1044 8990 0
Case #756: 0 0 1 998 9994 609
Case #757: 0 0 1 1374 9996 1279
Case #758: 0 0 0 1673 5919 0
Case #759: 0 0 1 3134 9998 1374
Case #760: 0 0 1 631 9989 413
Case #761: 0 0 0 44 9643 0
Case #762: 0 0 1 164 9997 64
Case #763: 0 0 1 2369 9997 1746
Case #764: 0 0 1 257 9992 167
Case #765: 0 0 0 1789 4691 0
Case #766: 0 0 1 5566 9999 2190
Case #767: 0 0 1 3102 10000 3100
Case #768: 0 0 1 2085 9996 69
Case #769: 0 0 1 80 9975 67
Case #770: 0 0 1 1778 9997 116
Case #771: 0 0 1 3564 9999 1714
Case #772: 0 0 1 1789 10000 276
Case #773: 0 0 0 1933 4606 0
Case #774: 0 0 1 1040 9992 552
Case #775: 0 0 1 2620 9999 702
Case #776: 0 0 0 60 7289 0
Case #777: 0 0 1 1627 10000 1542
Case #778: 0 0 1 1958 9996 1181
Case #779: 0 0 1 1364 9995 359
Case #780: 0 0 1 3150 10000 2102
Case #781: 0 0 0 171 8995 0
Case #782: 0 0 0 2018 8257 0
Case #783: 0 0 1 1917 9996 458
Case #784: 0 0 1 128 9931 77
Case #785: 0 0 0 1487 2389 0
Case #786: 0 0 0 1329 7384 0
Case #787: 0 0 1 4789 10000 4304
Case #788: 0 0 1 58 9974 22
Case #789: 0 0 0 1907 8064 0
Case #790: 0 0 0 5154 8862 0
Case #791: 0 0 1 3028 9999 699
Case #792: 0 0 0 969 9937 0
Case #793: 0 0 0 139 4983 0
Case #794: 0 0 1 1035 9991 308
Case #795: 0 0 1 1807 9996 405
Case #796: 0 0 0 1637 7389 0
Case #797: 0 0 0 3265 5107 0
Case #798: 0 0 1 2111 9998 526
Case #799: 0 0 0 1731 7848 0
Case #800: 0 0 1 3365 9998 280
Case #801: 0 0 0 1263 7033 0
Case #802: 0 0 0 240 7926 0
Case #803: 0 0 1 631 9997 145
Case #804: 0 0 1 1011 9992 1006
Case #805: 0 0 1 5496 9999 34
Case #806: 0 0 1 1140 10000 156
Case #807: 0 0 0 778 9176 0
Case #808: 0 0 1 3202 9998 1831
Case #809: 0 0 0 3487 7527 0
Case #810: 0 0 1 80 9877 11
Case #811: 0 0 0 3498 5737 0
Case #812: 0 0 0 1672 6418 0
Case #813: 0 0 0 2605 3899 0
Case #814: 0 0 1 2774 9997 916
Case #815: 0 0 0 1878 9515 0
Case #816: 0 0 1 528 10000 200
Case #817: 0 0 0 512 8306 0
Case #818: 0 0 1 436 10000 59
Case #819: 0 0 0 1702 7868 0
Case #820: 0 0 1 6066 10000 3098
Case #821: 0 0 0 295 9426 0
Case #822: 0 0 1 4334 9999 2137
Case #823: 0 0 1 2155 10000 208
Case #824: 0 0 0 2313 3481 0
Case #825: 0 0 0 3748 7658 0
Case #826: 0 0 1 2197 10000 1773
Case #827: 0 0 0 239 6299 0
Case #828: 0 0 0 2356 8354 0
Case #829: 0 0 1 483 9999 68
Case #830: 0 0 1 1930 9996 29
Case #831: 0 0 0 748 9756 0
Case #832: 0 0 1 2061 9997 38
Case #833: 0 0 0 3816 9719 0
Case #834: 0 0 0 635 9372 0
Case #835: 0 0 1 150 9957 148
Case #836: 0 0 1 3332 9998 1144
Case #837: 0 0 0 178 8908 0
Case #838: 0 0 1 1506 9996 390
Case #839: 0 0 0 1232 9055 0
Case #840: 0 0 1 62 9938 45
Case #841: 0 0 1 1582 10000 252
Case #842: 0 0 0 3004 9504 0
Case #843: 0 0 1 3483 9999 1581
Case #844: 0 0 1 4938 10000 4895
Case #845: 0 0 0 864 8724 0
Case #846: 0 0 1 3695 10000 42
Case #847: 0 0 0 3463 5621 0
Case #848: 0 0 0 491 5332 0
Case #849: 0 0 1 1134 9997 954
Case #850: 0 0 0 1591 9206 0
Case #851: 0 0 1 4085 10000 2443
Case #852: 0 0 1 2523 9999 1460
Case #853: 0 0 0 2925 9511 0
Case #854: 0 0 1 701 9987 447
Case #855: 0 0 1 1740 9996 157
Case #856: 0 0 0 58 9447 0
Case #857: 0 0 1 4568 10000 1600
Case #858: 0 0 0 2494 8301 0
Case #859: 0 0 0 2301 4129 0
Case #860: 0 0 0 3869 8286 0
Case #861: 0 0 0 2588 5398 0
Case #862: 0 0 1 1460 10000 893
Case #863: 0 0 1 3741 9998 2470
Case #864: 0 0 0 1621 5371 0
Case #865: 0 0 1 5742 10000 1611
Case #866: 0 0 1 783 10000 300
Case #867: 0 0 1 753 9994 54
Case #868: 0 0 1 3106 9997 486
Case #869: 0 0 1 271 9974 200
Case #870: 0 0 1 753 9999 11
Case #871: 0 0 1 290 9979 94
Case #872: 0 0 0 3523 9975 0
Case #873: 0 0 1 3820 9998 1180
Case #874: 0 0 0 3547 7285 0
Case #875: 0 0 1 1670 9997 1472
Case #876: 0 0 1 330 9994 315
Case #877: 0 0 1 1869 9997 277
Case #878: 0 0 0 2414 5102 0
Case #879: 0 0 0 2231 9418 0
Case #880: 0 0 1 2091 9997 1159
Case #881: 0 0 1 1572 9998 828
Case #882: 0 0 0 757 6932 0
Case #883: 0 0 1 2137 9999 1434
Case #884: 0 0 1 1700 9998 1288
Case #885: 0 0 0 76 8503 0
Case #886: 0 0 1 2411 9999 1297
Case #887: 0 0 1 189 9951 9
Case #888: 0 0 1 4101 10000 1314
Case #889: 0 0 0 1080 9835 0
Case #890: 0 0 1 3122 10000 1137
Case #891: 0 0 1 187 9999 43
Case #892: 0 0 1 221 9976 33
Case #893: 0 0 0 1885 8754 0
Case #894: 0 0 1 969 9992 213
Case #895: 0 0 1 805 9992 142
Case #896: 0 0 0 364 9798 0
Case #897: 0 0 1 38 9966 3
Case #898: 0 0 1 2686 9997 970
Case #899: 0 0 0 1677 6359 0
Case #900: 0 0 0 5231 5332 0
Case #901: 0 0 1 267 9966 12
Case #902: 0 0 1 1395 10000 159
Case #903: 0 0 0 1692 8968 0
Case #904: 0 0 1 802 9998 314
Case #905: 0 0 1 1926 9999 343
Case #906: 0 0 0 4678 5219 0
Case #907: 0 0 0 684 8936 0
Case #908: 0 0 0 3604 9560 0
Case #909: 0 0 0 2504 5783 0
Case #910: 0 0 1 744 9993 345
Case #911: 0 0 0 1068 7698 0
Case #912: 0 0 1 3386 9999 2556
Case #913: 0 0 0 2881 5257 0
Case #914: 0 0 1 4536 9999 2110
Case #915: 0 0 1 1031 10000 870
Case #916: 0 0 1 1427 9996 370
Case #917: 0 0 0 97 8576 0
Case #918: 0 0 1 1372 9998 846
Case #919: 0 0 0 2684 9798 0
Case #920: 0 0 0 4631 9967 0
Case #921: 0 0 1 2716 9999 1241
Case #922: 0 0 0 487 1797 0
Case #923: 0 0 0 1482 7669 0
Case #924: 0 0 0 1327 4203 0
Case #925: 0 0 0 520 6997 0
Case #926: 0 0 1 937 9992 739
Case #927: 0 0 1 733 9998 556
Case #928: 0 0 0 1546 8866 0
Case #929: 0 0 1 2521 9997 555
Case #930: 0 0 0 4959 8429 0
Case #931: 0 0 0 2968 9769 0
Case #932: 0 0 0 612 9662 0
Case #933: 0 0 1 983 9993 967
Case #934: 0 0 0 1069 3427 0
Case #935: 0 0 1 2097 10000 49
Case #936: 0 0 0 1094 6250 0
Case #937: 0 0 0 636 9878 0
Case #938: 0 0 0 657 9501 0
Case #939: 0 0 1 1065 9996 522
Case #940: 0 0 0 1339 8891 0
Case #941: 0 0 0 2413 9065 0
Case #942: 0 0 1 3054 10000 2312
Case #943: 0 0 0 1192 5779 0
Case #944: 0 0 1 625 9986 100
Case #945: 0 0 1 563 9998 181
Case #946: 0 0 1 465 9988 279
Case #947: 0 0 0 140 8989 0
Case #948: 0 0 0 5120 8686 0
Case #949: 0 0 0 1241 9795 0
Case #950: 0 0 1 1642 9996 1217
Case #951: 0 0 0 1171 3457 0
Case #952: 0 0 0 41 5532 0
Case #953: 0 0 1 155 9976 69
Case #954: 0 0 1 555 9993 322
Case #955: 0 0 1 1933 9996 1672
Case #956: 0 0 0 2916 7948 0
Case #957: 0 0 1 3888 10000 582
Case #958: 0 0 0 3422 7883 0
Case #959: 0 0 1 1018 9995 343
Case #960: 0 0 1 1788 10000 1495
Case #961: 0 0 0 9999 10000 0
Case #962: 0 0 1 10000 10000 9999
Case #963: 0 0 1 10000 10000 9998
Case #964: 0 0 1 10000 10000 9997
Case #965: 0 0 1 10000 10000 9996
Case #966: 0 0 1 10000 10000 9995
Case #967: 0 0 1 10000 10000 9994
Case #968: 0 0 1 10000 10000 9993
Case #969: 0 0 1 10000 10000 9992
Case #970: 0 0 1 10000 10000 9991
Case #971: 0 0 1 10000 10000 9990
Case #972: 0 0 1 10000 10000 9989
Case #973: 0 0 1 10000 10000 9988
Case #974: 0 0 1 10000 10000 9987
Case #975: 0 0 1 10000 10000 9986
Case #976: 0 0 1 10000 10000 9985
Case #977: 0 0 1 10000 10000 9984
Case #978: 0 0 1 10000 10000 9983
Case #979: 0 0 1 10000 10000 9982
Case #980: 0 0 1 10000 10000 9981
Case #981: 0 0 1 10000 10000 19
Case #982: 0 0 1 10000 10000 18
Case #983: 0 0 1 10000 10000 17
Case #984: 0 0 1 10000 10000 16
Case #985: 0 0 1 10000 10000 15
Case #986: 0 0 1 10000 10000 14
Case #987: 0 0 1 10000 10000 13
Case #988: 0 0 1 10000 10000 12
Case #989: 0 0 1 10000 10000 11
Case #990: 0 0 1 10000 10000 10
Case #991: 0 0 1 10000 10000 9
Case #992: 0 0 1 10000 10000 8
Case #993: 0 0 1 10000 10000 7
Case #994: 0 0 1 10000 10000 6
Case #995: 0 0 1 10000 10000 5
Case #996: 0 0 1 10000 10000 4
Case #997: 0 0 1 10000 10000 3
Case #998: 0 0 1 10000 10000 2
Case #999: 0 0 1 10000 10000 1
Case #1000: 0 0 0 10000 10000 0
