Case #1: 0 0 0 1 1 0
Case #2: IMPOSSIBLE
Case #3: 0 0 0 1 1 0
Case #4: 0 0 0 1 1 0
Case #5: 0 0 0 1 1 0
Case #6: 0 0 0 2 1 0
Case #7: 0 0 0 1 1 0
Case #8: 0 0 0 2 1 0
Case #9: 0 0 0 3 1 0
Case #10: 0 0 0 1 1 0
Case #11: 0 0 0 2 1 0
Case #12: 0 0 0 3 1 0
Case #13: 0 0 0 4 1 0
Case #14: 0 0 0 1 1 0
Case #15: 0 0 0 1 2 0
Case #16: 0 0 0 1 1 0
Case #17: 0 0 0 1 2 0
Case #18: 0 0 0 2 2 0
Case #19: 0 0 1 2 2 1
Case #20: 0 0 0 1 1 0
Case #21: 0 0 0 1 2 0
Case #22: 0 0 0 2 2 0
Case #23: 0 0 0 3 1 0
Case #24: 0 0 0 3 2 0
Case #25: 0 0 1 3 2 1
Case #26: 0 0 0 1 1 0
Case #27: 0 0 0 1 2 0
Case #28: 0 0 0 2 2 0
Case #29: 0 0 0 3 1 0
Case #30: 0 0 0 3 2 0
Case #31: 0 0 0 4 2 0
Case #32: 0 0 1 3 2 1
Case #33: 0 0 1 4 2 1
Case #34: 0 0 0 1 1 0
Case #35: 0 0 0 1 2 0
Case #36: 0 0 0 1 3 0
Case #37: 0 0 0 1 1 0
Case #38: 0 0 0 1 2 0
Case #39: 0 0 0 1 3 0
Case #40: 0 0 0 2 2 0
Case #41: 0 0 0 2 3 0
Case #42: 0 0 1 2 3 1
Case #43: 0 0 0 1 1 0
Case #44: 0 0 0 1 2 0
Case #45: 0 0 0 1 3 0
Case #46: 0 0 0 2 2 0
Case #47: 0 0 0 2 3 0
Case #48: 0 0 0 3 3 0
Case #49: 0 0 1 2 3 1
Case #50: 0 0 1 3 3 1
Case #51: 0 0 1 3 3 2
Case #52: 0 0 0 1 1 0
Case #53: 0 0 0 1 2 0
Case #54: 0 0 0 1 3 0
Case #55: 0 0 0 2 2 0
Case #56: 0 0 0 2 3 0
Case #57: 0 0 0 3 3 0
Case #58: 0 0 0 4 2 0
Case #59: 0 0 0 4 3 0
Case #60: 0 0 1 2 3 1
Case #61: 0 0 1 3 3 2
Case #62: 0 0 1 4 3 1
Case #63: 0 0 1 4 3 2
Case #64: 0 0 0 1 1 0
Case #65: 0 0 0 1 2 0
Case #66: 0 0 0 1 3 0
Case #67: 0 0 0 1 4 0
Case #68: 0 0 0 1 1 0
Case #69: 0 0 0 1 2 0
Case #70: 0 0 0 1 3 0
Case #71: 0 0 0 1 4 0
Case #72: 0 0 0 2 3 0
Case #73: 0 0 0 2 4 0
Case #74: 0 0 1 2 3 1
Case #75: 0 0 1 2 4 1
Case #76: 0 0 0 1 1 0
Case #77: 0 0 0 1 2 0
Case #78: 0 0 0 1 3 0
Case #79: 0 0 0 1 4 0
Case #80: 0 0 0 2 3 0
Case #81: 0 0 0 2 4 0
Case #82: 0 0 0 3 3 0
Case #83: 0 0 0 3 4 0
Case #84: 0 0 1 2 3 1
Case #85: 0 0 1 2 4 1
Case #86: 0 0 1 3 4 1
Case #87: 0 0 1 3 4 2
Case #88: 0 0 0 1 1 0
Case #89: 0 0 0 1 2 0
Case #90: 0 0 0 1 3 0
Case #91: 0 0 0 1 4 0
Case #92: 0 0 0 2 3 0
Case #93: 0 0 0 2 4 0
Case #94: 0 0 0 3 3 0
Case #95: 0 0 0 3 4 0
Case #96: 0 0 0 4 4 0
Case #97: 0 0 1 2 3 1
Case #98: 0 0 1 2 4 1
Case #99: 0 0 1 3 4 1
Case #100: 0 0 1 3 4 2
Case #101: 0 0 1 4 4 1
Case #102: 0 0 1 4 4 2
Case #103: 0 0 1 4 4 3
Case #104: IMPOSSIBLE
Case #105: IMPOSSIBLE
Case #106: IMPOSSIBLE
Case #107: IMPOSSIBLE
Case #108: IMPOSSIBLE
Case #109: IMPOSSIBLE
Case #110: IMPOSSIBLE
Case #111: IMPOSSIBLE
Case #112: IMPOSSIBLE
Case #113: IMPOSSIBLE
Case #114: IMPOSSIBLE
Case #115: IMPOSSIBLE
Case #116: IMPOSSIBLE
Case #117: IMPOSSIBLE
Case #118: IMPOSSIBLE
Case #119: IMPOSSIBLE
Case #120: IMPOSSIBLE
Case #121: IMPOSSIBLE
Case #122: IMPOSSIBLE
Case #123: IMPOSSIBLE
Case #124: IMPOSSIBLE
Case #125: IMPOSSIBLE
Case #126: IMPOSSIBLE
Case #127: IMPOSSIBLE
Case #128: IMPOSSIBLE
Case #129: IMPOSSIBLE
Case #130: IMPOSSIBLE
Case #131: IMPOSSIBLE
Case #132: IMPOSSIBLE
Case #133: IMPOSSIBLE
Case #134: IMPOSSIBLE
Case #135: IMPOSSIBLE
Case #136: IMPOSSIBLE
Case #137: IMPOSSIBLE
Case #138: IMPOSSIBLE
Case #139: IMPOSSIBLE
Case #140: IMPOSSIBLE
Case #141: IMPOSSIBLE
Case #142: IMPOSSIBLE
Case #143: IMPOSSIBLE
Case #144: IMPOSSIBLE
Case #145: IMPOSSIBLE
Case #146: IMPOSSIBLE
Case #147: IMPOSSIBLE
Case #148: IMPOSSIBLE
Case #149: IMPOSSIBLE
Case #150: IMPOSSIBLE
Case #151: IMPOSSIBLE
Case #152: IMPOSSIBLE
Case #153: IMPOSSIBLE
Case #154: IMPOSSIBLE
Case #155: IMPOSSIBLE
Case #156: IMPOSSIBLE
Case #157: IMPOSSIBLE
Case #158: IMPOSSIBLE
Case #159: IMPOSSIBLE
Case #160: IMPOSSIBLE
Case #161: IMPOSSIBLE
Case #162: IMPOSSIBLE
Case #163: IMPOSSIBLE
Case #164: IMPOSSIBLE
Case #165: IMPOSSIBLE
Case #166: IMPOSSIBLE
Case #167: IMPOSSIBLE
Case #168: IMPOSSIBLE
Case #169: IMPOSSIBLE
Case #170: IMPOSSIBLE
Case #171: IMPOSSIBLE
Case #172: IMPOSSIBLE
Case #173: IMPOSSIBLE
Case #174: IMPOSSIBLE
Case #175: IMPOSSIBLE
Case #176: IMPOSSIBLE
Case #177: IMPOSSIBLE
Case #178: IMPOSSIBLE
Case #179: 0 0 0 8 1 0
Case #180: 0 0 0 43 1 0
Case #181: 0 0 0 43 1 0
Case #182: 0 0 0 16 1 0
Case #183: 0 0 0 6 2 0
Case #184: 0 0 0 3 1 0
Case #185: 0 0 0 8 2 0
Case #186: 0 0 0 33 2 0
Case #187: 0 0 0 25 2 0
Case #188: 0 0 1 29 3 2
Case #189: 0 0 0 29 3 0
Case #190: 0 0 0 11 2 0
Case #191: 0 0 0 12 4 0
Case #192: 0 0 0 7 4 0
Case #193: 0 0 0 5 3 0
Case #194: 0 0 0 25 3 0
Case #195: 0 0 1 14 5 3
Case #196: 0 0 0 47 1 0
Case #197: 0 0 1 13 5 4
Case #198: 0 0 0 31 2 0
Case #199: 0 0 0 39 5 0
Case #200: 0 0 0 3 5 0
Case #201: 0 0 0 12 6 0
Case #202: 0 0 0 19 4 0
Case #203: 0 0 0 17 3 0
Case #204: 0 0 0 12 7 0
Case #205: 0 0 0 25 6 0
Case #206: 0 0 0 47 1 0
Case #207: 0 0 1 16 8 6
Case #208: 0 0 0 1 8 0
Case #209: 0 0 0 2 6 0
Case #210: 0 0 0 4 8 0
Case #211: 0 0 0 17 3 0
Case #212: 0 0 0 13 2 0
Case #213: 0 0 0 14 8 0
Case #214: 0 0 0 15 8 0
Case #215: 0 0 0 6 9 0
Case #216: 0 0 0 17 5 0
Case #217: 0 0 0 1 3 0
Case #218: 0 0 0 24 8 0
Case #219: 0 0 0 1 10 0
Case #220: 0 0 0 1 14 0
Case #221: 0 0 0 1 9 0
Case #222: 0 0 0 1 7 0
Case #223: 0 0 0 1 22 0
Case #224: 0 0 0 1 38 0
Case #225: 0 0 0 1 5 0
Case #226: 0 0 0 1 7 0
Case #227: 0 0 0 1 10 0
Case #228: 0 0 0 2 36 0
Case #229: 0 0 0 1 18 0
Case #230: 0 0 0 1 29 0
Case #231: 0 0 0 3 21 0
Case #232: 0 0 0 4 32 0
Case #233: 0 0 0 1 26 0
Case #234: 0 0 0 1 2 0
Case #235: 0 0 0 1 36 0
Case #236: 0 0 0 1 5 0
Case #237: 0 0 0 2 35 0
Case #238: 0 0 0 2 50 0
Case #239: 0 0 0 1 24 0
Case #240: 0 0 0 3 38 0
Case #241: 0 0 0 1 20 0
Case #242: 0 0 0 5 31 0
Case #243: 0 0 0 2 34 0
Case #244: 0 0 0 1 43 0
Case #245: 0 0 1 5 45 2
Case #246: 0 0 0 1 13 0
Case #247: 0 0 0 1 5 0
Case #248: 0 0 0 2 35 0
Case #249: 0 0 0 4 34 0
Case #250: 0 0 0 5 26 0
Case #251: 0 0 0 1 19 0
Case #252: 0 0 0 1 40 0
Case #253: 0 0 0 1 16 0
Case #254: 0 0 0 2 34 0
Case #255: 0 0 0 1 7 0
Case #256: 0 0 0 1 41 0
Case #257: 0 0 0 1 16 0
Case #258: 0 0 0 3 19 0
Case #259: 0 0 0 4 38 0
Case #260: 0 0 0 2 9 0
Case #261: 0 0 0 1 1 0
Case #262: 0 0 0 11 25 0
Case #263: 0 0 0 2 29 0
Case #264: 0 0 0 8 22 0
Case #265: 0 0 0 3 5 0
Case #266: 0 0 0 4 16 0
Case #267: 0 0 1 8 28 6
Case #268: 0 0 0 17 3 0
Case #269: 0 0 0 4 7 0
Case #270: 0 0 1 3 9 2
Case #271: 0 0 0 2 7 0
Case #272: 0 0 0 4 11 0
Case #273: 0 0 1 4 8 1
Case #274: 0 0 1 2 12 1
Case #275: 0 0 0 3 7 0
Case #276: 0 0 0 17 20 0
Case #277: 0 0 0 5 19 0
Case #278: 0 0 0 1 6 0
Case #279: 0 0 0 1 20 0
Case #280: 0 0 1 31 25 17
Case #281: 0 0 0 1 30 0
Case #282: 0 0 0 1 15 0
Case #283: 0 0 0 2 9 0
Case #284: 0 0 0 29 5 0
Case #285: 0 0 0 5 44 0
Case #286: 0 0 1 8 27 1
Case #287: 0 0 0 11 4 0
Case #288: 0 0 0 11 4 0
Case #289: 0 0 0 6 9 0
Case #290: 0 0 0 7 11 0
Case #291: 0 0 0 9 39 0
Case #292: 0 0 0 4 31 0
Case #293: 0 0 0 1 26 0
Case #294: 0 0 0 1 4 0
Case #295: 0 0 0 5 18 0
Case #296: 0 0 1 2 27 1
Case #297: 0 0 0 8 17 0
Case #298: 0 0 0 3 34 0
Case #299: 0 0 0 47 14 0
Case #300: 0 0 0 1 24 0
Case #301: 0 0 1 2 31 1
Case #302: 0 0 0 3 16 0
Case #303: 0 0 1 9 40 6
Case #304: 0 0 0 2 33 0
Case #305: 0 0 0 15 6 0
Case #306: 0 0 0 5 27 0
Case #307: 0 0 0 6 24 0
Case #308: 0 0 0 15 25 0
Case #309: 0 0 1 4 9 2
Case #310: 0 0 0 4 25 0
Case #311: 0 0 0 1 2 0
Case #312: 0 0 0 12 12 0
Case #313: 0 0 0 1 6 0
Case #314: 0 0 1 8 14 3
Case #315: 0 0 0 1 31 0
Case #316: 0 0 0 1 2 0
Case #317: 0 0 0 1 11 0
Case #318: 0 0 0 4 18 0
Case #319: 0 0 0 3 45 0
Case #320: 0 0 0 1 15 0
Case #321: 0 0 0 3 10 0
Case #322: 0 0 0 43 3 0
Case #323: 0 0 0 2 38 0
Case #324: 0 0 1 5 10 3
Case #325: 0 0 0 2 12 0
Case #326: 0 0 0 4 16 0
Case #327: 0 0 0 8 4 0
Case #328: 0 0 1 4 29 3
Case #329: 0 0 0 1 2 0
Case #330: 0 0 0 1 9 0
Case #331: 0 0 0 14 14 0
Case #332: 0 0 0 1 41 0
Case #333: 0 0 0 10 6 0
Case #334: 0 0 0 1 3 0
Case #335: 0 0 0 1 28 0
Case #336: 0 0 0 6 26 0
Case #337: 0 0 0 3 5 0
Case #338: 0 0 1 4 10 1
Case #339: 0 0 0 24 13 0
Case #340: 0 0 0 11 4 0
Case #341: 0 0 1 7 18 3
Case #342: 0 0 0 4 42 0
Case #343: 0 0 0 1 16 0
Case #344: 0 0 0 1 4 0
Case #345: 0 0 0 9 11 0
Case #346: 0 0 0 1 1 0
Case #347: 0 0 0 3 4 0
Case #348: 0 0 0 2 10 0
Case #349: 0 0 0 1 22 0
Case #350: 0 0 0 3 15 0
Case #351: 0 0 0 7 16 0
Case #352: 0 0 0 47 5 0
Case #353: 0 0 0 6 19 0
Case #354: 0 0 0 1 7 0
Case #355: 0 0 0 1 4 0
Case #356: 0 0 0 7 20 0
Case #357: 0 0 0 1 11 0
Case #358: 0 0 1 11 40 4
Case #359: 0 0 0 4 41 0
Case #360: 0 0 0 18 42 0
Case #361: 0 0 0 7 40 0
Case #362: 0 0 0 18 46 0
Case #363: 0 0 0 1 28 0
Case #364: 0 0 0 17 33 0
Case #365: 0 0 0 5 39 0
Case #366: 0 0 0 3 48 0
Case #367: 0 0 0 17 34 0
Case #368: 0 0 1 5 42 4
Case #369: 0 0 0 6 42 0
Case #370: 0 0 0 7 13 0
Case #371: 0 0 0 17 25 0
Case #372: 0 0 0 24 39 0
Case #373: 0 0 1 11 50 9
Case #374: 0 0 0 5 39 0
Case #375: 0 0 1 5 43 3
Case #376: 0 0 0 5 31 0
Case #377: 0 0 0 3 29 0
Case #378: 0 0 1 10 48 9
Case #379: 0 0 0 2 45 0
Case #380: 0 0 1 13 49 3
Case #381: 0 0 0 6 27 0
Case #382: 0 0 0 4 41 0
Case #383: 0 0 1 23 50 12
Case #384: 0 0 0 8 44 0
Case #385: 0 0 0 5 38 0
Case #386: 0 0 0 5 22 0
Case #387: 0 0 0 2 46 0
Case #388: 0 0 1 12 50 4
Case #389: 0 0 0 18 44 0
Case #390: 0 0 1 3 36 2
Case #391: 0 0 0 12 42 0
Case #392: 0 0 0 8 31 0
Case #393: 0 0 1 7 46 1
Case #394: 0 0 0 1 50 0
Case #395: 0 0 1 13 49 1
Case #396: 0 0 0 6 43 0
Case #397: 0 0 0 13 44 0
Case #398: 0 0 0 2 43 0
Case #399: 0 0 0 25 29 0
Case #400: 0 0 1 16 50 12
Case #401: 0 0 0 3 37 0
Case #402: 0 0 0 15 44 0
Case #403: 0 0 0 9 34 0
Case #404: 0 0 0 15 29 0
Case #405: 0 0 0 7 39 0
Case #406: 0 0 0 8 41 0
Case #407: 0 0 0 9 19 0
Case #408: 0 0 0 3 17 0
Case #409: 0 0 0 6 27 0
Case #410: 0 0 0 4 31 0
Case #411: 0 0 1 2 40 1
Case #412: 0 0 0 3 43 0
Case #413: 0 0 0 1 28 0
Case #414: 0 0 0 23 23 0
Case #415: 0 0 0 5 11 0
Case #416: 0 0 1 3 40 2
Case #417: 0 0 0 8 46 0
Case #418: 0 0 0 1 33 0
Case #419: 0 0 0 16 48 0
Case #420: 0 0 0 12 45 0
Case #421: 0 0 1 7 44 1
Case #422: 0 0 0 11 47 0
Case #423: 0 0 1 11 50 3
Case #424: 0 0 0 3 45 0
Case #425: 0 0 0 34 38 0
Case #426: 0 0 1 3 50 1
Case #427: 0 0 0 1 28 0
Case #428: 0 0 1 10 48 8
Case #429: 0 0 0 8 46 0
Case #430: 0 0 0 4 48 0
Case #431: 0 0 0 2 45 0
Case #432: 0 0 1 21 50 11
Case #433: 0 0 0 1 22 0
Case #434: 0 0 0 3 33 0
Case #435: 0 0 0 3 50 0
Case #436: 0 0 0 6 49 0
Case #437: 0 0 1 25 50 13
Case #438: 0 0 0 2 45 0
Case #439: 0 0 1 15 48 12
Case #440: 0 0 1 13 48 2
Case #441: 0 0 1 13 49 1
Case #442: 0 0 0 5 25 0
Case #443: 0 0 0 34 42 0
Case #444: 0 0 0 3 19 0
Case #445: 0 0 1 20 48 1
Case #446: 0 0 0 5 33 0
Case #447: 0 0 1 3 36 1
Case #448: 0 0 0 8 31 0
Case #449: 0 0 1 9 47 1
Case #450: 0 0 0 1 36 0
Case #451: 0 0 0 17 19 0
Case #452: 0 0 1 7 49 4
Case #453: 0 0 0 9 31 0
Case #454: 0 0 1 33 50 23
Case #455: 0 0 0 3 48 0
Case #456: 0 0 1 6 50 5
Case #457: 0 0 0 1 48 0
Case #458: 0 0 0 4 32 0
Case #459: 0 0 0 6 38 0
Case #460: 0 0 0 1 35 0
Case #461: 0 0 0 7 34 0
Case #462: 0 0 1 33 50 9
Case #463: 0 0 0 7 43 0
Case #464: 0 0 0 6 27 0
Case #465: 0 0 0 10 31 0
Case #466: 0 0 1 5 46 1
Case #467: 0 0 1 5 49 4
Case #468: 0 0 0 3 33 0
Case #469: 0 0 0 1 14 0
Case #470: 0 0 0 6 39 0
Case #471: 0 0 0 26 38 0
Case #472: 0 0 0 35 41 0
Case #473: 0 0 1 3 36 2
Case #474: 0 0 0 15 44 0
Case #475: 0 0 1 18 50 5
Case #476: 0 0 0 3 29 0
Case #477: 0 0 0 13 38 0
Case #478: 0 0 1 13 48 2
Case #479: 0 0 1 2 49 1
Case #480: 0 0 0 2 27 0
Case #481: 0 0 0 9 33 0
Case #482: 0 0 0 1 40 0
Case #483: 0 0 0 6 31 0
Case #484: 0 0 0 16 29 0
Case #485: 0 0 0 4 42 0
Case #486: 0 0 1 9 49 5
Case #487: 0 0 0 4 28 0
Case #488: 0 0 0 4 26 0
Case #489: 0 0 0 13 43 0
Case #490: 0 0 1 37 50 8
Case #491: 0 0 1 3 34 1
Case #492: 0 0 0 3 50 0
Case #493: 0 0 0 8 47 0
Case #494: 0 0 0 16 49 0
Case #495: 0 0 0 5 31 0
Case #496: 0 0 1 17 50 16
Case #497: 0 0 0 2 44 0
Case #498: 0 0 0 1 23 0
Case #499: 0 0 1 35 50 15
Case #500: 0 0 1 13 48 11
Case #501: 0 0 0 16 29 0
Case #502: 0 0 0 23 25 0
Case #503: 0 0 1 11 50 7
Case #504: 0 0 1 14 50 5
Case #505: 0 0 0 17 29 0
Case #506: 0 0 0 6 50 0
Case #507: 0 0 0 8 44 0
Case #508: 0 0 1 22 49 8
Case #509: 0 0 1 15 48 3
Case #510: 0 0 1 32 50 28
Case #511: 0 0 1 2 45 1
Case #512: 0 0 0 9 31 0
Case #513: 0 0 0 8 26 0
Case #514: 0 0 0 4 43 0
Case #515: 0 0 1 13 47 10
Case #516: 0 0 0 9 42 0
Case #517: 0 0 0 2 29 0
Case #518: 0 0 0 1 12 0
Case #519: 0 0 0 3 25 0
Case #520: 0 0 0 3 42 0
Case #521: 0 0 0 1 42 0
Case #522: 0 0 0 7 17 0
Case #523: 0 0 1 6 49 2
Case #524: 0 0 1 15 49 5
Case #525: 0 0 1 10 50 9
Case #526: 0 0 0 25 43 0
Case #527: 0 0 0 1 7 0
Case #528: 0 0 0 6 43 0
Case #529: 0 0 0 9 46 0
Case #530: 0 0 1 28 50 11
Case #531: 0 0 0 17 27 0
Case #532: 0 0 1 5 42 4
Case #533: 0 0 0 8 45 0
Case #534: 0 0 0 1 15 0
Case #535: 0 0 0 5 35 0
Case #536: 0 0 0 11 45 0
Case #537: 0 0 0 8 43 0
Case #538: 0 0 0 16 50 0
Case #539: 0 0 0 1 42 0
Case #540: 0 0 1 4 50 3
Case #541: 0 0 0 18 41 0
Case #542: 0 0 1 7 44 3
Case #543: 0 0 0 14 34 0
Case #544: 0 0 1 22 50 7
Case #545: 0 0 0 7 40 0
Case #546: 0 0 1 21 50 5
Case #547: 0 0 0 22 45 0
Case #548: 0 0 1 6 45 2
Case #549: 0 0 0 4 37 0
Case #550: 0 0 1 3 47 2
Case #551: 0 0 0 5 11 0
Case #552: 0 0 0 1 30 0
Case #553: 0 0 0 3 25 0
Case #554: 0 0 1 20 48 2
Case #555: 0 0 0 29 32 0
Case #556: 0 0 1 6 45 1
Case #557: 0 0 0 17 39 0
Case #558: 0 0 1 9 45 3
Case #559: 0 0 0 4 45 0
Case #560: 0 0 0 13 49 0
Case #561: 0 0 0 19 23 0
Case #562: 0 0 0 8 38 0
Case #563: 0 0 0 18 33 0
Case #564: 0 0 0 1 45 0
Case #565: 0 0 1 11 50 2
Case #566: 0 0 0 13 38 0
Case #567: 0 0 0 2 45 0
Case #568: 0 0 0 8 29 0
Case #569: 0 0 0 6 43 0
Case #570: 0 0 0 10 39 0
Case #571: 0 0 1 21 50 9
Case #572: 0 0 1 13 48 11
Case #573: 0 0 0 4 26 0
Case #574: 0 0 1 13 47 7
Case #575: 0 0 0 2 34 0
Case #576: 0 0 0 6 37 0
Case #577: 0 0 0 9 42 0
Case #578: 0 0 1 12 47 11
Case #579: 0 0 0 21 27 0
Case #580: 0 0 1 6 43 4
Case #581: 0 0 0 5 11 0
Case #582: 0 0 0 2 30 0
Case #583: 0 0 0 1 8 0
Case #584: 0 0 1 8 48 2
Case #585: 0 0 1 14 48 1
Case #586: 0 0 0 16 41 0
Case #587: 0 0 0 4 49 0
Case #588: 0 0 1 23 50 20
Case #589: 0 0 1 3 34 1
Case #590: 0 0 1 8 47 5
Case #591: 0 0 0 24 45 0
Case #592: 0 0 1 3 41 1
Case #593: 0 0 0 26 29 0
Case #594: 0 0 0 13 17 0
Case #595: 0 0 0 2 32 0
Case #596: 0 0 1 27 50 26
Case #597: 0 0 0 10 49 0
Case #598: 0 0 1 5 42 4
Case #599: 0 0 0 1 50 0
Case #600: 0 0 1 15 49 11
Case #601: 0 0 0 17 23 0
Case #602: 0 0 0 27 37 0
Case #603: 0 0 0 23 27 0
Case #604: 0 0 1 3 48 2
Case #605: 0 0 0 4 48 0
Case #606: 0 0 1 5 44 1
Case #607: 0 0 0 6 31 0
Case #608: 0 0 1 18 48 12
Case #609: 0 0 0 4 47 0
Case #610: 0 0 1 4 50 1
Case #611: 0 0 0 19 49 0
Case #612: 0 0 0 20 39 0
Case #613: 0 0 1 9 48 6
Case #614: 0 0 1 7 44 5
Case #615: 0 0 1 6 45 2
Case #616: 0 0 0 1 40 0
Case #617: 0 0 0 3 50 0
Case #618: 0 0 0 7 19 0
Case #619: 0 0 0 20 46 0
Case #620: 0 0 0 1 17 0
Case #621: 0 0 1 8 47 3
Case #622: 0 0 0 15 46 0
Case #623: 0 0 0 4 29 0
Case #624: 0 0 0 12 50 0
Case #625: 0 0 0 16 37 0
Case #626: 0 0 1 5 44 2
Case #627: 0 0 0 13 40 0
Case #628: 0 0 0 17 36 0
Case #629: 0 0 1 5 43 4
Case #630: 0 0 0 17 36 0
Case #631: 0 0 0 4 45 0
Case #632: 0 0 1 9 45 4
Case #633: 0 0 1 3 49 1
Case #634: 0 0 1 37 50 18
Case #635: 0 0 1 7 46 4
Case #636: 0 0 1 4 45 3
Case #637: 0 0 1 16 49 15
Case #638: 0 0 1 6 50 2
Case #639: 0 0 0 10 42 0
Case #640: 0 0 0 4 50 0
Case #641: 0 0 0 9 49 0
Case #642: 0 0 0 2 35 0
Case #643: 0 0 0 4 48 0
Case #644: 0 0 1 6 49 3
Case #645: 0 0 0 1 36 0
Case #646: 0 0 0 3 35 0
Case #647: 0 0 1 2 36 1
Case #648: 0 0 0 1 16 0
Case #649: 0 0 0 26 40 0
Case #650: 0 0 1 3 50 1
Case #651: 0 0 1 6 43 4
Case #652: 0 0 0 20 43 0
Case #653: 0 0 0 2 36 0
Case #654: 0 0 0 2 28 0
Case #655: 0 0 0 40 41 0
Case #656: 0 0 1 12 49 11
Case #657: 0 0 1 5 48 3
Case #658: 0 0 1 15 49 1
Case #659: 0 0 0 11 39 0
Case #660: 0 0 0 1 4 0
Case #661: 0 0 1 36 49 3
Case #662: 0 0 0 11 17 0
Case #663: 0 0 0 1 40 0
Case #664: 0 0 1 6 44 2
Case #665: 0 0 0 4 31 0
Case #666: 0 0 1 3 41 1
Case #667: 0 0 0 2 36 0
Case #668: 0 0 0 2 49 0
Case #669: 0 0 0 24 29 0
Case #670: 0 0 1 5 49 1
Case #671: 0 0 0 1 15 0
Case #672: 0 0 0 4 48 0
Case #673: 0 0 1 7 45 4
Case #674: 0 0 0 1 50 0
Case #675: 0 0 0 1 12 0
Case #676: 0 0 0 9 36 0
Case #677: 0 0 1 2 34 1
Case #678: 0 0 1 16 48 6
Case #679: 0 0 0 1 49 0
Case #680: 0 0 0 18 33 0
Case #681: 0 0 1 24 49 14
Case #682: 0 0 0 14 31 0
Case #683: 0 0 1 11 48 2
Case #684: 0 0 1 8 46 2
Case #685: 0 0 1 3 37 2
Case #686: 0 0 1 3 45 1
Case #687: 0 0 0 8 32 0
Case #688: 0 0 1 19 50 18
Case #689: 0 0 0 16 44 0
Case #690: 0 0 1 18 49 3
Case #691: 0 0 0 1 12 0
Case #692: 0 0 0 19 46 0
Case #693: 0 0 1 14 50 1
Case #694: 0 0 0 6 29 0
Case #695: 0 0 0 8 32 0
Case #696: 0 0 1 17 48 8
Case #697: 0 0 1 13 47 1
Case #698: 0 0 1 12 50 7
Case #699: 0 0 0 29 32 0
Case #700: 0 0 1 16 48 4
Case #701: 0 0 0 18 33 0
Case #702: 0 0 1 32 50 29
Case #703: 0 0 0 25 25 0
Case #704: 0 0 0 1 50 0
Case #705: 0 0 0 8 45 0
Case #706: 0 0 0 32 32 0
Case #707: 0 0 0 6 46 0
Case #708: 0 0 1 16 50 6
Case #709: 0 0 0 38 42 0
Case #710: 0 0 1 3 46 1
Case #711: 0 0 0 6 41 0
Case #712: 0 0 0 3 19 0
Case #713: 0 0 0 1 50 0
Case #714: 0 0 1 9 45 3
Case #715: 0 0 0 25 33 0
Case #716: 0 0 1 2 42 1
Case #717: 0 0 0 2 34 0
Case #718: 0 0 0 3 38 0
Case #719: 0 0 0 2 46 0
Case #720: 0 0 1 27 50 21
Case #721: 0 0 0 1 13 0
Case #722: 0 0 1 6 48 5
Case #723: 0 0 1 25 49 19
Case #724: 0 0 0 23 33 0
Case #725: 0 0 0 5 22 0
Case #726: 0 0 0 16 29 0
Case #727: 0 0 1 10 48 9
Case #728: 0 0 1 9 50 7
Case #729: 0 0 0 1 18 0
Case #730: 0 0 0 4 37 0
Case #731: 0 0 0 9 39 0
Case #732: 0 0 0 2 44 0
Case #733: 0 0 0 1 15 0
Case #734: 0 0 0 18 27 0
Case #735: 0 0 0 1 28 0
Case #736: 0 0 0 1 28 0
Case #737: 0 0 1 11 50 8
Case #738: 0 0 1 4 41 1
Case #739: 0 0 1 17 50 2
Case #740: 0 0 0 1 37 0
Case #741: 0 0 0 27 27 0
Case #742: 0 0 1 32 50 14
Case #743: 0 0 1 14 49 12
Case #744: 0 0 0 19 21 0
Case #745: 0 0 0 6 50 0
Case #746: 0 0 1 25 50 4
Case #747: 0 0 0 3 17 0
Case #748: 0 0 0 9 48 0
Case #749: 0 0 1 15 50 5
Case #750: 0 0 0 3 45 0
Case #751: 0 0 0 4 34 0
Case #752: 0 0 0 4 29 0
Case #753: 0 0 0 8 32 0
Case #754: 0 0 0 3 23 0
Case #755: 0 0 1 10 49 5
Case #756: 0 0 0 26 45 0
Case #757: 0 0 0 22 33 0
Case #758: 0 0 0 11 39 0
Case #759: 0 0 0 4 47 0
Case #760: 0 0 0 1 40 0
Case #761: 0 0 0 16 37 0
Case #762: 0 0 0 20 44 0
Case #763: 0 0 0 11 42 0
Case #764: 0 0 0 3 29 0
Case #765: 0 0 0 18 31 0
Case #766: 0 0 0 6 31 0
Case #767: 0 0 1 18 50 14
Case #768: 0 0 0 5 25 0
Case #769: 0 0 0 5 39 0
Case #770: 0 0 0 19 42 0
Case #771: 0 0 0 8 39 0
Case #772: 0 0 0 8 31 0
Case #773: 0 0 1 14 48 1
Case #774: 0 0 0 5 47 0
Case #775: 0 0 0 23 23 0
Case #776: 0 0 0 2 36 0
Case #777: 0 0 0 1 32 0
Case #778: 0 0 0 5 19 0
Case #779: 0 0 0 2 48 0
Case #780: 0 0 0 9 50 0
Case #781: 0 0 1 12 49 11
Case #782: 0 0 1 7 50 4
Case #783: 0 0 0 1 24 0
Case #784: 0 0 0 13 48 0
Case #785: 0 0 0 1 28 0
Case #786: 0 0 1 17 50 16
Case #787: 0 0 0 8 45 0
Case #788: 0 0 0 30 34 0
Case #789: 0 0 0 9 37 0
Case #790: 0 0 1 17 49 9
Case #791: 0 0 0 18 31 0
Case #792: 0 0 0 19 43 0
Case #793: 0 0 0 26 28 0
Case #794: 0 0 0 3 38 0
Case #795: 0 0 1 16 48 4
Case #796: 0 0 1 14 48 4
Case #797: 0 0 0 4 42 0
Case #798: 0 0 0 20 42 0
Case #799: 0 0 1 13 48 10
Case #800: 0 0 0 5 31 0
Case #801: 0 0 0 12 48 0
Case #802: 0 0 0 19 21 0
Case #803: 0 0 0 13 28 0
Case #804: 0 0 0 8 32 0
Case #805: 0 0 0 17 35 0
Case #806: 0 0 0 11 17 0
Case #807: 0 0 0 3 31 0
Case #808: 0 0 0 1 24 0
Case #809: 0 0 0 4 32 0
Case #810: 0 0 0 1 27 0
Case #811: 0 0 0 4 49 0
Case #812: 0 0 0 1 12 0
Case #813: 0 0 0 20 37 0
Case #814: 0 0 0 8 39 0
Case #815: 0 0 1 8 49 6
Case #816: 0 0 0 1 38 0
Case #817: 0 0 0 2 42 0
Case #818: 0 0 1 16 50 15
Case #819: 0 0 0 6 38 0
Case #820: 0 0 0 13 17 0
Case #821: 0 0 0 6 46 0
Case #822: 0 0 1 7 44 1
Case #823: 0 0 0 1 19 0
Case #824: 0 0 1 3 45 1
Case #825: 0 0 0 21 29 0
Case #826: 0 0 1 14 48 4
Case #827: 0 0 0 1 17 0
Case #828: 0 0 0 8 40 0
Case #829: 0 0 0 13 26 0
Case #830: 0 0 0 2 32 0
Case #831: 0 0 1 6 45 2
Case #832: 0 0 1 3 50 1
Case #833: 0 0 0 2 30 0
Case #834: 0 0 0 5 13 0
Case #835: 0 0 1 6 42 1
Case #836: 0 0 0 15 46 0
Case #837: 0 0 1 10 49 1
Case #838: 0 0 0 11 22 0
Case #839: 0 0 0 4 34 0
Case #840: 0 0 0 12 37 0
Case #841: 0 0 1 17 48 7
Case #842: 0 0 0 15 48 0
Case #843: 0 0 1 3 50 1
Case #844: 0 0 1 10 47 1
Case #845: 0 0 0 17 40 0
Case #846: 0 0 0 1 3 0
Case #847: 0 0 0 1 18 0
Case #848: 0 0 0 2 36 0
Case #849: 0 0 0 8 39 0
Case #850: 0 0 0 4 44 0
Case #851: 0 0 0 1 46 0
Case #852: 0 0 0 19 38 0
Case #853: 0 0 0 5 35 0
Case #854: 0 0 0 2 26 0
Case #855: 0 0 1 14 47 6
Case #856: 0 0 0 20 37 0
Case #857: 0 0 1 3 34 1
Case #858: 0 0 0 1 32 0
Case #859: 0 0 1 3 47 2
Case #860: 0 0 0 2 28 0
Case #861: 0 0 0 19 44 0
Case #862: 0 0 1 2 31 1
Case #863: 0 0 0 1 15 0
Case #864: 0 0 0 17 27 0
Case #865: 0 0 1 11 48 2
Case #866: 0 0 0 3 48 0
Case #867: 0 0 0 1 46 0
Case #868: 0 0 0 15 38 0
Case #869: 0 0 1 7 46 5
Case #870: 0 0 0 1 18 0
Case #871: 0 0 1 3 48 2
Case #872: 0 0 0 8 38 0
Case #873: 0 0 1 20 49 16
Case #874: 0 0 1 15 50 13
Case #875: 0 0 0 4 42 0
Case #876: 0 0 0 5 37 0
Case #877: 0 0 1 11 46 5
Case #878: 0 0 0 19 27 0
Case #879: 0 0 0 8 29 0
Case #880: 0 0 0 1 8 0
Case #881: 0 0 0 23 25 0
Case #882: 0 0 1 18 48 8
Case #883: 0 0 0 12 48 0
Case #884: 0 0 0 18 38 0
Case #885: 0 0 0 1 46 0
Case #886: 0 0 0 8 39 0
Case #887: 0 0 1 9 50 7
Case #888: 0 0 1 7 50 4
Case #889: 0 0 0 4 44 0
Case #890: 0 0 0 15 44 0
Case #891: 0 0 0 13 45 0
Case #892: 0 0 1 15 49 12
Case #893: 0 0 0 1 40 0
Case #894: 0 0 0 14 46 0
Case #895: 0 0 0 10 29 0
Case #896: 0 0 0 1 36 0
Case #897: 0 0 1 23 49 4
Case #898: 0 0 1 8 45 2
Case #899: 0 0 0 24 41 0
Case #900: 0 0 0 4 37 0
Case #901: 0 0 0 4 49 0
Case #902: 0 0 0 15 29 0
Case #903: 0 0 0 11 43 0
Case #904: 0 0 1 17 48 9
Case #905: 0 0 0 13 48 0
Case #906: 0 0 0 6 47 0
Case #907: 0 0 0 3 17 0
Case #908: 0 0 0 15 48 0
Case #909: 0 0 0 22 39 0
Case #910: 0 0 0 1 30 0
Case #911: 0 0 0 25 35 0
Case #912: 0 0 0 2 49 0
Case #913: 0 0 0 17 50 0
Case #914: 0 0 1 8 48 2
Case #915: 0 0 1 12 48 5
Case #916: 0 0 0 1 26 0
Case #917: 0 0 0 4 28 0
Case #918: 0 0 1 11 48 4
Case #919: 0 0 0 11 17 0
Case #920: 0 0 0 1 34 0
Case #921: 0 0 1 27 50 9
Case #922: 0 0 0 6 44 0
Case #923: 0 0 0 2 35 0
Case #924: 0 0 1 15 48 9
Case #925: 0 0 0 1 12 0
Case #926: 0 0 0 5 45 0
Case #927: 0 0 0 24 41 0
Case #928: 0 0 0 2 26 0
Case #929: 0 0 0 6 39 0
Case #930: 0 0 1 6 45 5
Case #931: 0 0 0 2 40 0
Case #932: 0 0 0 3 19 0
Case #933: 0 0 1 9 47 4
Case #934: 0 0 0 6 36 0
Case #935: 0 0 0 2 47 0
Case #936: 0 0 0 1 42 0
Case #937: 0 0 0 9 48 0
Case #938: 0 0 1 7 44 5
Case #939: 0 0 0 5 35 0
Case #940: 0 0 0 9 48 0
Case #941: 0 0 0 6 44 0
Case #942: 0 0 1 27 50 2
Case #943: 0 0 0 16 38 0
Case #944: 0 0 1 12 47 10
Case #945: 0 0 0 5 26 0
Case #946: 0 0 1 3 34 1
Case #947: 0 0 1 11 48 2
Case #948: 0 0 0 6 34 0
Case #949: 0 0 0 25 35 0
Case #950: 0 0 0 3 41 0
Case #951: 0 0 0 16 44 0
Case #952: 0 0 0 14 34 0
Case #953: 0 0 0 11 33 0
Case #954: 0 0 0 29 32 0
Case #955: 0 0 0 6 34 0
Case #956: 0 0 0 1 43 0
Case #957: 0 0 0 1 47 0
Case #958: 0 0 0 3 25 0
Case #959: 0 0 0 12 45 0
Case #960: 0 0 1 17 49 10
Case #961: 0 0 0 49 50 0
Case #962: 0 0 1 50 50 49
Case #963: 0 0 1 50 50 48
Case #964: 0 0 1 50 50 47
Case #965: 0 0 1 50 50 46
Case #966: 0 0 1 50 50 45
Case #967: 0 0 1 50 50 44
Case #968: 0 0 1 50 50 43
Case #969: 0 0 1 50 50 42
Case #970: 0 0 1 50 50 41
Case #971: 0 0 1 50 50 40
Case #972: 0 0 1 50 50 39
Case #973: 0 0 1 50 50 38
Case #974: 0 0 1 50 50 37
Case #975: 0 0 1 50 50 36
Case #976: 0 0 1 50 50 35
Case #977: 0 0 1 50 50 34
Case #978: 0 0 1 50 50 33
Case #979: 0 0 1 50 50 32
Case #980: 0 0 1 50 50 31
Case #981: 0 0 1 50 50 19
Case #982: 0 0 1 50 50 18
Case #983: 0 0 1 50 50 17
Case #984: 0 0 1 50 50 16
Case #985: 0 0 1 50 50 15
Case #986: 0 0 1 50 50 14
Case #987: 0 0 1 50 50 13
Case #988: 0 0 1 50 50 12
Case #989: 0 0 1 50 50 11
Case #990: 0 0 1 50 50 10
Case #991: 0 0 1 50 50 9
Case #992: 0 0 1 50 50 8
Case #993: 0 0 1 50 50 7
Case #994: 0 0 1 50 50 6
Case #995: 0 0 1 50 50 5
Case #996: 0 0 1 50 50 4
Case #997: 0 0 1 50 50 3
Case #998: 0 0 1 50 50 2
Case #999: 0 0 1 50 50 1
Case #1000: 0 0 0 50 50 0
