Case #1: NO
Case #2: 10
Case #3: 1
Case #4: 9936
Case #5: NO
Case #6: NO
Case #7: NO
Case #8: NO
Case #9: NO
Case #10: NO
Case #11: 15
Case #12: NO
Case #13: NO
Case #14: NO
Case #15: NO
Case #16: 9996
Case #17: NO
Case #18: 1
Case #19: NO
Case #20: NO
Case #21: 31
Case #22: 15
Case #23: 2310
Case #24: 2310
Case #25: 738
Case #26: NO
Case #27: 6
Case #28: NO
Case #29: 89
Case #30: NO
Case #31: NO
Case #32: NO
Case #33: NO
Case #34: NO
Case #35: 5040
Case #36: NO
Case #37: NO
Case #38: NO
Case #39: 10000
Case #40: NO
