Case #1: 52927.0
Case #2: 1049784.5
Case #3: 312235.5
Case #4: 110.0
Case #5: 2.33333333333333
Case #6: 55.0
Case #7: 244544.5
Case #8: 3.5
Case #9: 927897.5
Case #10: 24.3098972417523
