Case #1: 2.33333333333333
Case #2: 352018.0
Case #3: 6688.16666666667
Case #4: 14159.5
Case #5: 3.5
Case #6: 5333.4
Case #7: 13.3333333333333
Case #8: 35.25
Case #9: 14.2216767371601
Case #10: 15.0
