Case #1: 27
Case #2: 15
Case #3: 15
Case #4: 18
Case #5: 14
Case #6: 7
Case #7: 20
Case #8: 18
Case #9: 9
Case #10: 12
Case #11: 27
Case #12: 3
Case #13: 22
Case #14: 7
Case #15: 1
Case #16: 19
Case #17: 22
Case #18: 1
Case #19: 24
Case #20: 18
Case #21: 23
Case #22: 18
Case #23: 17
Case #24: 20
Case #25: 8
Case #26: 14
Case #27: 20
Case #28: 14
Case #29: 22
Case #30: 20
Case #31: 22
Case #32: 9
Case #33: 24
Case #34: 17
Case #35: 13
Case #36: 11
Case #37: 28
Case #38: 4
Case #39: 39
Case #40: 0
Case #41: 28
Case #42: 12
Case #43: 13
Case #44: 0
Case #45: 17
Case #46: 12
Case #47: 7
Case #48: 4
Case #49: 12
Case #50: 4
