Case #1: 1
Case #2: 2
Case #3: 4
Case #4: 1
Case #5: 1
Case #6: 1
Case #7: 1
Case #8: 1
Case #9: 3
Case #10: 3
Case #11: 0
Case #12: 1
Case #13: 3
Case #14: 5
Case #15: 1
Case #16: 2
Case #17: 2
Case #18: 1
Case #19: 3
Case #20: 5
Case #21: 3
Case #22: 1
Case #23: 1
Case #24: 5
Case #25: 3
Case #26: 4
Case #27: 1
Case #28: 1
Case #29: 2
Case #30: 0
Case #31: 1
Case #32: 0
Case #33: 0
Case #34: 0
Case #35: 4
Case #36: 0
Case #37: 4
Case #38: 3
Case #39: 3
Case #40: 1
Case #41: 3
Case #42: 1
Case #43: 5
