Case #1: YES
Case #2: YES
Case #3: YES
Case #4: YES
Case #5: YES
Case #6: YES
Case #7: YES
Case #8: YES
Case #9: YES
Case #10: YES
Case #11: YES
Case #12: YES
Case #13: YES
Case #14: NO
Case #15: YES
Case #16: YES
Case #17: YES
Case #18: YES
Case #19: YES
Case #20: YES
Case #21: YES
Case #22: YES
Case #23: YES
Case #24: YES
Case #25: YES
Case #26: YES
Case #27: YES
Case #28: YES
Case #29: NO
Case #30: YES
Case #31: YES
Case #32: YES
Case #33: YES
Case #34: YES
Case #35: NO
Case #36: YES
Case #37: YES
Case #38: YES
Case #39: YES
Case #40: YES
Case #41: YES
Case #42: NO
Case #43: YES
Case #44: YES
Case #45: NO
Case #46: YES
Case #47: YES
Case #48: YES
Case #49: NO
Case #50: YES
Case #51: NO
Case #52: YES
Case #53: NO
Case #54: NO
Case #55: NO
Case #56: NO
Case #57: NO
Case #58: YES
Case #59: NO
Case #60: YES
Case #61: YES
Case #62: NO
Case #63: NO
Case #64: YES
Case #65: YES
Case #66: YES
Case #67: YES
Case #68: NO
Case #69: YES
Case #70: NO
Case #71: NO
Case #72: YES
Case #73: YES
Case #74: NO
Case #75: YES
Case #76: YES
Case #77: YES
Case #78: NO
Case #79: NO
Case #80: YES
Case #81: YES
Case #82: YES
Case #83: NO
Case #84: YES
Case #85: YES
Case #86: YES
Case #87: NO
Case #88: YES
Case #89: YES
Case #90: NO
Case #91: YES
Case #92: YES
Case #93: YES
Case #94: YES
Case #95: YES
Case #96: YES
Case #97: YES
Case #98: YES
Case #99: NO
Case #100: NO
